###############################################################################
#
# IAR ELF Linker V8.20.1.14183/W32 for ARM                28/Aug/2019  10:05:07
# Copyright 2007-2017 IAR Systems AB.
#
#    Output file  =  
#        C:\Users\bayrem.gharsallaoui\Documents\STM32L4_Projects\freertos_adc_dma\EWARM\freertos_adc_dma\Exe\freertos_adc_dma.out
#    Map file     =  
#        C:\Users\bayrem.gharsallaoui\Documents\STM32L4_Projects\freertos_adc_dma\EWARM\freertos_adc_dma\List\freertos_adc_dma.map
#    Command line =  
#        -f C:\Users\BAYREM~1.GHA\AppData\Local\Temp\EWD817.tmp
#        (C:\Users\bayrem.gharsallaoui\Documents\STM32L4_Projects\freertos_adc_dma\EWARM\freertos_adc_dma\Obj\cmsis_os.o
#        C:\Users\bayrem.gharsallaoui\Documents\STM32L4_Projects\freertos_adc_dma\EWARM\freertos_adc_dma\Obj\croutine.o
#        C:\Users\bayrem.gharsallaoui\Documents\STM32L4_Projects\freertos_adc_dma\EWARM\freertos_adc_dma\Obj\event_groups.o
#        C:\Users\bayrem.gharsallaoui\Documents\STM32L4_Projects\freertos_adc_dma\EWARM\freertos_adc_dma\Obj\freertos.o
#        C:\Users\bayrem.gharsallaoui\Documents\STM32L4_Projects\freertos_adc_dma\EWARM\freertos_adc_dma\Obj\heap_4.o
#        C:\Users\bayrem.gharsallaoui\Documents\STM32L4_Projects\freertos_adc_dma\EWARM\freertos_adc_dma\Obj\list.o
#        C:\Users\bayrem.gharsallaoui\Documents\STM32L4_Projects\freertos_adc_dma\EWARM\freertos_adc_dma\Obj\main.o
#        C:\Users\bayrem.gharsallaoui\Documents\STM32L4_Projects\freertos_adc_dma\EWARM\freertos_adc_dma\Obj\port.o
#        C:\Users\bayrem.gharsallaoui\Documents\STM32L4_Projects\freertos_adc_dma\EWARM\freertos_adc_dma\Obj\portasm.o
#        C:\Users\bayrem.gharsallaoui\Documents\STM32L4_Projects\freertos_adc_dma\EWARM\freertos_adc_dma\Obj\queue.o
#        C:\Users\bayrem.gharsallaoui\Documents\STM32L4_Projects\freertos_adc_dma\EWARM\freertos_adc_dma\Obj\startup_stm32l476xx.o
#        C:\Users\bayrem.gharsallaoui\Documents\STM32L4_Projects\freertos_adc_dma\EWARM\freertos_adc_dma\Obj\stm32l4xx_hal.o
#        C:\Users\bayrem.gharsallaoui\Documents\STM32L4_Projects\freertos_adc_dma\EWARM\freertos_adc_dma\Obj\stm32l4xx_hal_adc.o
#        C:\Users\bayrem.gharsallaoui\Documents\STM32L4_Projects\freertos_adc_dma\EWARM\freertos_adc_dma\Obj\stm32l4xx_hal_adc_ex.o
#        C:\Users\bayrem.gharsallaoui\Documents\STM32L4_Projects\freertos_adc_dma\EWARM\freertos_adc_dma\Obj\stm32l4xx_hal_cortex.o
#        C:\Users\bayrem.gharsallaoui\Documents\STM32L4_Projects\freertos_adc_dma\EWARM\freertos_adc_dma\Obj\stm32l4xx_hal_dma.o
#        C:\Users\bayrem.gharsallaoui\Documents\STM32L4_Projects\freertos_adc_dma\EWARM\freertos_adc_dma\Obj\stm32l4xx_hal_dma_ex.o
#        C:\Users\bayrem.gharsallaoui\Documents\STM32L4_Projects\freertos_adc_dma\EWARM\freertos_adc_dma\Obj\stm32l4xx_hal_exti.o
#        C:\Users\bayrem.gharsallaoui\Documents\STM32L4_Projects\freertos_adc_dma\EWARM\freertos_adc_dma\Obj\stm32l4xx_hal_flash.o
#        C:\Users\bayrem.gharsallaoui\Documents\STM32L4_Projects\freertos_adc_dma\EWARM\freertos_adc_dma\Obj\stm32l4xx_hal_flash_ex.o
#        C:\Users\bayrem.gharsallaoui\Documents\STM32L4_Projects\freertos_adc_dma\EWARM\freertos_adc_dma\Obj\stm32l4xx_hal_flash_ramfunc.o
#        C:\Users\bayrem.gharsallaoui\Documents\STM32L4_Projects\freertos_adc_dma\EWARM\freertos_adc_dma\Obj\stm32l4xx_hal_gpio.o
#        C:\Users\bayrem.gharsallaoui\Documents\STM32L4_Projects\freertos_adc_dma\EWARM\freertos_adc_dma\Obj\stm32l4xx_hal_i2c.o
#        C:\Users\bayrem.gharsallaoui\Documents\STM32L4_Projects\freertos_adc_dma\EWARM\freertos_adc_dma\Obj\stm32l4xx_hal_i2c_ex.o
#        C:\Users\bayrem.gharsallaoui\Documents\STM32L4_Projects\freertos_adc_dma\EWARM\freertos_adc_dma\Obj\stm32l4xx_hal_msp.o
#        C:\Users\bayrem.gharsallaoui\Documents\STM32L4_Projects\freertos_adc_dma\EWARM\freertos_adc_dma\Obj\stm32l4xx_hal_pwr.o
#        C:\Users\bayrem.gharsallaoui\Documents\STM32L4_Projects\freertos_adc_dma\EWARM\freertos_adc_dma\Obj\stm32l4xx_hal_pwr_ex.o
#        C:\Users\bayrem.gharsallaoui\Documents\STM32L4_Projects\freertos_adc_dma\EWARM\freertos_adc_dma\Obj\stm32l4xx_hal_rcc.o
#        C:\Users\bayrem.gharsallaoui\Documents\STM32L4_Projects\freertos_adc_dma\EWARM\freertos_adc_dma\Obj\stm32l4xx_hal_rcc_ex.o
#        C:\Users\bayrem.gharsallaoui\Documents\STM32L4_Projects\freertos_adc_dma\EWARM\freertos_adc_dma\Obj\stm32l4xx_hal_tim.o
#        C:\Users\bayrem.gharsallaoui\Documents\STM32L4_Projects\freertos_adc_dma\EWARM\freertos_adc_dma\Obj\stm32l4xx_hal_tim_ex.o
#        C:\Users\bayrem.gharsallaoui\Documents\STM32L4_Projects\freertos_adc_dma\EWARM\freertos_adc_dma\Obj\stm32l4xx_hal_timebase_tim.o
#        C:\Users\bayrem.gharsallaoui\Documents\STM32L4_Projects\freertos_adc_dma\EWARM\freertos_adc_dma\Obj\stm32l4xx_it.o
#        C:\Users\bayrem.gharsallaoui\Documents\STM32L4_Projects\freertos_adc_dma\EWARM\freertos_adc_dma\Obj\stream_buffer.o
#        C:\Users\bayrem.gharsallaoui\Documents\STM32L4_Projects\freertos_adc_dma\EWARM\freertos_adc_dma\Obj\system_stm32l4xx.o
#        C:\Users\bayrem.gharsallaoui\Documents\STM32L4_Projects\freertos_adc_dma\EWARM\freertos_adc_dma\Obj\tasks.o
#        C:\Users\bayrem.gharsallaoui\Documents\STM32L4_Projects\freertos_adc_dma\EWARM\freertos_adc_dma\Obj\timers.o
#        --redirect _Printf=_PrintfFull --redirect _Scanf=_ScanfFull -o
#        C:\Users\bayrem.gharsallaoui\Documents\STM32L4_Projects\freertos_adc_dma\EWARM\freertos_adc_dma\Exe\freertos_adc_dma.out
#        --map
#        C:\Users\bayrem.gharsallaoui\Documents\STM32L4_Projects\freertos_adc_dma\EWARM\freertos_adc_dma\List\freertos_adc_dma.map
#        --config
#        C:\Users\bayrem.gharsallaoui\Documents\STM32L4_Projects\freertos_adc_dma\EWARM/stm32l476xx_flash.icf
#        --semihosting --entry __iar_program_start --vfe --text_out locale)
#
###############################################################################

*******************************************************************************
*** RUNTIME MODEL ATTRIBUTES
***

CppFlavor       = *
__Heap_Handler  = Basic
__SystemLibrary = DLib
__dlib_version  = 6


*******************************************************************************
*** HEAP SELECTION
***

The basic heap was selected because no calls to memory allocation
functions were found in the application outside of system library
functions, and there are calls to deallocation functions in the
application.


*******************************************************************************
*** PLACEMENT SUMMARY
***

"A0":  place at 0x08000000 { ro section .intvec };
"P1":  place in [from 0x08000000 to 0x080fffff] { ro };
define block CSTACK with size = 1K, alignment = 8 { };
define block HEAP with size = 512, alignment = 8 { };
"P2":  place in [from 0x20000000 to 0x20017fff] {
          rw, block CSTACK, block HEAP };
"P3":  place in [from 0x20000000 to 0x20017fff] { };
initialize by copy { rw };

  Section            Kind        Address    Size  Object
  -------            ----        -------    ----  ------
"A0":                                      0x188
  .intvec            ro code  0x08000000   0x188  startup_stm32l476xx.o [1]
                            - 0x08000188   0x188

"P1":                                     0x55f1
  .text              ro code  0x08000188   0xf4e  xprintffull.o [3]
  .text              ro code  0x080010d6    0x7a  lz77_init_single.o [5]
  .text              ro code  0x08001150    0x78  xlocale_c.o [3]
  .text              ro code  0x080011c8    0x16  strchr.o [5]
  .text              ro code  0x080011de    0x1e  xencoding_8859_1.o [3]
  .text              ro code  0x080011fc    0x44  xfail_s.o [3]
  .text              ro code  0x08001240    0x36  strlen.o [5]
  .text              ro code  0x08001278    0x58  memchr.o [5]
  .text              ro code  0x080012d0     0xa  xmbcurmax.o [3]
  .text              ro code  0x080012dc    0xa6  ABImemcpy.o [5]
  .text              ro code  0x08001384   0x22e  I64DivMod.o [5]
  .text              ro code  0x080015b4   0x1a2  DblMul.o [4]
  .text              ro code  0x08001758    0x70  frexp.o [4]
  .text              ro code  0x080017c8    0x2e  DblCmpLe.o [4]
  .text              ro code  0x080017f8    0x2e  DblCmpGe.o [4]
  .text              ro code  0x08001828   0x13a  ldexp.o [4]
  .text              ro code  0x08001964    0x3a  DblToS32.o [4]
  .text              ro code  0x080019a0    0x22  S32ToDbl.o [4]
  .text              ro code  0x080019c4    0xe2  DblSub.o [4]
  .text              ro code  0x08001aa8   0x246  DblDiv.o [4]
  .text              ro code  0x08001cf0    0x28  DblToU32.o [4]
  .text              ro code  0x08001d18    0x1a  U32ToDbl.o [4]
  .text              ro code  0x08001d32     0x6  abort.o [3]
  .text              ro code  0x08001d38     0x2  I64DivZer.o [5]
  .text              ro code  0x08001d3c   0x168  DblAdd.o [4]
  .text              ro code  0x08001ea4    0x14  exit.o [6]
  .text              ro code  0x08001eb8    0x7c  iarttio.o [6]
  .text              ro code  0x08001f34    0x3c  XShttio.o [3]
  .text              ro code  0x08001f70   0xa52  stm32l4xx_hal_adc.o [1]
  .text              ro code  0x080029c4    0xb4  stm32l4xx_hal_msp.o [1]
  .text              ro code  0x08002a78   0x232  stm32l4xx_hal_dma.o [1]
  .text              ro code  0x08002caa     0x2  stm32l4xx_hal_adc_ex.o [1]
  .text              ro code  0x08002cac   0x324  main.o [1]
  .text              ro code  0x08002fd0   0x16e  stm32l4xx_hal_adc_ex.o [1]
  .text              ro code  0x0800313e     0x2  stm32l4xx_hal_adc.o [1]
  .text              ro code  0x08003140     0x2  stm32l4xx_hal_adc_ex.o [1]
  .text              ro code  0x08003142     0x2  stm32l4xx_hal_adc_ex.o [1]
  .text              ro code  0x08003144     0x2  stm32l4xx_hal_adc.o [1]
  .text              ro code  0x08003146     0x2  stm32l4xx_hal_adc_ex.o [1]
  .text              ro code  0x08003148     0xc  stm32l4xx_hal.o [1]
  .text              ro code  0x08003154    0x9c  stm32l4xx_hal_cortex.o [1]
  .text              ro code  0x080031f0    0x1e  stm32l4xx_hal.o [1]
  .text              ro code  0x08003210    0x52  cmsis_os.o [1]
  .text              ro code  0x08003264     0x6  ABImemclr4.o [5]
  .text              ro code  0x0800326c   0x720  stm32l4xx_hal_rcc.o [1]
  .text              ro code  0x0800398c   0x538  stm32l4xx_hal_rcc_ex.o [1]
  .text              ro code  0x08003ec4    0x80  stm32l4xx_hal_pwr_ex.o [1]
  .text              ro code  0x08003f44    0x28  printf.o [3]
  .text              ro code  0x08003f6c    0x10  stm32l4xx_hal.o [1]
  .text              ro code  0x08003f7c    0x78  stm32l4xx_hal_timebase_tim.o [1]
  .text              ro code  0x08003ff4   0x518  tasks.o [1]
  .text              ro code  0x0800450c    0x32  ABImemset48.o [5]
  .text              ro code  0x08004540   0x29e  stm32l4xx_hal_tim.o [1]
  .text              ro code  0x080047e0   0x1b0  heap_4.o [1]
  .text              ro code  0x08004990    0x90  list.o [1]
  .text              ro code  0x08004a20   0x1b8  port.o [1]
  .text              ro code  0x08004bd8     0x2  stm32l4xx_hal_tim.o [1]
  .text              ro code  0x08004bda     0x2  stm32l4xx_hal_tim.o [1]
  .text              ro code  0x08004bdc     0x2  stm32l4xx_hal_tim_ex.o [1]
  .text              ro code  0x08004bde     0x2  stm32l4xx_hal_tim_ex.o [1]
  .text              ro code  0x08004be0     0x2  stm32l4xx_hal_tim.o [1]
  .text              ro code  0x08004be2     0x2  stm32l4xx_hal_tim_ex.o [1]
  .text              ro code  0x08004be4     0x2  stm32l4xx_hal_tim.o [1]
  CODE               ro code  0x08004be8    0xb0  portasm.o [1]
  .text              ro code  0x08004c98   0x140  heap0.o [3]
  .text              ro code  0x08004dd8    0x2c  xgetmemchunk.o [3]
  .text              ro code  0x08004e04    0xd8  xfspos.o [3]
  .text              ro code  0x08004edc    0xac  fflush.o [3]
  .text              ro code  0x08004f88     0xc  xfgpos.o [3]
  .text              ro code  0x08004f94    0x4a  lseek.o [6]
  .text              ro code  0x08004fde    0x10  write.o [6]
  .text              ro code  0x08004ff0    0xcc  XShHandles.o [3]
  .text              ro code  0x080050bc    0x1e  dwrite.o [6]
  .text              ro code  0x080050da    0x20  iarwstd.o [6]
  .text              ro code  0x080050fa    0x22  iarwrite.o [6]
  .text              ro code  0x0800511c    0xb4  xfwprep.o [3]
  .text              ro code  0x080051d0    0x24  fseek.o [3]
  .text              ro code  0x080051f4    0x8c  system_stm32l4xx.o [1]
  .text              ro code  0x08005280    0x7e  fclose.o [3]
  .text              ro code  0x08005300    0x7c  xfofind.o [3]
  .text              ro code  0x0800537c     0x4  heaptramp0.o [3]
  .text              ro code  0x08005380    0x18  close.o [6]
  .text              ro code  0x08005398    0x14  remove.o [6]
  .text              ro code  0x080053ac    0x54  fputc.o [3]
  .text              ro code  0x08005400    0x40  zero_init3.o [5]
  .text              ro code  0x08005440    0x3c  xcloseall.o [3]
  .text              ro code  0x0800547c    0x2c  stm32l4xx_it.o [1]
  .text              ro code  0x080054a8    0x28  data_init.o [5]
  .text              ro code  0x080054d0    0x22  fpinit_M.o [4]
  .iar.init_table    const    0x080054f4    0x20  - Linker created -
  .text              ro code  0x08005514    0x1e  cmain.o [5]
  .text              ro code  0x08005532     0x4  low_level_init.o [3]
  .text              ro code  0x08005536     0x4  exit.o [3]
  .text              ro code  0x0800553c     0xe  cexit.o [5]
  .text              ro code  0x0800554a    0x16  xprout.o [3]
  .text              ro code  0x08005560     0xc  putchar.o [3]
  .rodata            const    0x0800556c    0x14  main.o [1]
  .text              ro code  0x08005580    0x10  startup_stm32l476xx.o [1]
  .text              ro code  0x08005590     0xc  cstartup_M.o [5]
  .rodata            const    0x0800559c     0x8  system_stm32l4xx.o [1]
  .rodata            const    0x080055a4     0x6  xlocale_c.o [3]
  .text              ro code  0x080055aa     0x4  startup_stm32l476xx.o [1]
  .text              ro code  0x080055ae     0x4  startup_stm32l476xx.o [1]
  .text              ro code  0x080055b2     0x4  startup_stm32l476xx.o [1]
  .text              ro code  0x080055b6     0x4  startup_stm32l476xx.o [1]
  .text              ro code  0x080055ba     0x4  startup_stm32l476xx.o [1]
  .text              ro code  0x080055be     0x4  startup_stm32l476xx.o [1]
  .text              ro code  0x080055c2     0x4  startup_stm32l476xx.o [1]
  .text              ro code  0x080055c6     0x4  startup_stm32l476xx.o [1]
  .text              ro code  0x080055ca     0x4  startup_stm32l476xx.o [1]
  .text              ro code  0x080055ce     0x4  startup_stm32l476xx.o [1]
  .text              ro code  0x080055d2     0x4  startup_stm32l476xx.o [1]
  .text              ro code  0x080055d6     0x4  startup_stm32l476xx.o [1]
  .text              ro code  0x080055da     0x4  startup_stm32l476xx.o [1]
  .text              ro code  0x080055de     0x4  startup_stm32l476xx.o [1]
  .text              ro code  0x080055e2     0x4  startup_stm32l476xx.o [1]
  .text              ro code  0x080055e6     0x4  startup_stm32l476xx.o [1]
  .text              ro code  0x080055ea     0x4  startup_stm32l476xx.o [1]
  .text              ro code  0x080055ee     0x4  startup_stm32l476xx.o [1]
  .text              ro code  0x080055f2     0x4  startup_stm32l476xx.o [1]
  .text              ro code  0x080055f6     0x4  startup_stm32l476xx.o [1]
  .text              ro code  0x080055fa     0x4  startup_stm32l476xx.o [1]
  .text              ro code  0x080055fe     0x4  startup_stm32l476xx.o [1]
  .text              ro code  0x08005602     0x4  startup_stm32l476xx.o [1]
  .text              ro code  0x08005606     0x4  startup_stm32l476xx.o [1]
  .text              ro code  0x0800560a     0x4  startup_stm32l476xx.o [1]
  .text              ro code  0x0800560e     0x4  startup_stm32l476xx.o [1]
  .text              ro code  0x08005612     0x4  startup_stm32l476xx.o [1]
  .text              ro code  0x08005616     0x4  startup_stm32l476xx.o [1]
  .text              ro code  0x0800561a     0x4  startup_stm32l476xx.o [1]
  .text              ro code  0x0800561e     0x4  startup_stm32l476xx.o [1]
  .text              ro code  0x08005622     0x4  startup_stm32l476xx.o [1]
  .text              ro code  0x08005626     0x4  startup_stm32l476xx.o [1]
  .text              ro code  0x0800562a     0x4  startup_stm32l476xx.o [1]
  .text              ro code  0x0800562e     0x4  startup_stm32l476xx.o [1]
  .text              ro code  0x08005632     0x4  startup_stm32l476xx.o [1]
  .text              ro code  0x08005636     0x4  startup_stm32l476xx.o [1]
  .text              ro code  0x0800563a     0x4  startup_stm32l476xx.o [1]
  .text              ro code  0x0800563e     0x4  startup_stm32l476xx.o [1]
  .text              ro code  0x08005642     0x4  startup_stm32l476xx.o [1]
  .text              ro code  0x08005646     0x4  startup_stm32l476xx.o [1]
  .text              ro code  0x0800564a     0x4  startup_stm32l476xx.o [1]
  .text              ro code  0x0800564e     0x4  startup_stm32l476xx.o [1]
  .text              ro code  0x08005652     0x4  startup_stm32l476xx.o [1]
  .text              ro code  0x08005656     0x4  startup_stm32l476xx.o [1]
  .text              ro code  0x0800565a     0x4  startup_stm32l476xx.o [1]
  .text              ro code  0x0800565e     0x4  startup_stm32l476xx.o [1]
  .text              ro code  0x08005662     0x4  startup_stm32l476xx.o [1]
  .text              ro code  0x08005666     0x4  startup_stm32l476xx.o [1]
  .text              ro code  0x0800566a     0x4  startup_stm32l476xx.o [1]
  .text              ro code  0x0800566e     0x4  startup_stm32l476xx.o [1]
  .text              ro code  0x08005672     0x4  startup_stm32l476xx.o [1]
  .text              ro code  0x08005676     0x4  startup_stm32l476xx.o [1]
  .text              ro code  0x0800567a     0x4  startup_stm32l476xx.o [1]
  .text              ro code  0x0800567e     0x4  startup_stm32l476xx.o [1]
  .text              ro code  0x08005682     0x4  startup_stm32l476xx.o [1]
  .text              ro code  0x08005686     0x4  startup_stm32l476xx.o [1]
  .text              ro code  0x0800568a     0x4  startup_stm32l476xx.o [1]
  .text              ro code  0x0800568e     0x4  startup_stm32l476xx.o [1]
  .text              ro code  0x08005692     0x4  startup_stm32l476xx.o [1]
  .text              ro code  0x08005696     0x4  startup_stm32l476xx.o [1]
  .text              ro code  0x0800569a     0x4  startup_stm32l476xx.o [1]
  .text              ro code  0x0800569e     0x4  startup_stm32l476xx.o [1]
  .text              ro code  0x080056a2     0x4  startup_stm32l476xx.o [1]
  .text              ro code  0x080056a6     0x4  startup_stm32l476xx.o [1]
  .text              ro code  0x080056aa     0x4  startup_stm32l476xx.o [1]
  .text              ro code  0x080056ae     0x4  startup_stm32l476xx.o [1]
  .text              ro code  0x080056b2     0x4  startup_stm32l476xx.o [1]
  .text              ro code  0x080056b6     0x4  startup_stm32l476xx.o [1]
  .text              ro code  0x080056ba     0x4  startup_stm32l476xx.o [1]
  .text              ro code  0x080056be     0x4  startup_stm32l476xx.o [1]
  .text              ro code  0x080056c2     0x4  startup_stm32l476xx.o [1]
  .text              ro code  0x080056c6     0x4  startup_stm32l476xx.o [1]
  .text              ro code  0x080056ca     0x4  startup_stm32l476xx.o [1]
  .text              ro code  0x080056ce     0x4  startup_stm32l476xx.o [1]
  .text              ro code  0x080056d2     0x4  startup_stm32l476xx.o [1]
  .text              ro code  0x080056d6     0x4  startup_stm32l476xx.o [1]
  .text              ro code  0x080056da     0x4  startup_stm32l476xx.o [1]
  .text              ro code  0x080056de     0x4  startup_stm32l476xx.o [1]
  .text              ro code  0x080056e4     0x0  cstart_closeall.o [5]
  .rodata            const    0x080056e4     0x0  zero_init3.o [5]
  .rodata            const    0x080056e4     0x0  lz77_init_single.o [5]
  Initializer bytes  const    0x080056e4    0x95  <for P2-P3-1>
                            - 0x08005779  0x55f1

"P2-P3", part 1 of 3:                      0x19c
  P2-P3-1                     0x20000000   0x19c  <Init block>
    .data            inited   0x20000000     0xc  port.o [1]
    .data            inited   0x2000000c     0xc  stm32l4xx_hal.o [1]
    .data            inited   0x20000018     0x4  system_stm32l4xx.o [1]
    .data            inited   0x2000001c    0x38  xlocale_c.o [3]
    .data            inited   0x20000054    0x48  xlocale_c.o [3]
    .data            inited   0x2000009c    0x48  xfiles.o [3]
    .data            inited   0x200000e4    0x48  xfiles.o [3]
    .data            inited   0x2000012c    0x48  xfiles.o [3]
    .data            inited   0x20000174    0x20  xfiles.o [3]
    .data            inited   0x20000194     0x8  XShttio.o [3]
                            - 0x2000019c   0x19c

"P2-P3", part 2 of 3:                      0xfac
  .bss               zero     0x2000019c   0xbd0  heap_4.o [1]
  .bss               zero     0x20000d6c    0xa0  tasks.o [1]
  .bss               zero     0x20000e0c    0x8c  tasks.o [1]
  .bss               zero     0x20000e98    0x80  main.o [1]
  .bss               zero     0x20000f18    0x80  XShHandles.o [3]
  .bss               zero     0x20000f98    0x64  main.o [1]
  .bss               zero     0x20000ffc    0x50  xfiles.o [3]
  .bss               zero     0x2000104c    0x50  xfiles.o [3]
  .bss               zero     0x2000109c    0x48  main.o [1]
  .bss               zero     0x200010e4    0x40  stm32l4xx_hal_timebase_tim.o [1]
  .bss               zero     0x20001124     0x8  main.o [1]
  .bss               zero     0x2000112c     0x8  main.o [1]
  .bss               zero     0x20001134     0x8  heap0.o [3]
  .bss               zero     0x2000113c     0x4  xfail_s.o [3]
  .bss               zero     0x20001140     0x4  xgetmemchunk.o [3]
  .bss               zero     0x20001144     0x1  XShttio.o [3]
                            - 0x20001145   0xfa9

"P2-P3", part 3 of 3:                      0x600
  CSTACK                      0x20001148   0x400  <Block>
    CSTACK           uninit   0x20001148   0x400  <Block tail>
  HEAP                        0x20001548   0x200  <Block>
    HEAP             uninit   0x20001548   0x200  <Block tail>
                            - 0x20001748   0x600


*******************************************************************************
*** INIT TABLE
***

          Address     Size
          -------     ----
Zero (__iar_zero_init3)
    1 destination range, total size 0xfa9:
          0x2000019c  0xfa9

Copy/lz77 (__iar_lz77_init_single3)
    1 source range, total size 0x95 (36% of destination):
          0x080056e4   0x95
    1 destination range, total size 0x19c:
          0x20000000  0x19c



*******************************************************************************
*** MODULE SUMMARY
***

    Module                        ro code  ro data  rw data
    ------                        -------  -------  -------
C:\Users\bayrem.gharsallaoui\Documents\STM32L4_Projects\freertos_adc_dma\EWARM\freertos_adc_dma\Obj: [1]
    cmsis_os.o                         82
    heap_4.o                          432             3 024
    list.o                            144
    main.o                            804       20      316
    port.o                            440        4       12
    portasm.o                         176
    startup_stm32l476xx.o             720
    stm32l4xx_hal.o                    58        4       12
    stm32l4xx_hal_adc.o             2 646
    stm32l4xx_hal_adc_ex.o            374
    stm32l4xx_hal_cortex.o            156
    stm32l4xx_hal_dma.o               562
    stm32l4xx_hal_msp.o               180
    stm32l4xx_hal_pwr_ex.o            128
    stm32l4xx_hal_rcc.o             1 824
    stm32l4xx_hal_rcc_ex.o          1 336
    stm32l4xx_hal_tim.o               678
    stm32l4xx_hal_tim_ex.o              6
    stm32l4xx_hal_timebase_tim.o      120                64
    stm32l4xx_it.o                     44
    system_stm32l4xx.o                140       10        4
    tasks.o                         1 304               300
    -------------------------------------------------------
    Total:                         12 354       38    3 732

command line: [2]
    -------------------------------------------------------
    Total:

dl7M_tlf.a: [3]
    XShHandles.o                      204               128
    XShttio.o                          60        3        9
    abort.o                             6
    exit.o                              4
    fclose.o                          126
    fflush.o                          172
    fputc.o                            84
    fseek.o                            36
    heap0.o                           320                 8
    heaptramp0.o                        4
    low_level_init.o                    4
    printf.o                           40
    putchar.o                          12
    xcloseall.o                        60
    xencoding_8859_1.o                 30
    xfail_s.o                          68                 4
    xfgpos.o                           12
    xfiles.o                                    90      408
    xfofind.o                         124
    xfspos.o                          216
    xfwprep.o                         180
    xgetmemchunk.o                     44                 4
    xlocale_c.o                       120       52      128
    xmbcurmax.o                        10
    xprintffull.o                   3 918
    xprout.o                           22
    -------------------------------------------------------
    Total:                          5 876      145      689

m7M_tls.a: [4]
    DblAdd.o                          360
    DblCmpGe.o                         46
    DblCmpLe.o                         46
    DblDiv.o                          582
    DblMul.o                          418
    DblSub.o                          226
    DblToS32.o                         58
    DblToU32.o                         40
    S32ToDbl.o                         34
    U32ToDbl.o                         26
    fpinit_M.o                         34
    frexp.o                           112
    ldexp.o                           314
    -------------------------------------------------------
    Total:                          2 296

rt7M_tl.a: [5]
    ABImemclr4.o                        6
    ABImemcpy.o                       166
    ABImemset48.o                      50
    I64DivMod.o                       558
    I64DivZer.o                         2
    cexit.o                            14
    cmain.o                            30
    cstart_closeall.o
    cstartup_M.o                       12
    data_init.o                        40
    lz77_init_single.o                122
    memchr.o                           88
    strchr.o                           22
    strlen.o                           54
    zero_init3.o                       64
    -------------------------------------------------------
    Total:                          1 228

shb_l.a: [6]
    close.o                            24
    dwrite.o                           30
    exit.o                             20
    iarttio.o                         124
    iarwrite.o                         34
    iarwstd.o                          32
    lseek.o                            74
    remove.o                           20
    write.o                            16
    -------------------------------------------------------
    Total:                            374

    Gaps                               48        2
    Linker created                              32    1 536
-----------------------------------------------------------
    Grand Total:                   22 176      217    5 957


*******************************************************************************
*** ENTRY LIST
***

Entry                      Address   Size  Type      Object
-----                      -------   ----  ----      ------
.iar.init_table$$Base   0x080054f4          --   Gb  - Linker created -
.iar.init_table$$Limit  0x08005514          --   Gb  - Linker created -
?main                   0x08005515         Code  Gb  cmain.o [5]
ADC1_2_IRQHandler       0x0800548f    0x6  Code  Gb  stm32l4xx_it.o [1]
ADC_DMAConvCplt         0x08002939   0x6a  Code  Gb  stm32l4xx_hal_adc.o [1]
ADC_DMAError            0x080029ad   0x16  Code  Gb  stm32l4xx_hal_adc.o [1]
ADC_DMAHalfConvCplt     0x080029a5    0x6  Code  Gb  stm32l4xx_hal_adc.o [1]
ADC_Disable             0x080028af   0x50  Code  Gb  stm32l4xx_hal_adc.o [1]
ADC_Enable              0x08002847   0x4e  Code  Gb  stm32l4xx_hal_adc.o [1]
AHBPrescTable           0x08005240   0x10  Data  Gb  system_stm32l4xx.o [1]
APBPrescTable           0x0800559c    0x8  Data  Gb  system_stm32l4xx.o [1]
Aldata                  0x20001134    0x8  Data  Lc  heap0.o [3]
BusFault_Handler        0x08005483    0x2  Code  Gb  stm32l4xx_it.o [1]
CSTACK$$Base            0x20001148          --   Gb  - Linker created -
CSTACK$$Limit           0x20001548          --   Gb  - Linker created -
CacheMore               0x08001155   0x24  Code  Lc  xlocale_c.o [3]
DMA1_Channel1_IRQHandler
                        0x08005489    0x6  Code  Gb  stm32l4xx_it.o [1]
DMA_SetConfig           0x08002c83   0x28  Code  Lc  stm32l4xx_hal_dma.o [1]
DebugMon_Handler        0x08005487    0x2  Code  Gb  stm32l4xx_it.o [1]
Error_Handler           0x08002f35    0x8  Code  Gb  main.o [1]
HAL_ADCEx_Calibration_Start
                        0x08002fd1   0x8a  Code  Gb  stm32l4xx_hal_adc_ex.o [1]
HAL_ADCEx_EndOfSamplingCallback
                        0x08002cab    0x2  Code  Wk  stm32l4xx_hal_adc_ex.o [1]
HAL_ADCEx_InjectedConvCpltCallback
                        0x0800313d    0x2  Code  Wk  stm32l4xx_hal_adc_ex.o [1]
HAL_ADCEx_InjectedQueueOverflowCallback
                        0x08003147    0x2  Code  Wk  stm32l4xx_hal_adc_ex.o [1]
HAL_ADCEx_LevelOutOfWindow2Callback
                        0x08003141    0x2  Code  Wk  stm32l4xx_hal_adc_ex.o [1]
HAL_ADCEx_LevelOutOfWindow3Callback
                        0x08003143    0x2  Code  Wk  stm32l4xx_hal_adc_ex.o [1]
HAL_ADCEx_MultiModeConfigChannel
                        0x08003061   0xb2  Code  Gb  stm32l4xx_hal_adc_ex.o [1]
HAL_ADC_ConfigChannel   0x080024ad  0x368  Code  Gb  stm32l4xx_hal_adc.o [1]
HAL_ADC_ConvCpltCallback
                        0x08002e67   0x5e  Code  Gb  main.o [1]
HAL_ADC_ConvHalfCpltCallback
                        0x08002ec5    0xe  Code  Gb  main.o [1]
HAL_ADC_IRQHandler      0x08002245  0x232  Code  Gb  stm32l4xx_hal_adc.o [1]
HAL_ADC_Init            0x08001fc3  0x190  Code  Gb  stm32l4xx_hal_adc.o [1]
HAL_ADC_MspInit         0x080029fb   0x68  Code  Gb  stm32l4xx_hal_msp.o [1]
HAL_ADC_Start_DMA       0x08002161   0xd4  Code  Gb  stm32l4xx_hal_adc.o [1]
HAL_DMA_IRQHandler      0x08002bbb   0xaa  Code  Gb  stm32l4xx_hal_dma.o [1]
HAL_DMA_Init            0x08002a79   0xae  Code  Gb  stm32l4xx_hal_dma.o [1]
HAL_DMA_Start_IT        0x08002b51   0x6a  Code  Gb  stm32l4xx_hal_dma.o [1]
HAL_GetTick             0x08003149    0xc  Code  Wk  stm32l4xx_hal.o [1]
HAL_IncTick             0x08003f6d   0x10  Code  Wk  stm32l4xx_hal.o [1]
HAL_Init                0x080031f1   0x1e  Code  Gb  stm32l4xx_hal.o [1]
HAL_InitTick            0x08003f7d   0x66  Code  Gb  stm32l4xx_hal_timebase_tim.o [1]
HAL_MspInit             0x080029c5   0x36  Code  Gb  stm32l4xx_hal_msp.o [1]
HAL_NVIC_EnableIRQ      0x080031c7   0x16  Code  Gb  stm32l4xx_hal_cortex.o [1]
HAL_NVIC_SetPriority    0x0800318d   0x3a  Code  Gb  stm32l4xx_hal_cortex.o [1]
HAL_NVIC_SetPriorityGrouping
                        0x08003173   0x1a  Code  Gb  stm32l4xx_hal_cortex.o [1]
HAL_PWREx_ControlVoltageScaling
                        0x08003ed1   0x68  Code  Gb  stm32l4xx_hal_pwr_ex.o [1]
HAL_PWREx_GetVoltageRange
                        0x08003ec5    0xc  Code  Gb  stm32l4xx_hal_pwr_ex.o [1]
HAL_RCCEx_PeriphCLKConfig
                        0x0800398d  0x318  Code  Gb  stm32l4xx_hal_rcc_ex.o [1]
HAL_RCC_ClockConfig     0x080036e7   0xe4  Code  Gb  stm32l4xx_hal_rcc.o [1]
HAL_RCC_GetClockConfig  0x0800389f   0x36  Code  Gb  stm32l4xx_hal_rcc.o [1]
HAL_RCC_GetPCLK1Freq    0x08003885   0x10  Code  Gb  stm32l4xx_hal_rcc.o [1]
HAL_RCC_GetSysClockFreq
                        0x080037f3   0x92  Code  Gb  stm32l4xx_hal_rcc.o [1]
HAL_RCC_OscConfig       0x0800326d  0x456  Code  Gb  stm32l4xx_hal_rcc.o [1]
HAL_TIMEx_Break2Callback
                        0x08004bdf    0x2  Code  Wk  stm32l4xx_hal_tim_ex.o [1]
HAL_TIMEx_BreakCallback
                        0x08004bdd    0x2  Code  Wk  stm32l4xx_hal_tim_ex.o [1]
HAL_TIMEx_CommutCallback
                        0x08004be3    0x2  Code  Wk  stm32l4xx_hal_tim_ex.o [1]
HAL_TIM_Base_Init       0x08004541   0x1a  Code  Gb  stm32l4xx_hal_tim.o [1]
HAL_TIM_Base_Start_IT   0x0800455b   0x28  Code  Gb  stm32l4xx_hal_tim.o [1]
HAL_TIM_IRQHandler      0x080045ad  0x15c  Code  Gb  stm32l4xx_hal_tim.o [1]
HAL_TIM_PeriodElapsedCallback
                        0x08002eff    0xe  Code  Gb  main.o [1]
HEAP$$Base              0x20001548          --   Gb  - Linker created -
HEAP$$Limit             0x20001748          --   Gb  - Linker created -
HardFault_Handler       0x0800547f    0x2  Code  Gb  stm32l4xx_it.o [1]
LL_ADC_GetOffsetChannel
                        0x08001f71    0xe  Code  Lc  stm32l4xx_hal_adc.o [1]
LL_ADC_REG_IsTriggerSourceSWStart
                        0x08001f91    0xe  Code  Lc  stm32l4xx_hal_adc.o [1]
LL_ADC_SetChannelSamplingTime
                        0x08001f9f   0x24  Code  Lc  stm32l4xx_hal_adc.o [1]
LL_ADC_SetOffsetState   0x08001f7f   0x12  Code  Lc  stm32l4xx_hal_adc.o [1]
LoadInt                 0x08000357   0x7a  Code  Lc  xprintffull.o [3]
MSIRangeTable           0x08005250   0x30  Data  Gb  system_stm32l4xx.o [1]
MX_ADC1_Init            0x08002dc7   0xa0  Code  Lc  main.o [1]
MemManage_Handler       0x08005481    0x2  Code  Gb  stm32l4xx_it.o [1]
NMI_Handler             0x0800547d    0x2  Code  Gb  stm32l4xx_it.o [1]
PendSV_Handler          0x08004be9         Code  Gb  portasm.o [1]
RCCEx_PLLSAI1_Config    0x08003cc9   0xcc  Code  Lc  stm32l4xx_hal_rcc_ex.o [1]
RCCEx_PLLSAI2_Config    0x08003dad   0xb0  Code  Lc  stm32l4xx_hal_rcc_ex.o [1]
RCC_SetFlashLatencyFromMSIRange
                        0x080038d5   0x74  Code  Lc  stm32l4xx_hal_rcc.o [1]
Region$$Table$$Base     0x080054f4          --   Gb  - Linker created -
Region$$Table$$Limit    0x08005514          --   Gb  - Linker created -
SVC_Handler             0x08004c41         Code  Gb  portasm.o [1]
StartADCTask            0x08002ee7   0x18  Code  Gb  main.o [1]
StartMainTask           0x08002ed3   0x14  Code  Gb  main.o [1]
SysTick_Handler         0x08004b69   0x1e  Code  Gb  port.o [1]
SystemClock_Config      0x08002d15   0xb2  Code  Gb  main.o [1]
SystemCoreClock         0x20000018    0x4  Data  Gb  system_stm32l4xx.o [1]
SystemInit              0x080051f5   0x3c  Code  Gb  system_stm32l4xx.o [1]
TIM6_DAC_IRQHandler     0x08005495    0x6  Code  Gb  stm32l4xx_it.o [1]
TIM_Base_SetConfig      0x0800470f   0xac  Code  Gb  stm32l4xx_hal_tim.o [1]
UsageFault_Handler      0x08005485    0x2  Code  Gb  stm32l4xx_it.o [1]
_Close_all              0x08005441   0x3c  Code  Gb  xcloseall.o [3]
_Encoding_8859_1_Mbrlen
                        0x080011f1    0x2  Code  Gb  xencoding_8859_1.o [3]
_Encoding_8859_1_Wctomb
                        0x080011df   0x12  Code  Gb  xencoding_8859_1.o [3]
_Files                  0x20000174   0x20  Data  Gb  xfiles.o [3]
_Fofree                 0x08005301   0x78  Code  Gb  xfofind.o [3]
_Fspos                  0x08004e05   0xd8  Code  Gb  xfspos.o [3]
_Fwprep                 0x0800511d   0xb4  Code  Gb  xfwprep.o [3]
_GenldFull              0x08000dd7  0x250  Code  Lc  xprintffull.o [3]
_LdtobFull              0x080009ad  0x3fe  Code  Lc  xprintffull.o [3]
_LitobFull              0x08000855  0x112  Code  Lc  xprintffull.o [3]
_Locale_lconv           0x2000001c   0x38  Data  Lc  xlocale_c.o [3]
_Nnl                    0x08004f89    0xc  Code  Gb  xfgpos.o [3]
_PrintfFull             0x08000189  0x1b8  Code  Gb  xprintffull.o [3]
_Prout                  0x0800554b   0x16  Code  Gb  xprout.o [3]
_PutcharsFull           0x08001027   0x2e  Code  Lc  xprintffull.o [3]
_PutfldFull             0x080003d1  0x2d0  Code  Lc  xprintffull.o [3]
_PutstrFull             0x08000797   0xbe  Code  Lc  xprintffull.o [3]
_PuttxtFull             0x080006a1   0xf6  Code  Lc  xprintffull.o [3]
__NVIC_SetPriority      0x08003155   0x1e  Code  Lc  stm32l4xx_hal_cortex.o [1]
__aeabi_cdcmple         0x080017c9         Code  Gb  DblCmpLe.o [4]
__aeabi_cdrcmple        0x080017f9         Code  Gb  DblCmpGe.o [4]
__aeabi_d2iz            0x08001965         Code  Gb  DblToS32.o [4]
__aeabi_d2uiz           0x08001cf1         Code  Gb  DblToU32.o [4]
__aeabi_ddiv            0x08001aa9         Code  Gb  DblDiv.o [4]
__aeabi_dmul            0x080015b5         Code  Gb  DblMul.o [4]
__aeabi_dsub            0x080019c5         Code  Gb  DblSub.o [4]
__aeabi_i2d             0x080019a1         Code  Gb  S32ToDbl.o [4]
__aeabi_ldiv0           0x08001d39         Code  Gb  I64DivZer.o [5]
__aeabi_memclr4         0x08003265         Code  Gb  ABImemclr4.o [5]
__aeabi_memcpy          0x080012dd         Code  Gb  ABImemcpy.o [5]
__aeabi_memcpy4         0x080012fd         Code  Gb  ABImemcpy.o [5]
__aeabi_memcpy8         0x080012fd         Code  Gb  ABImemcpy.o [5]
__aeabi_ui2d            0x08001d19         Code  Gb  U32ToDbl.o [4]
__aeabi_uldivmod        0x08001385         Code  Gb  I64DivMod.o [5]
__basic_free            0x08004d45   0x16  Code  Gb  heap0.o [3]
__basic_free_intern     0x08004d5b   0x7a  Code  Lc  heap0.o [3]
__basic_malloc          0x08004c99   0x18  Code  Gb  heap0.o [3]
__basic_malloc_intern   0x08004cb1   0x94  Code  Lc  heap0.o [3]
__cexit_closeall        0x0800553f         Code  Gb  cexit.o [5]
__close                 0x08005381   0x18  Code  Gb  close.o [6]
__cmain                 0x08005515         Code  Gb  cmain.o [5]
__cstart_closeall       0x080056e4         Data  Gb  cstart_closeall.o [5]
__data_GetMemChunk      0x08004dd9   0x2c  Code  Gb  xgetmemchunk.o [3]
__data_GetMemChunk::start
                        0x20001140    0x4  Data  Lc  xgetmemchunk.o [3]
__dwrite                0x080050bd   0x1e  Code  Gb  dwrite.o [6]
__exit                  0x08001ea5   0x14  Code  Gb  exit.o [6]
__iar_Fail_s            0x080011fd   0x1e  Code  Gb  xfail_s.o [3]
__iar_Mbcurmax          0x080012d1    0xa  Code  Gb  xmbcurmax.o [3]
__iar_Memchr            0x08001279         Code  Gb  memchr.o [5]
__iar_Memset4_word      0x0800450d         Code  Gb  ABImemset48.o [5]
__iar_Memset8_word      0x0800450d         Code  Gb  ABImemset48.o [5]
__iar_Stderr            0x2000012c   0x48  Data  Gb  xfiles.o [3]
__iar_Stdin             0x2000009c   0x48  Data  Gb  xfiles.o [3]
__iar_Stdout            0x200000e4   0x48  Data  Gb  xfiles.o [3]
__iar_Strchr            0x080011c9         Code  Gb  strchr.o [5]
__iar_close_ttio        0x08001eb9   0x2c  Code  Gb  iarttio.o [6]
__iar_dadd              0x080019d5         Code  Gb  DblSub.o [4]
__iar_data_init3        0x080054a9   0x28  Code  Gb  data_init.o [5]
__iar_dsub              0x08001d3d         Code  Gb  DblAdd.o [4]
__iar_dsubStart         0x08001d4f         Code  Gb  DblAdd.o [4]
__iar_frexp             0x08001765         Code  Gb  frexp.o [4]
__iar_frexpl            0x08001765         Code  Gb  frexp.o [4]
__iar_get_ttio          0x08001ee5   0x4c  Code  Gb  iarttio.o [6]
__iar_globLocale        0x20000054   0x48  Data  Lc  xlocale_c.o [3]
__iar_global_Locale     0x08001151    0x4  Code  Gb  xlocale_c.o [3]
__iar_init_vfp          0x080054d1         Code  Gb  fpinit_M.o [4]
__iar_ldexp64           0x08001829         Code  Gb  ldexp.o [4]
__iar_lookup_ttioh      0x08001f63    0x4  Code  Gb  XShttio.o [3]
__iar_lz77_init_single3
                        0x080010d7   0x7a  Code  Gb  lz77_init_single.o [5]
__iar_program_start     0x08005591         Code  Gb  cstartup_M.o [5]
__iar_scalbln64         0x08001829         Code  Gb  ldexp.o [4]
__iar_scalbn64          0x08001829         Code  Gb  ldexp.o [4]
__iar_sh_Discard        0x08004ff1   0x42  Code  Gb  XShHandles.o [3]
__iar_sh_Move           0x08005033   0x46  Code  Gb  XShHandles.o [3]
__iar_sh_Pos            0x08005079   0x3e  Code  Gb  XShHandles.o [3]
__iar_sh_stdout         0x080050db   0x20  Code  Gb  iarwstd.o [6]
__iar_sh_write          0x080050fb   0x22  Code  Gb  iarwrite.o [6]
__iar_softfp___iar_frexp64
                        0x08001759         Code  Gb  frexp.o [4]
__iar_softfp_frexp      0x08001759         Code  Gb  frexp.o [4]
__iar_softfp_frexpl     0x08001759         Code  Gb  frexp.o [4]
__iar_systems$$module {Abs}
                        0x00000001         Data  Gb  command line/config [2]
__iar_ttio_guard_lock   0x08001f35   0x1e  Code  Gb  XShttio.o [3]
__iar_ttio_guard_unlock
                        0x08001f53   0x10  Code  Gb  XShttio.o [3]
__iar_ttio_handles      0x20000194    0x8  Data  Lc  XShttio.o [3]
__iar_zero_init3        0x08005401   0x40  Code  Gb  zero_init3.o [5]
__low_level_init        0x08005533    0x4  Code  Gb  low_level_init.o [3]
__lseek                 0x08004f95   0x4a  Code  Gb  lseek.o [6]
__vector_table          0x08000000         Data  Gb  startup_stm32l476xx.o [1]
__write                 0x08004fdf   0x10  Code  Gb  write.o [6]
_call_main              0x08005521         Code  Gb  cmain.o [5]
_exit                   0x0800553d         Code  Gb  cexit.o [5]
_gLocale_mblen          0x080011b1    0x4  Code  Gb  xlocale_c.o [3]
_gLocale_mblenInt       0x08001179   0x34  Code  Gb  xlocale_c.o [3]
_gLocale_wctomb         0x080011b5    0x4  Code  Gb  xlocale_c.o [3]
_gLocale_wctombInt      0x080011ad    0x4  Code  Gb  xlocale_c.o [3]
_main                   0x0800552f         Code  Gb  cmain.o [5]
abort                   0x08001d33    0x6  Code  Gb  abort.o [3]
adcTaskHandle           0x20001128    0x4  Data  Gb  main.o [1]
adc_converted_data      0x20000e98   0x80  Data  Lc  main.o [1]
adc_converted_data_average
                        0x2000112c    0x4  Data  Gb  main.o [1]
ebuf                    0x20000ffc   0x50  Data  Lc  xfiles.o [3]
exit                    0x08005537    0x4  Code  Gb  exit.o [3]
fclose                  0x08005281   0x7e  Code  Gb  fclose.o [3]
fflush                  0x08004f51   0x34  Code  Gb  fflush.o [3]
fflushOne               0x08004edd   0x74  Code  Lc  fflush.o [3]
fputc                   0x080053ad   0x54  Code  Gb  fputc.o [3]
free                    0x0800537d    0x4  Code  Gb  heaptramp0.o [3]
fseek                   0x080051d1   0x24  Code  Gb  fseek.o [3]
hadc1                   0x20000f98   0x64  Data  Gb  main.o [1]
hdma_adc1               0x2000109c   0x48  Data  Gb  main.o [1]
htim6                   0x200010e4   0x40  Data  Gb  stm32l4xx_hal_timebase_tim.o [1]
ldexp                   0x08001829         Code  Gb  ldexp.o [4]
ldexpl                  0x08001829         Code  Gb  ldexp.o [4]
localeconv              0x080011b9    0x4  Code  Gb  xlocale_c.o [3]
main                    0x08002cad   0x68  Code  Gb  main.o [1]
mainTaskHandle          0x20001124    0x4  Data  Gb  main.o [1]
makeFreeRtosPriority    0x08003211    0xc  Code  Lc  cmsis_os.o [1]
memchr                  0x08001279         Code  Gb  memchr.o [5]
obuf                    0x2000104c   0x50  Data  Lc  xfiles.o [3]
osDelay                 0x08003255    0xe  Code  Gb  cmsis_os.o [1]
osKernelStart           0x0800321d    0xa  Code  Gb  cmsis_os.o [1]
osThreadCreate          0x08003227   0x2e  Code  Gb  cmsis_os.o [1]
printf                  0x08003f45   0x28  Code  Gb  printf.o [3]
prvAddCurrentTaskToDelayedList
                        0x08004491   0x5e  Code  Lc  tasks.o [1]
prvAddNewTaskToReadyList
                        0x080040c5   0x9e  Code  Lc  tasks.o [1]
prvDeleteTCB            0x08004401   0x14  Code  Lc  tasks.o [1]
prvIdleTask             0x080043b1   0x50  Code  Lc  tasks.o [1]
prvInitialiseNewTask    0x0800404d   0x78  Code  Lc  tasks.o [1]
prvInsertBlockIntoFreeList
                        0x08004945   0x46  Code  Lc  heap_4.o [1]
prvResetNextTaskUnblockTime
                        0x08004415   0x1a  Code  Lc  tasks.o [1]
prvTaskExitError        0x08004a49   0x28  Code  Lc  port.o [1]
putchar                 0x08005561    0xc  Code  Gb  putchar.o [3]
pvPortMalloc            0x080047e1  0x102  Code  Gb  heap_4.o [1]
pxCurrentTCB            0x20000d94    0x4  Data  Gb  tasks.o [1]
pxDelayedTaskList       0x20000d98    0x4  Data  Lc  tasks.o [1]
pxEnd                   0x200001a4    0x4  Data  Lc  heap_4.o [1]
pxOverflowDelayedTaskList
                        0x20000d9c    0x4  Data  Lc  tasks.o [1]
pxPortInitialiseStack   0x08004a21   0x26  Code  Gb  port.o [1]
pxReadyTasksLists       0x20000e0c   0x8c  Data  Lc  tasks.o [1]
remove                  0x08005399   0x14  Code  Gb  remove.o [6]
sFileInfo               0x20000f18   0x80  Data  Lc  XShHandles.o [3]
scalbln                 0x08001829         Code  Gb  ldexp.o [4]
scalblnl                0x08001829         Code  Gb  ldexp.o [4]
scalbn                  0x08001829         Code  Gb  ldexp.o [4]
scalbnl                 0x08001829         Code  Gb  ldexp.o [4]
scale                   0x08000967   0x46  Code  Lc  xprintffull.o [3]
sec_hand                0x2000113c    0x4  Data  Lc  xfail_s.o [3]
strchr                  0x080011c9         Code  Gb  strchr.o [5]
strlen                  0x08001241         Code  Gb  strlen.o [5]
temperature             0x20001130    0x4  Data  Gb  main.o [1]
ttio_guard              0x20001144    0x1  Data  Lc  XShttio.o [3]
ucHeap                  0x200001b4  0xbb8  Data  Lc  heap_4.o [1]
ucMaxSysCallPriority    0x20000000    0x1  Data  Lc  port.o [1]
ulMaxPRIGROUPValue      0x20000008    0x4  Data  Lc  port.o [1]
uwTick                  0x2000000c    0x4  Data  Gb  stm32l4xx_hal.o [1]
uwTickFreq              0x20000014    0x4  Data  Gb  stm32l4xx_hal.o [1]
uwTickPrio              0x20000010    0x4  Data  Gb  stm32l4xx_hal.o [1]
uxCriticalNesting       0x20000004    0x4  Data  Lc  port.o [1]
uxCurrentNumberOfTasks  0x20000db8    0x4  Data  Lc  tasks.o [1]
uxDeletedTasksWaitingCleanUp
                        0x20000da0    0x4  Data  Lc  tasks.o [1]
uxListRemove            0x080049fb   0x26  Code  Gb  list.o [1]
uxPendedTicks           0x20000dc8    0x4  Data  Lc  tasks.o [1]
uxSchedulerSuspended    0x20000ddc    0x4  Data  Lc  tasks.o [1]
uxTaskNumber            0x20000dd4    0x4  Data  Lc  tasks.o [1]
uxTopReadyPriority      0x20000dc0    0x4  Data  Lc  tasks.o [1]
vListInitialise         0x08004991   0x1a  Code  Gb  list.o [1]
vListInitialiseItem     0x080049ab    0x6  Code  Gb  list.o [1]
vListInsert             0x080049c9   0x32  Code  Gb  list.o [1]
vListInsertEnd          0x080049b1   0x18  Code  Gb  list.o [1]
vPortEnableVFP          0x08004c7d         Code  Gb  portasm.o [1]
vPortEnterCritical      0x08004b15   0x32  Code  Gb  port.o [1]
vPortExitCritical       0x08004b47   0x22  Code  Gb  port.o [1]
vPortFree               0x080048f1   0x46  Code  Gb  heap_4.o [1]
vPortStartFirstTask     0x08004c5d         Code  Gb  portasm.o [1]
vTaskDelay              0x08004163   0x2e  Code  Gb  tasks.o [1]
vTaskStartScheduler     0x08004197   0x54  Code  Gb  tasks.o [1]
vTaskSuspendAll         0x080041eb    0xc  Code  Gb  tasks.o [1]
vTaskSwitchContext      0x0800435b   0x56  Code  Gb  tasks.o [1]
xBlockAllocatedBit      0x200001b0    0x4  Data  Lc  heap_4.o [1]
xDelayedTaskList1       0x20000de0   0x14  Data  Lc  tasks.o [1]
xDelayedTaskList2       0x20000df4   0x14  Data  Lc  tasks.o [1]
xFreeBytesRemaining     0x200001a8    0x4  Data  Lc  heap_4.o [1]
xIdleTaskHandle         0x20000e08    0x4  Data  Lc  tasks.o [1]
xMinimumEverFreeBytesRemaining
                        0x200001ac    0x4  Data  Lc  heap_4.o [1]
xNextTaskUnblockTime    0x20000dd8    0x4  Data  Lc  tasks.o [1]
xNumOfOverflows         0x20000dd0    0x4  Data  Lc  tasks.o [1]
xPendingReadyList       0x20000d6c   0x14  Data  Lc  tasks.o [1]
xPortStartScheduler     0x08004a71   0xa4  Code  Gb  port.o [1]
xSchedulerRunning       0x20000dc4    0x4  Data  Lc  tasks.o [1]
xStart                  0x2000019c    0x8  Data  Lc  heap_4.o [1]
xSuspendedTaskList      0x20000da4   0x14  Data  Lc  tasks.o [1]
xTaskCreate             0x08003ff5   0x58  Code  Gb  tasks.o [1]
xTaskIncrementTick      0x0800429b   0xc0  Code  Gb  tasks.o [1]
xTaskResumeAll          0x080041f7   0x9c  Code  Gb  tasks.o [1]
xTasksWaitingTermination
                        0x20000d80   0x14  Data  Lc  tasks.o [1]
xTickCount              0x20000dbc    0x4  Data  Lc  tasks.o [1]
xYieldPending           0x20000dcc    0x4  Data  Lc  tasks.o [1]


[1] = C:\Users\bayrem.gharsallaoui\Documents\STM32L4_Projects\freertos_adc_dma\EWARM\freertos_adc_dma\Obj
[2] = command line
[3] = dl7M_tlf.a
[4] = m7M_tls.a
[5] = rt7M_tl.a
[6] = shb_l.a

  22 176 bytes of readonly  code memory
     217 bytes of readonly  data memory
   5 957 bytes of readwrite data memory

Errors: none
Warnings: none
