###############################################################################
#
# IAR ELF Linker V8.20.1.14183/W32 for ARM                22/Aug/2019  14:56:34
# Copyright 2007-2017 IAR Systems AB.
#
#    Output file  =  
#        C:\Users\bayrem.gharsallaoui\Documents\STM32L4_Projects\ext_interrupt\EWARM\ext_interrupt\Exe\ext_interrupt.out
#    Map file     =  
#        C:\Users\bayrem.gharsallaoui\Documents\STM32L4_Projects\ext_interrupt\EWARM\ext_interrupt\List\ext_interrupt.map
#    Command line =  
#        -f C:\Users\BAYREM~1.GHA\AppData\Local\Temp\EW1BAB.tmp
#        (C:\Users\bayrem.gharsallaoui\Documents\STM32L4_Projects\ext_interrupt\EWARM\ext_interrupt\Obj\main.o
#        C:\Users\bayrem.gharsallaoui\Documents\STM32L4_Projects\ext_interrupt\EWARM\ext_interrupt\Obj\startup_stm32l476xx.o
#        C:\Users\bayrem.gharsallaoui\Documents\STM32L4_Projects\ext_interrupt\EWARM\ext_interrupt\Obj\stm32l476g_discovery.o
#        C:\Users\bayrem.gharsallaoui\Documents\STM32L4_Projects\ext_interrupt\EWARM\ext_interrupt\Obj\stm32l4xx_hal.o
#        C:\Users\bayrem.gharsallaoui\Documents\STM32L4_Projects\ext_interrupt\EWARM\ext_interrupt\Obj\stm32l4xx_hal_cortex.o
#        C:\Users\bayrem.gharsallaoui\Documents\STM32L4_Projects\ext_interrupt\EWARM\ext_interrupt\Obj\stm32l4xx_hal_dma.o
#        C:\Users\bayrem.gharsallaoui\Documents\STM32L4_Projects\ext_interrupt\EWARM\ext_interrupt\Obj\stm32l4xx_hal_dma_ex.o
#        C:\Users\bayrem.gharsallaoui\Documents\STM32L4_Projects\ext_interrupt\EWARM\ext_interrupt\Obj\stm32l4xx_hal_exti.o
#        C:\Users\bayrem.gharsallaoui\Documents\STM32L4_Projects\ext_interrupt\EWARM\ext_interrupt\Obj\stm32l4xx_hal_flash.o
#        C:\Users\bayrem.gharsallaoui\Documents\STM32L4_Projects\ext_interrupt\EWARM\ext_interrupt\Obj\stm32l4xx_hal_flash_ex.o
#        C:\Users\bayrem.gharsallaoui\Documents\STM32L4_Projects\ext_interrupt\EWARM\ext_interrupt\Obj\stm32l4xx_hal_flash_ramfunc.o
#        C:\Users\bayrem.gharsallaoui\Documents\STM32L4_Projects\ext_interrupt\EWARM\ext_interrupt\Obj\stm32l4xx_hal_gpio.o
#        C:\Users\bayrem.gharsallaoui\Documents\STM32L4_Projects\ext_interrupt\EWARM\ext_interrupt\Obj\stm32l4xx_hal_i2c.o
#        C:\Users\bayrem.gharsallaoui\Documents\STM32L4_Projects\ext_interrupt\EWARM\ext_interrupt\Obj\stm32l4xx_hal_i2c_ex.o
#        C:\Users\bayrem.gharsallaoui\Documents\STM32L4_Projects\ext_interrupt\EWARM\ext_interrupt\Obj\stm32l4xx_hal_msp.o
#        C:\Users\bayrem.gharsallaoui\Documents\STM32L4_Projects\ext_interrupt\EWARM\ext_interrupt\Obj\stm32l4xx_hal_pwr.o
#        C:\Users\bayrem.gharsallaoui\Documents\STM32L4_Projects\ext_interrupt\EWARM\ext_interrupt\Obj\stm32l4xx_hal_pwr_ex.o
#        C:\Users\bayrem.gharsallaoui\Documents\STM32L4_Projects\ext_interrupt\EWARM\ext_interrupt\Obj\stm32l4xx_hal_rcc.o
#        C:\Users\bayrem.gharsallaoui\Documents\STM32L4_Projects\ext_interrupt\EWARM\ext_interrupt\Obj\stm32l4xx_hal_rcc_ex.o
#        C:\Users\bayrem.gharsallaoui\Documents\STM32L4_Projects\ext_interrupt\EWARM\ext_interrupt\Obj\stm32l4xx_hal_tim.o
#        C:\Users\bayrem.gharsallaoui\Documents\STM32L4_Projects\ext_interrupt\EWARM\ext_interrupt\Obj\stm32l4xx_hal_tim_ex.o
#        C:\Users\bayrem.gharsallaoui\Documents\STM32L4_Projects\ext_interrupt\EWARM\ext_interrupt\Obj\stm32l4xx_it.o
#        C:\Users\bayrem.gharsallaoui\Documents\STM32L4_Projects\ext_interrupt\EWARM\ext_interrupt\Obj\system_stm32l4xx.o
#        --redirect _Printf=_PrintfFull --redirect _Scanf=_ScanfFull -o
#        C:\Users\bayrem.gharsallaoui\Documents\STM32L4_Projects\ext_interrupt\EWARM\ext_interrupt\Exe\ext_interrupt.out
#        --map
#        C:\Users\bayrem.gharsallaoui\Documents\STM32L4_Projects\ext_interrupt\EWARM\ext_interrupt\List\ext_interrupt.map
#        --config
#        C:\Users\bayrem.gharsallaoui\Documents\STM32L4_Projects\ext_interrupt\EWARM/stm32l476xx_flash.icf
#        --semihosting --entry __iar_program_start --vfe --text_out locale)
#
###############################################################################

*******************************************************************************
*** RUNTIME MODEL ATTRIBUTES
***

CppFlavor       = *
__Heap_Handler  = Basic
__SystemLibrary = DLib
__dlib_version  = 6


*******************************************************************************
*** HEAP SELECTION
***

The basic heap was selected because no calls to memory allocation
functions were found in the application outside of system library
functions, and there are calls to deallocation functions in the
application.


*******************************************************************************
*** PLACEMENT SUMMARY
***

"A0":  place at 0x08000000 { ro section .intvec };
"P1":  place in [from 0x08000000 to 0x080fffff] { ro };
define block CSTACK with size = 1K, alignment = 8 { };
define block HEAP with size = 512, alignment = 8 { };
"P2":  place in [from 0x20000000 to 0x20017fff] {
          rw, block CSTACK, block HEAP };
"P3":  place in [from 0x20000000 to 0x20017fff] { };
initialize by copy { rw };

  Section            Kind        Address    Size  Object
  -------            ----        -------    ----  ------
"A0":                                      0x188
  .intvec            ro code  0x08000000   0x188  startup_stm32l476xx.o [1]
                            - 0x08000188   0x188

"P1":                                     0x35dd
  .text              ro code  0x08000188   0xf4e  xprintffull.o [3]
  .text              ro code  0x080010d6    0x7a  lz77_init_single.o [5]
  .text              ro code  0x08001150    0x78  xlocale_c.o [3]
  .text              ro code  0x080011c8    0x16  strchr.o [5]
  .text              ro code  0x080011de    0x1e  xencoding_8859_1.o [3]
  .text              ro code  0x080011fc    0x44  xfail_s.o [3]
  .text              ro code  0x08001240    0x36  strlen.o [5]
  .text              ro code  0x08001278    0x58  memchr.o [5]
  .text              ro code  0x080012d0     0xa  xmbcurmax.o [3]
  .text              ro code  0x080012dc    0xa6  ABImemcpy.o [5]
  .text              ro code  0x08001384   0x22e  I64DivMod.o [5]
  .text              ro code  0x080015b4   0x1a2  DblMul.o [4]
  .text              ro code  0x08001758    0x70  frexp.o [4]
  .text              ro code  0x080017c8    0x2e  DblCmpLe.o [4]
  .text              ro code  0x080017f8    0x2e  DblCmpGe.o [4]
  .text              ro code  0x08001828   0x13a  ldexp.o [4]
  .text              ro code  0x08001964    0x3a  DblToS32.o [4]
  .text              ro code  0x080019a0    0x22  S32ToDbl.o [4]
  .text              ro code  0x080019c4    0xe2  DblSub.o [4]
  .text              ro code  0x08001aa8   0x246  DblDiv.o [4]
  .text              ro code  0x08001cf0    0x28  DblToU32.o [4]
  .text              ro code  0x08001d18    0x1a  U32ToDbl.o [4]
  .text              ro code  0x08001d32     0x6  abort.o [3]
  .text              ro code  0x08001d38     0x2  I64DivZer.o [5]
  .text              ro code  0x08001d3c   0x168  DblAdd.o [4]
  .text              ro code  0x08001ea4    0x14  exit.o [6]
  .text              ro code  0x08001eb8    0x7c  iarttio.o [6]
  .text              ro code  0x08001f34    0x3c  XShttio.o [3]
  .text              ro code  0x08001f70   0x6c8  stm32l4xx_hal_rcc.o [1]
  .text              ro code  0x08002638    0x44  stm32l4xx_hal.o [1]
  .text              ro code  0x0800267c     0xc  stm32l4xx_hal.o [1]
  .text              ro code  0x08002688    0x80  stm32l4xx_hal_pwr_ex.o [1]
  .text              ro code  0x08002708    0xc8  stm32l4xx_hal_cortex.o [1]
  .text              ro code  0x080027d0   0x214  stm32l4xx_hal_gpio.o [1]
  .text              ro code  0x080029e4   0x150  main.o [1]
  .text              ro code  0x08002b34    0x1e  stm32l4xx_hal.o [1]
  .text              ro code  0x08002b54     0x6  ABImemclr4.o [5]
  .text              ro code  0x08002b5c    0x88  stm32l476g_discovery.o [1]
  .text              ro code  0x08002be4    0x28  printf.o [3]
  .text              ro code  0x08002c0c    0x28  stm32l4xx_hal.o [1]
  .text              ro code  0x08002c34    0x30  stm32l4xx_hal_msp.o [1]
  .text              ro code  0x08002c64    0x32  ABImemset48.o [5]
  .text              ro code  0x08002c98   0x140  heap0.o [3]
  .text              ro code  0x08002dd8    0x2c  xgetmemchunk.o [3]
  .text              ro code  0x08002e04    0xd8  xfspos.o [3]
  .text              ro code  0x08002edc    0xac  fflush.o [3]
  .text              ro code  0x08002f88     0xc  xfgpos.o [3]
  .text              ro code  0x08002f94    0x4a  lseek.o [6]
  .text              ro code  0x08002fde    0x10  write.o [6]
  .text              ro code  0x08002ff0    0xcc  XShHandles.o [3]
  .text              ro code  0x080030bc    0x1e  dwrite.o [6]
  .text              ro code  0x080030da    0x20  iarwstd.o [6]
  .text              ro code  0x080030fa    0x22  iarwrite.o [6]
  .text              ro code  0x0800311c    0xb4  xfwprep.o [3]
  .text              ro code  0x080031d0    0x24  fseek.o [3]
  .text              ro code  0x080031f4    0x8c  system_stm32l4xx.o [1]
  .text              ro code  0x08003280    0x7e  fclose.o [3]
  .text              ro code  0x08003300    0x7c  xfofind.o [3]
  .text              ro code  0x0800337c     0x4  heaptramp0.o [3]
  .text              ro code  0x08003380    0x18  close.o [6]
  .text              ro code  0x08003398    0x14  remove.o [6]
  .text              ro code  0x080033ac    0x54  fputc.o [3]
  .text              ro code  0x08003400    0x40  zero_init3.o [5]
  .text              ro code  0x08003440    0x3c  xcloseall.o [3]
  .text              ro code  0x0800347c    0x28  data_init.o [5]
  .text              ro code  0x080034a4    0x22  fpinit_M.o [4]
  .iar.init_table    const    0x080034c8    0x20  - Linker created -
  .text              ro code  0x080034e8    0x1e  cmain.o [5]
  .text              ro code  0x08003506     0x4  low_level_init.o [3]
  .text              ro code  0x0800350a     0x4  exit.o [3]
  .text              ro code  0x08003510     0xe  cexit.o [5]
  .text              ro code  0x0800351e    0x1a  stm32l4xx_it.o [1]
  .text              ro code  0x08003538    0x10  stm32l4xx_hal.o [1]
  .text              ro code  0x08003548    0x16  xprout.o [3]
  .text              ro code  0x08003560     0xc  putchar.o [3]
  .text              ro code  0x0800356c    0x10  startup_stm32l476xx.o [1]
  .text              ro code  0x0800357c     0xc  cstartup_M.o [5]
  .rodata            const    0x08003588     0x6  xlocale_c.o [3]
  .text              ro code  0x0800358e     0x4  startup_stm32l476xx.o [1]
  .text              ro code  0x08003592     0x4  startup_stm32l476xx.o [1]
  .text              ro code  0x08003596     0x4  startup_stm32l476xx.o [1]
  .text              ro code  0x0800359a     0x4  startup_stm32l476xx.o [1]
  .text              ro code  0x0800359e     0x4  startup_stm32l476xx.o [1]
  .text              ro code  0x080035a2     0x4  startup_stm32l476xx.o [1]
  .text              ro code  0x080035a6     0x4  startup_stm32l476xx.o [1]
  .text              ro code  0x080035aa     0x4  startup_stm32l476xx.o [1]
  .text              ro code  0x080035ae     0x4  startup_stm32l476xx.o [1]
  .text              ro code  0x080035b2     0x4  startup_stm32l476xx.o [1]
  .text              ro code  0x080035b6     0x4  startup_stm32l476xx.o [1]
  .text              ro code  0x080035ba     0x4  startup_stm32l476xx.o [1]
  .text              ro code  0x080035be     0x4  startup_stm32l476xx.o [1]
  .text              ro code  0x080035c2     0x4  startup_stm32l476xx.o [1]
  .text              ro code  0x080035c6     0x4  startup_stm32l476xx.o [1]
  .text              ro code  0x080035ca     0x4  startup_stm32l476xx.o [1]
  .text              ro code  0x080035ce     0x4  startup_stm32l476xx.o [1]
  .text              ro code  0x080035d2     0x4  startup_stm32l476xx.o [1]
  .text              ro code  0x080035d6     0x4  startup_stm32l476xx.o [1]
  .text              ro code  0x080035da     0x4  startup_stm32l476xx.o [1]
  .text              ro code  0x080035de     0x4  startup_stm32l476xx.o [1]
  .text              ro code  0x080035e2     0x4  startup_stm32l476xx.o [1]
  .text              ro code  0x080035e6     0x4  startup_stm32l476xx.o [1]
  .text              ro code  0x080035ea     0x4  startup_stm32l476xx.o [1]
  .text              ro code  0x080035ee     0x4  startup_stm32l476xx.o [1]
  .text              ro code  0x080035f2     0x4  startup_stm32l476xx.o [1]
  .text              ro code  0x080035f6     0x4  startup_stm32l476xx.o [1]
  .text              ro code  0x080035fa     0x4  startup_stm32l476xx.o [1]
  .text              ro code  0x080035fe     0x4  startup_stm32l476xx.o [1]
  .text              ro code  0x08003602     0x4  startup_stm32l476xx.o [1]
  .text              ro code  0x08003606     0x4  startup_stm32l476xx.o [1]
  .text              ro code  0x0800360a     0x4  startup_stm32l476xx.o [1]
  .text              ro code  0x0800360e     0x4  startup_stm32l476xx.o [1]
  .text              ro code  0x08003612     0x4  startup_stm32l476xx.o [1]
  .text              ro code  0x08003616     0x4  startup_stm32l476xx.o [1]
  .text              ro code  0x0800361a     0x4  startup_stm32l476xx.o [1]
  .text              ro code  0x0800361e     0x4  startup_stm32l476xx.o [1]
  .text              ro code  0x08003622     0x4  startup_stm32l476xx.o [1]
  .text              ro code  0x08003626     0x4  startup_stm32l476xx.o [1]
  .text              ro code  0x0800362a     0x4  startup_stm32l476xx.o [1]
  .text              ro code  0x0800362e     0x4  startup_stm32l476xx.o [1]
  .text              ro code  0x08003632     0x4  startup_stm32l476xx.o [1]
  .text              ro code  0x08003636     0x4  startup_stm32l476xx.o [1]
  .text              ro code  0x0800363a     0x4  startup_stm32l476xx.o [1]
  .text              ro code  0x0800363e     0x4  startup_stm32l476xx.o [1]
  .text              ro code  0x08003642     0x4  startup_stm32l476xx.o [1]
  .text              ro code  0x08003646     0x4  startup_stm32l476xx.o [1]
  .text              ro code  0x0800364a     0x4  startup_stm32l476xx.o [1]
  .text              ro code  0x0800364e     0x4  startup_stm32l476xx.o [1]
  .text              ro code  0x08003652     0x4  startup_stm32l476xx.o [1]
  .text              ro code  0x08003656     0x4  startup_stm32l476xx.o [1]
  .text              ro code  0x0800365a     0x4  startup_stm32l476xx.o [1]
  .text              ro code  0x0800365e     0x4  startup_stm32l476xx.o [1]
  .text              ro code  0x08003662     0x4  startup_stm32l476xx.o [1]
  .text              ro code  0x08003666     0x4  startup_stm32l476xx.o [1]
  .text              ro code  0x0800366a     0x4  startup_stm32l476xx.o [1]
  .text              ro code  0x0800366e     0x4  startup_stm32l476xx.o [1]
  .text              ro code  0x08003672     0x4  startup_stm32l476xx.o [1]
  .text              ro code  0x08003676     0x4  startup_stm32l476xx.o [1]
  .text              ro code  0x0800367a     0x4  startup_stm32l476xx.o [1]
  .text              ro code  0x0800367e     0x4  startup_stm32l476xx.o [1]
  .text              ro code  0x08003682     0x4  startup_stm32l476xx.o [1]
  .text              ro code  0x08003686     0x4  startup_stm32l476xx.o [1]
  .text              ro code  0x0800368a     0x4  startup_stm32l476xx.o [1]
  .text              ro code  0x0800368e     0x4  startup_stm32l476xx.o [1]
  .text              ro code  0x08003692     0x4  startup_stm32l476xx.o [1]
  .text              ro code  0x08003696     0x4  startup_stm32l476xx.o [1]
  .text              ro code  0x0800369a     0x4  startup_stm32l476xx.o [1]
  .text              ro code  0x0800369e     0x4  startup_stm32l476xx.o [1]
  .text              ro code  0x080036a2     0x4  startup_stm32l476xx.o [1]
  .text              ro code  0x080036a6     0x4  startup_stm32l476xx.o [1]
  .text              ro code  0x080036aa     0x4  startup_stm32l476xx.o [1]
  .text              ro code  0x080036ae     0x4  startup_stm32l476xx.o [1]
  .text              ro code  0x080036b2     0x4  startup_stm32l476xx.o [1]
  .text              ro code  0x080036b6     0x4  startup_stm32l476xx.o [1]
  .text              ro code  0x080036ba     0x4  startup_stm32l476xx.o [1]
  .text              ro code  0x080036be     0x4  startup_stm32l476xx.o [1]
  .text              ro code  0x080036c2     0x4  startup_stm32l476xx.o [1]
  .text              ro code  0x080036c6     0x4  startup_stm32l476xx.o [1]
  .text              ro code  0x080036ca     0x4  startup_stm32l476xx.o [1]
  .text              ro code  0x080036d0     0x0  cstart_closeall.o [5]
  .rodata            const    0x080036d0     0x0  zero_init3.o [5]
  .rodata            const    0x080036d0     0x0  lz77_init_single.o [5]
  Initializer bytes  const    0x080036d0    0x95  <for P2-P3-1>
                            - 0x08003765  0x35dd

"P2-P3", part 1 of 3:                      0x198
  P2-P3-1                     0x20000000   0x198  <Init block>
    .data            inited   0x20000000     0x8  stm32l476g_discovery.o [1]
    .data            inited   0x20000008     0xc  stm32l4xx_hal.o [1]
    .data            inited   0x20000014     0x4  system_stm32l4xx.o [1]
    .data            inited   0x20000018    0x38  xlocale_c.o [3]
    .data            inited   0x20000050    0x48  xlocale_c.o [3]
    .data            inited   0x20000098    0x48  xfiles.o [3]
    .data            inited   0x200000e0    0x48  xfiles.o [3]
    .data            inited   0x20000128    0x48  xfiles.o [3]
    .data            inited   0x20000170    0x20  xfiles.o [3]
    .data            inited   0x20000190     0x8  XShttio.o [3]
                            - 0x20000198   0x198

"P2-P3", part 2 of 3:                      0x138
  .bss               zero     0x20000198    0x80  XShHandles.o [3]
  .bss               zero     0x20000218    0x50  xfiles.o [3]
  .bss               zero     0x20000268    0x50  xfiles.o [3]
  .bss               zero     0x200002b8     0x8  heap0.o [3]
  .bss               zero     0x200002c0     0x4  main.o [1]
  .bss               zero     0x200002c4     0x4  xfail_s.o [3]
  .bss               zero     0x200002c8     0x4  xgetmemchunk.o [3]
  .bss               zero     0x200002cc     0x1  XShttio.o [3]
                            - 0x200002cd   0x135

"P2-P3", part 3 of 3:                      0x600
  CSTACK                      0x200002d0   0x400  <Block>
    CSTACK           uninit   0x200002d0   0x400  <Block tail>
  HEAP                        0x200006d0   0x200  <Block>
    HEAP             uninit   0x200006d0   0x200  <Block tail>
                            - 0x200008d0   0x600


*******************************************************************************
*** INIT TABLE
***

          Address     Size
          -------     ----
Zero (__iar_zero_init3)
    1 destination range, total size 0x135:
          0x20000198  0x135

Copy/lz77 (__iar_lz77_init_single3)
    1 source range, total size 0x95 (36% of destination):
          0x080036d0   0x95
    1 destination range, total size 0x198:
          0x20000000  0x198



*******************************************************************************
*** MODULE SUMMARY
***

    Module                  ro code  ro data  rw data
    ------                  -------  -------  -------
C:\Users\bayrem.gharsallaoui\Documents\STM32L4_Projects\ext_interrupt\EWARM\ext_interrupt\Obj: [1]
    main.o                      336                 4
    startup_stm32l476xx.o       728
    stm32l476g_discovery.o      136        2        8
    stm32l4xx_hal.o             166        5       12
    stm32l4xx_hal_cortex.o      200
    stm32l4xx_hal_gpio.o        532
    stm32l4xx_hal_msp.o          48
    stm32l4xx_hal_pwr_ex.o      128
    stm32l4xx_hal_rcc.o       1 736
    stm32l4xx_it.o               26
    system_stm32l4xx.o          140        1        4
    -------------------------------------------------
    Total:                    4 176        8       28

command line: [2]
    -------------------------------------------------
    Total:

dl7M_tlf.a: [3]
    XShHandles.o                204               128
    XShttio.o                    60        3        9
    abort.o                       6
    exit.o                        4
    fclose.o                    126
    fflush.o                    172
    fputc.o                      84
    fseek.o                      36
    heap0.o                     320                 8
    heaptramp0.o                  4
    low_level_init.o              4
    printf.o                     40
    putchar.o                    12
    xcloseall.o                  60
    xencoding_8859_1.o           30
    xfail_s.o                    68                 4
    xfgpos.o                     12
    xfiles.o                              91      408
    xfofind.o                   124
    xfspos.o                    216
    xfwprep.o                   180
    xgetmemchunk.o               44                 4
    xlocale_c.o                 120       53      128
    xmbcurmax.o                  10
    xprintffull.o             3 918
    xprout.o                     22
    -------------------------------------------------
    Total:                    5 876      147      689

m7M_tls.a: [4]
    DblAdd.o                    360
    DblCmpGe.o                   46
    DblCmpLe.o                   46
    DblDiv.o                    582
    DblMul.o                    418
    DblSub.o                    226
    DblToS32.o                   58
    DblToU32.o                   40
    S32ToDbl.o                   34
    U32ToDbl.o                   26
    fpinit_M.o                   34
    frexp.o                     112
    ldexp.o                     314
    -------------------------------------------------
    Total:                    2 296

rt7M_tl.a: [5]
    ABImemclr4.o                  6
    ABImemcpy.o                 166
    ABImemset48.o                50
    I64DivMod.o                 558
    I64DivZer.o                   2
    cexit.o                      14
    cmain.o                      30
    cstart_closeall.o
    cstartup_M.o                 12
    data_init.o                  40
    lz77_init_single.o          122
    memchr.o                     88
    strchr.o                     22
    strlen.o                     54
    zero_init3.o                 64
    -------------------------------------------------
    Total:                    1 228

shb_l.a: [6]
    close.o                      24
    dwrite.o                     30
    exit.o                       20
    iarttio.o                   124
    iarwrite.o                   34
    iarwstd.o                    32
    lseek.o                      74
    remove.o                     20
    write.o                      16
    -------------------------------------------------
    Total:                      374

    Gaps                         42        2
    Linker created                        32    1 536
-----------------------------------------------------
    Grand Total:             13 992      189    2 253


*******************************************************************************
*** ENTRY LIST
***

Entry                      Address   Size  Type      Object
-----                      -------   ----  ----      ------
.iar.init_table$$Base   0x080034c8          --   Gb  - Linker created -
.iar.init_table$$Limit  0x080034e8          --   Gb  - Linker created -
?main                   0x080034e9         Code  Gb  cmain.o [5]
AHBPrescTable           0x08003240   0x10  Data  Gb  system_stm32l4xx.o [1]
Aldata                  0x200002b8    0x8  Data  Lc  heap0.o [3]
BSP_LED_Init            0x08002b5d   0x68  Code  Gb  stm32l476g_discovery.o [1]
BSP_LED_Toggle          0x08002bc5   0x14  Code  Gb  stm32l476g_discovery.o [1]
BusFault_Handler        0x08003525    0x2  Code  Gb  stm32l4xx_it.o [1]
CSTACK$$Base            0x200002d0          --   Gb  - Linker created -
CSTACK$$Limit           0x200006d0          --   Gb  - Linker created -
CacheMore               0x08001155   0x24  Code  Lc  xlocale_c.o [3]
DebugMon_Handler        0x0800352b    0x2  Code  Gb  stm32l4xx_it.o [1]
EXTI0_IRQHandler        0x08003533    0x6  Code  Gb  stm32l4xx_it.o [1]
HAL_Delay               0x08002c0d   0x28  Code  Wk  stm32l4xx_hal.o [1]
HAL_GPIO_EXTI_Callback  0x08002aed   0x1a  Code  Gb  main.o [1]
HAL_GPIO_EXTI_IRQHandler
                        0x080029ab   0x10  Code  Gb  stm32l4xx_hal_gpio.o [1]
HAL_GPIO_Init           0x080027d1  0x1bc  Code  Gb  stm32l4xx_hal_gpio.o [1]
HAL_GPIO_TogglePin      0x0800299b   0x10  Code  Gb  stm32l4xx_hal_gpio.o [1]
HAL_GPIO_WritePin       0x0800298d    0xe  Code  Gb  stm32l4xx_hal_gpio.o [1]
HAL_GetTick             0x0800267d    0xc  Code  Wk  stm32l4xx_hal.o [1]
HAL_IncTick             0x08003539   0x10  Code  Wk  stm32l4xx_hal.o [1]
HAL_Init                0x08002b35   0x1e  Code  Gb  stm32l4xx_hal.o [1]
HAL_InitTick            0x08002639   0x44  Code  Wk  stm32l4xx_hal.o [1]
HAL_MspInit             0x08002c35   0x30  Code  Gb  stm32l4xx_hal_msp.o [1]
HAL_NVIC_EnableIRQ      0x0800277b   0x16  Code  Gb  stm32l4xx_hal_cortex.o [1]
HAL_NVIC_SetPriority    0x08002741   0x3a  Code  Gb  stm32l4xx_hal_cortex.o [1]
HAL_NVIC_SetPriorityGrouping
                        0x08002727   0x1a  Code  Gb  stm32l4xx_hal_cortex.o [1]
HAL_PWREx_ControlVoltageScaling
                        0x08002695   0x68  Code  Gb  stm32l4xx_hal_pwr_ex.o [1]
HAL_PWREx_GetVoltageRange
                        0x08002689    0xc  Code  Gb  stm32l4xx_hal_pwr_ex.o [1]
HAL_RCC_ClockConfig     0x080023eb   0xe4  Code  Gb  stm32l4xx_hal_rcc.o [1]
HAL_RCC_GetSysClockFreq
                        0x080024f7   0x92  Code  Gb  stm32l4xx_hal_rcc.o [1]
HAL_RCC_OscConfig       0x08001f71  0x456  Code  Gb  stm32l4xx_hal_rcc.o [1]
HAL_SYSTICK_Config      0x08002791   0x28  Code  Gb  stm32l4xx_hal_cortex.o [1]
HEAP$$Base              0x200006d0          --   Gb  - Linker created -
HEAP$$Limit             0x200008d0          --   Gb  - Linker created -
HardFault_Handler       0x08003521    0x2  Code  Gb  stm32l4xx_it.o [1]
LED_PIN                 0x08002be0    0x4  Data  Gb  stm32l476g_discovery.o [1]
LED_PORT                0x20000000    0x8  Data  Gb  stm32l476g_discovery.o [1]
LoadInt                 0x08000357   0x7a  Code  Lc  xprintffull.o [3]
MSIRangeTable           0x08003250   0x30  Data  Gb  system_stm32l4xx.o [1]
MemManage_Handler       0x08003523    0x2  Code  Gb  stm32l4xx_it.o [1]
NMI_Handler             0x0800351f    0x2  Code  Gb  stm32l4xx_it.o [1]
PendSV_Handler          0x0800352d    0x2  Code  Gb  stm32l4xx_it.o [1]
RCC_SetFlashLatencyFromMSIRange
                        0x08002589   0x74  Code  Lc  stm32l4xx_hal_rcc.o [1]
Region$$Table$$Base     0x080034c8          --   Gb  - Linker created -
Region$$Table$$Limit    0x080034e8          --   Gb  - Linker created -
SVC_Handler             0x08003529    0x2  Code  Gb  stm32l4xx_it.o [1]
SysTick_Handler         0x0800352f    0x4  Code  Gb  stm32l4xx_it.o [1]
SystemClock_Config      0x08002a69   0x74  Code  Gb  main.o [1]
SystemCoreClock         0x20000014    0x4  Data  Gb  system_stm32l4xx.o [1]
SystemInit              0x080031f5   0x3c  Code  Gb  system_stm32l4xx.o [1]
UsageFault_Handler      0x08003527    0x2  Code  Gb  stm32l4xx_it.o [1]
_Close_all              0x08003441   0x3c  Code  Gb  xcloseall.o [3]
_Encoding_8859_1_Mbrlen
                        0x080011f1    0x2  Code  Gb  xencoding_8859_1.o [3]
_Encoding_8859_1_Wctomb
                        0x080011df   0x12  Code  Gb  xencoding_8859_1.o [3]
_Files                  0x20000170   0x20  Data  Gb  xfiles.o [3]
_Fofree                 0x08003301   0x78  Code  Gb  xfofind.o [3]
_Fspos                  0x08002e05   0xd8  Code  Gb  xfspos.o [3]
_Fwprep                 0x0800311d   0xb4  Code  Gb  xfwprep.o [3]
_GenldFull              0x08000dd7  0x250  Code  Lc  xprintffull.o [3]
_LdtobFull              0x080009ad  0x3fe  Code  Lc  xprintffull.o [3]
_LitobFull              0x08000855  0x112  Code  Lc  xprintffull.o [3]
_Locale_lconv           0x20000018   0x38  Data  Lc  xlocale_c.o [3]
_Nnl                    0x08002f89    0xc  Code  Gb  xfgpos.o [3]
_PrintfFull             0x08000189  0x1b8  Code  Gb  xprintffull.o [3]
_Prout                  0x08003549   0x16  Code  Gb  xprout.o [3]
_PutcharsFull           0x08001027   0x2e  Code  Lc  xprintffull.o [3]
_PutfldFull             0x080003d1  0x2d0  Code  Lc  xprintffull.o [3]
_PutstrFull             0x08000797   0xbe  Code  Lc  xprintffull.o [3]
_PuttxtFull             0x080006a1   0xf6  Code  Lc  xprintffull.o [3]
__NVIC_SetPriority      0x08002709   0x1e  Code  Lc  stm32l4xx_hal_cortex.o [1]
__aeabi_cdcmple         0x080017c9         Code  Gb  DblCmpLe.o [4]
__aeabi_cdrcmple        0x080017f9         Code  Gb  DblCmpGe.o [4]
__aeabi_d2iz            0x08001965         Code  Gb  DblToS32.o [4]
__aeabi_d2uiz           0x08001cf1         Code  Gb  DblToU32.o [4]
__aeabi_ddiv            0x08001aa9         Code  Gb  DblDiv.o [4]
__aeabi_dmul            0x080015b5         Code  Gb  DblMul.o [4]
__aeabi_dsub            0x080019c5         Code  Gb  DblSub.o [4]
__aeabi_i2d             0x080019a1         Code  Gb  S32ToDbl.o [4]
__aeabi_ldiv0           0x08001d39         Code  Gb  I64DivZer.o [5]
__aeabi_memclr4         0x08002b55         Code  Gb  ABImemclr4.o [5]
__aeabi_memcpy          0x080012dd         Code  Gb  ABImemcpy.o [5]
__aeabi_memcpy4         0x080012fd         Code  Gb  ABImemcpy.o [5]
__aeabi_memcpy8         0x080012fd         Code  Gb  ABImemcpy.o [5]
__aeabi_ui2d            0x08001d19         Code  Gb  U32ToDbl.o [4]
__aeabi_uldivmod        0x08001385         Code  Gb  I64DivMod.o [5]
__basic_free            0x08002d45   0x16  Code  Gb  heap0.o [3]
__basic_free_intern     0x08002d5b   0x7a  Code  Lc  heap0.o [3]
__basic_malloc          0x08002c99   0x18  Code  Gb  heap0.o [3]
__basic_malloc_intern   0x08002cb1   0x94  Code  Lc  heap0.o [3]
__cexit_closeall        0x08003513         Code  Gb  cexit.o [5]
__close                 0x08003381   0x18  Code  Gb  close.o [6]
__cmain                 0x080034e9         Code  Gb  cmain.o [5]
__cstart_closeall       0x080036d0         Data  Gb  cstart_closeall.o [5]
__data_GetMemChunk      0x08002dd9   0x2c  Code  Gb  xgetmemchunk.o [3]
__data_GetMemChunk::start
                        0x200002c8    0x4  Data  Lc  xgetmemchunk.o [3]
__dwrite                0x080030bd   0x1e  Code  Gb  dwrite.o [6]
__exit                  0x08001ea5   0x14  Code  Gb  exit.o [6]
__iar_Fail_s            0x080011fd   0x1e  Code  Gb  xfail_s.o [3]
__iar_Mbcurmax          0x080012d1    0xa  Code  Gb  xmbcurmax.o [3]
__iar_Memchr            0x08001279         Code  Gb  memchr.o [5]
__iar_Memset4_word      0x08002c65         Code  Gb  ABImemset48.o [5]
__iar_Memset8_word      0x08002c65         Code  Gb  ABImemset48.o [5]
__iar_Stderr            0x20000128   0x48  Data  Gb  xfiles.o [3]
__iar_Stdin             0x20000098   0x48  Data  Gb  xfiles.o [3]
__iar_Stdout            0x200000e0   0x48  Data  Gb  xfiles.o [3]
__iar_Strchr            0x080011c9         Code  Gb  strchr.o [5]
__iar_close_ttio        0x08001eb9   0x2c  Code  Gb  iarttio.o [6]
__iar_dadd              0x080019d5         Code  Gb  DblSub.o [4]
__iar_data_init3        0x0800347d   0x28  Code  Gb  data_init.o [5]
__iar_dsub              0x08001d3d         Code  Gb  DblAdd.o [4]
__iar_dsubStart         0x08001d4f         Code  Gb  DblAdd.o [4]
__iar_frexp             0x08001765         Code  Gb  frexp.o [4]
__iar_frexpl            0x08001765         Code  Gb  frexp.o [4]
__iar_get_ttio          0x08001ee5   0x4c  Code  Gb  iarttio.o [6]
__iar_globLocale        0x20000050   0x48  Data  Lc  xlocale_c.o [3]
__iar_global_Locale     0x08001151    0x4  Code  Gb  xlocale_c.o [3]
__iar_init_vfp          0x080034a5         Code  Gb  fpinit_M.o [4]
__iar_ldexp64           0x08001829         Code  Gb  ldexp.o [4]
__iar_lookup_ttioh      0x08001f63    0x4  Code  Gb  XShttio.o [3]
__iar_lz77_init_single3
                        0x080010d7   0x7a  Code  Gb  lz77_init_single.o [5]
__iar_program_start     0x0800357d         Code  Gb  cstartup_M.o [5]
__iar_scalbln64         0x08001829         Code  Gb  ldexp.o [4]
__iar_scalbn64          0x08001829         Code  Gb  ldexp.o [4]
__iar_sh_Discard        0x08002ff1   0x42  Code  Gb  XShHandles.o [3]
__iar_sh_Move           0x08003033   0x46  Code  Gb  XShHandles.o [3]
__iar_sh_Pos            0x08003079   0x3e  Code  Gb  XShHandles.o [3]
__iar_sh_stdout         0x080030db   0x20  Code  Gb  iarwstd.o [6]
__iar_sh_write          0x080030fb   0x22  Code  Gb  iarwrite.o [6]
__iar_softfp___iar_frexp64
                        0x08001759         Code  Gb  frexp.o [4]
__iar_softfp_frexp      0x08001759         Code  Gb  frexp.o [4]
__iar_softfp_frexpl     0x08001759         Code  Gb  frexp.o [4]
__iar_systems$$module {Abs}
                        0x00000001         Data  Gb  command line/config [2]
__iar_ttio_guard_lock   0x08001f35   0x1e  Code  Gb  XShttio.o [3]
__iar_ttio_guard_unlock
                        0x08001f53   0x10  Code  Gb  XShttio.o [3]
__iar_ttio_handles      0x20000190    0x8  Data  Lc  XShttio.o [3]
__iar_zero_init3        0x08003401   0x40  Code  Gb  zero_init3.o [5]
__low_level_init        0x08003507    0x4  Code  Gb  low_level_init.o [3]
__lseek                 0x08002f95   0x4a  Code  Gb  lseek.o [6]
__vector_table          0x08000000         Data  Gb  startup_stm32l476xx.o [1]
__write                 0x08002fdf   0x10  Code  Gb  write.o [6]
_call_main              0x080034f5         Code  Gb  cmain.o [5]
_exit                   0x08003511         Code  Gb  cexit.o [5]
_gLocale_mblen          0x080011b1    0x4  Code  Gb  xlocale_c.o [3]
_gLocale_mblenInt       0x08001179   0x34  Code  Gb  xlocale_c.o [3]
_gLocale_wctomb         0x080011b5    0x4  Code  Gb  xlocale_c.o [3]
_gLocale_wctombInt      0x080011ad    0x4  Code  Gb  xlocale_c.o [3]
_main                   0x08003503         Code  Gb  cmain.o [5]
abort                   0x08001d33    0x6  Code  Gb  abort.o [3]
ebuf                    0x20000218   0x50  Data  Lc  xfiles.o [3]
exit                    0x0800350b    0x4  Code  Gb  exit.o [3]
fclose                  0x08003281   0x7e  Code  Gb  fclose.o [3]
fflush                  0x08002f51   0x34  Code  Gb  fflush.o [3]
fflushOne               0x08002edd   0x74  Code  Lc  fflush.o [3]
fputc                   0x080033ad   0x54  Code  Gb  fputc.o [3]
free                    0x0800337d    0x4  Code  Gb  heaptramp0.o [3]
fseek                   0x080031d1   0x24  Code  Gb  fseek.o [3]
i                       0x200002c0    0x4  Data  Gb  main.o [1]
ldexp                   0x08001829         Code  Gb  ldexp.o [4]
ldexpl                  0x08001829         Code  Gb  ldexp.o [4]
localeconv              0x080011b9    0x4  Code  Gb  xlocale_c.o [3]
main                    0x080029e5   0x84  Code  Gb  main.o [1]
memchr                  0x08001279         Code  Gb  memchr.o [5]
obuf                    0x20000268   0x50  Data  Lc  xfiles.o [3]
printf                  0x08002be5   0x28  Code  Gb  printf.o [3]
putchar                 0x08003561    0xc  Code  Gb  putchar.o [3]
remove                  0x08003399   0x14  Code  Gb  remove.o [6]
sFileInfo               0x20000198   0x80  Data  Lc  XShHandles.o [3]
scalbln                 0x08001829         Code  Gb  ldexp.o [4]
scalblnl                0x08001829         Code  Gb  ldexp.o [4]
scalbn                  0x08001829         Code  Gb  ldexp.o [4]
scalbnl                 0x08001829         Code  Gb  ldexp.o [4]
scale                   0x08000967   0x46  Code  Lc  xprintffull.o [3]
sec_hand                0x200002c4    0x4  Data  Lc  xfail_s.o [3]
strchr                  0x080011c9         Code  Gb  strchr.o [5]
strlen                  0x08001241         Code  Gb  strlen.o [5]
ttio_guard              0x200002cc    0x1  Data  Lc  XShttio.o [3]
uwTick                  0x20000008    0x4  Data  Gb  stm32l4xx_hal.o [1]
uwTickFreq              0x20000010    0x4  Data  Gb  stm32l4xx_hal.o [1]
uwTickPrio              0x2000000c    0x4  Data  Gb  stm32l4xx_hal.o [1]


[1] = C:\Users\bayrem.gharsallaoui\Documents\STM32L4_Projects\ext_interrupt\EWARM\ext_interrupt\Obj
[2] = command line
[3] = dl7M_tlf.a
[4] = m7M_tls.a
[5] = rt7M_tl.a
[6] = shb_l.a

  13 992 bytes of readonly  code memory
     189 bytes of readonly  data memory
   2 253 bytes of readwrite data memory

Errors: none
Warnings: none
