###############################################################################
#
# IAR ELF Linker V8.20.1.14183/W32 for ARM                05/Sep/2019  09:23:22
# Copyright 2007-2017 IAR Systems AB.
#
#    Output file  =  
#        C:\Users\bayrem.gharsallaoui\Documents\STM32L4_Projects\freertos_template\EWARM\freertos_template\Exe\freertos_template.out
#    Map file     =  
#        C:\Users\bayrem.gharsallaoui\Documents\STM32L4_Projects\freertos_template\EWARM\freertos_template\List\freertos_template.map
#    Command line =  
#        -f C:\Users\BAYREM~1.GHA\AppData\Local\Temp\EW4059.tmp
#        (C:\Users\bayrem.gharsallaoui\Documents\STM32L4_Projects\freertos_template\EWARM\freertos_template\Obj\croutine.o
#        C:\Users\bayrem.gharsallaoui\Documents\STM32L4_Projects\freertos_template\EWARM\freertos_template\Obj\event_groups.o
#        C:\Users\bayrem.gharsallaoui\Documents\STM32L4_Projects\freertos_template\EWARM\freertos_template\Obj\heap_4.o
#        C:\Users\bayrem.gharsallaoui\Documents\STM32L4_Projects\freertos_template\EWARM\freertos_template\Obj\list.o
#        C:\Users\bayrem.gharsallaoui\Documents\STM32L4_Projects\freertos_template\EWARM\freertos_template\Obj\main.o
#        C:\Users\bayrem.gharsallaoui\Documents\STM32L4_Projects\freertos_template\EWARM\freertos_template\Obj\port.o
#        C:\Users\bayrem.gharsallaoui\Documents\STM32L4_Projects\freertos_template\EWARM\freertos_template\Obj\portasm.o
#        C:\Users\bayrem.gharsallaoui\Documents\STM32L4_Projects\freertos_template\EWARM\freertos_template\Obj\queue.o
#        C:\Users\bayrem.gharsallaoui\Documents\STM32L4_Projects\freertos_template\EWARM\freertos_template\Obj\startup_stm32l476xx.o
#        C:\Users\bayrem.gharsallaoui\Documents\STM32L4_Projects\freertos_template\EWARM\freertos_template\Obj\stm32l4xx_hal.o
#        C:\Users\bayrem.gharsallaoui\Documents\STM32L4_Projects\freertos_template\EWARM\freertos_template\Obj\stm32l4xx_hal_cortex.o
#        C:\Users\bayrem.gharsallaoui\Documents\STM32L4_Projects\freertos_template\EWARM\freertos_template\Obj\stm32l4xx_hal_dma.o
#        C:\Users\bayrem.gharsallaoui\Documents\STM32L4_Projects\freertos_template\EWARM\freertos_template\Obj\stm32l4xx_hal_dma_ex.o
#        C:\Users\bayrem.gharsallaoui\Documents\STM32L4_Projects\freertos_template\EWARM\freertos_template\Obj\stm32l4xx_hal_exti.o
#        C:\Users\bayrem.gharsallaoui\Documents\STM32L4_Projects\freertos_template\EWARM\freertos_template\Obj\stm32l4xx_hal_flash.o
#        C:\Users\bayrem.gharsallaoui\Documents\STM32L4_Projects\freertos_template\EWARM\freertos_template\Obj\stm32l4xx_hal_flash_ex.o
#        C:\Users\bayrem.gharsallaoui\Documents\STM32L4_Projects\freertos_template\EWARM\freertos_template\Obj\stm32l4xx_hal_flash_ramfunc.o
#        C:\Users\bayrem.gharsallaoui\Documents\STM32L4_Projects\freertos_template\EWARM\freertos_template\Obj\stm32l4xx_hal_gpio.o
#        C:\Users\bayrem.gharsallaoui\Documents\STM32L4_Projects\freertos_template\EWARM\freertos_template\Obj\stm32l4xx_hal_i2c.o
#        C:\Users\bayrem.gharsallaoui\Documents\STM32L4_Projects\freertos_template\EWARM\freertos_template\Obj\stm32l4xx_hal_i2c_ex.o
#        C:\Users\bayrem.gharsallaoui\Documents\STM32L4_Projects\freertos_template\EWARM\freertos_template\Obj\stm32l4xx_hal_msp.o
#        C:\Users\bayrem.gharsallaoui\Documents\STM32L4_Projects\freertos_template\EWARM\freertos_template\Obj\stm32l4xx_hal_pwr.o
#        C:\Users\bayrem.gharsallaoui\Documents\STM32L4_Projects\freertos_template\EWARM\freertos_template\Obj\stm32l4xx_hal_pwr_ex.o
#        C:\Users\bayrem.gharsallaoui\Documents\STM32L4_Projects\freertos_template\EWARM\freertos_template\Obj\stm32l4xx_hal_rcc.o
#        C:\Users\bayrem.gharsallaoui\Documents\STM32L4_Projects\freertos_template\EWARM\freertos_template\Obj\stm32l4xx_hal_rcc_ex.o
#        C:\Users\bayrem.gharsallaoui\Documents\STM32L4_Projects\freertos_template\EWARM\freertos_template\Obj\stm32l4xx_hal_tim.o
#        C:\Users\bayrem.gharsallaoui\Documents\STM32L4_Projects\freertos_template\EWARM\freertos_template\Obj\stm32l4xx_hal_tim_ex.o
#        C:\Users\bayrem.gharsallaoui\Documents\STM32L4_Projects\freertos_template\EWARM\freertos_template\Obj\stm32l4xx_it.o
#        C:\Users\bayrem.gharsallaoui\Documents\STM32L4_Projects\freertos_template\EWARM\freertos_template\Obj\stream_buffer.o
#        C:\Users\bayrem.gharsallaoui\Documents\STM32L4_Projects\freertos_template\EWARM\freertos_template\Obj\system_stm32l4xx.o
#        C:\Users\bayrem.gharsallaoui\Documents\STM32L4_Projects\freertos_template\EWARM\freertos_template\Obj\tasks.o
#        C:\Users\bayrem.gharsallaoui\Documents\STM32L4_Projects\freertos_template\EWARM\freertos_template\Obj\timers.o
#        --redirect _Printf=_PrintfFull --redirect _Scanf=_ScanfFull -o
#        C:\Users\bayrem.gharsallaoui\Documents\STM32L4_Projects\freertos_template\EWARM\freertos_template\Exe\freertos_template.out
#        --map
#        C:\Users\bayrem.gharsallaoui\Documents\STM32L4_Projects\freertos_template\EWARM\freertos_template\List\freertos_template.map
#        --config
#        C:\Users\bayrem.gharsallaoui\Documents\STM32L4_Projects\freertos_template\EWARM/stm32l476xx_flash.icf
#        --semihosting --entry __iar_program_start --vfe --text_out locale)
#
###############################################################################

*******************************************************************************
*** RUNTIME MODEL ATTRIBUTES
***

CppFlavor       = *
__Heap_Handler  = Basic
__SystemLibrary = DLib
__dlib_version  = 6


*******************************************************************************
*** HEAP SELECTION
***

The basic heap was selected because no calls to memory allocation
functions were found in the application outside of system library
functions, and there are calls to deallocation functions in the
application.


*******************************************************************************
*** PLACEMENT SUMMARY
***

"A0":  place at 0x08000000 { ro section .intvec };
"P1":  place in [from 0x08000000 to 0x080fffff] { ro };
define block CSTACK with size = 1K, alignment = 8 { };
define block HEAP with size = 64K, alignment = 8 { };
"P2":  place in [from 0x20000000 to 0x20017fff] {
          rw, block CSTACK, block HEAP };
"P3":  place in [from 0x20000000 to 0x20017fff] { };
initialize by copy { rw };

  Section            Kind        Address     Size  Object
  -------            ----        -------     ----  ------
"A0":                                       0x188
  .intvec            ro code  0x08000000    0x188  startup_stm32l476xx.o [1]
                            - 0x08000188    0x188

"P1":                                      0x4441
  .text              ro code  0x08000188    0xf4e  xprintffull.o [3]
  .text              ro code  0x080010d6     0x7a  lz77_init_single.o [5]
  .text              ro code  0x08001150     0x78  xlocale_c.o [3]
  .text              ro code  0x080011c8     0x16  strchr.o [5]
  .text              ro code  0x080011de     0x1e  xencoding_8859_1.o [3]
  .text              ro code  0x080011fc     0x44  xfail_s.o [3]
  .text              ro code  0x08001240     0x36  strlen.o [5]
  .text              ro code  0x08001278     0x58  memchr.o [5]
  .text              ro code  0x080012d0      0xa  xmbcurmax.o [3]
  .text              ro code  0x080012dc     0xa6  ABImemcpy.o [5]
  .text              ro code  0x08001384    0x22e  I64DivMod.o [5]
  .text              ro code  0x080015b4    0x1a2  DblMul.o [4]
  .text              ro code  0x08001758     0x70  frexp.o [4]
  .text              ro code  0x080017c8     0x2e  DblCmpLe.o [4]
  .text              ro code  0x080017f8     0x2e  DblCmpGe.o [4]
  .text              ro code  0x08001828    0x13a  ldexp.o [4]
  .text              ro code  0x08001964     0x3a  DblToS32.o [4]
  .text              ro code  0x080019a0     0x22  S32ToDbl.o [4]
  .text              ro code  0x080019c4     0xe2  DblSub.o [4]
  .text              ro code  0x08001aa8    0x246  DblDiv.o [4]
  .text              ro code  0x08001cf0     0x28  DblToU32.o [4]
  .text              ro code  0x08001d18     0x1a  U32ToDbl.o [4]
  .text              ro code  0x08001d32      0x6  abort.o [3]
  .text              ro code  0x08001d38      0x2  I64DivZer.o [5]
  .text              ro code  0x08001d3c    0x168  DblAdd.o [4]
  .text              ro code  0x08001ea4     0x14  exit.o [6]
  .text              ro code  0x08001eb8     0x7c  iarttio.o [6]
  .text              ro code  0x08001f34     0x3c  XShttio.o [3]
  .text              ro code  0x08001f70    0x6c8  stm32l4xx_hal_rcc.o [1]
  .text              ro code  0x08002638     0x44  stm32l4xx_hal.o [1]
  .text              ro code  0x0800267c      0xc  stm32l4xx_hal.o [1]
  .text              ro code  0x08002688     0x80  stm32l4xx_hal_pwr_ex.o [1]
  .text              ro code  0x08002708     0xb0  stm32l4xx_hal_cortex.o [1]
  .text              ro code  0x080027b8    0x550  tasks.o [1]
  .text              ro code  0x08002d08    0x1b0  heap_4.o [1]
  .text              ro code  0x08002eb8     0x3a  ABImemset48.o [5]
  .text              ro code  0x08002ef2     0x90  list.o [1]
  .text              ro code  0x08002f84    0x19c  port.o [1]
  CODE               ro code  0x08003120     0xb0  portasm.o [1]
  .text              ro code  0x080031d0    0x538  stm32l4xx_hal_rcc_ex.o [1]
  .text              ro code  0x08003708    0x1f0  stm32l4xx_hal_gpio.o [1]
  .text              ro code  0x080038f8    0x168  main.o [1]
  .text              ro code  0x08003a60     0x2c  stm32l4xx_hal.o [1]
  .text              ro code  0x08003a8c      0x6  ABImemclr4.o [5]
  .text              ro code  0x08003a94     0x28  printf.o [3]
  .text              ro code  0x08003abc     0x28  stm32l4xx_hal.o [1]
  .text              ro code  0x08003ae4     0x30  stm32l4xx_hal_msp.o [1]
  .text              ro code  0x08003b14    0x140  heap0.o [3]
  .text              ro code  0x08003c54     0x2c  xgetmemchunk.o [3]
  .text              ro code  0x08003c80     0xd8  xfspos.o [3]
  .text              ro code  0x08003d58     0xac  fflush.o [3]
  .text              ro code  0x08003e04      0xc  xfgpos.o [3]
  .text              ro code  0x08003e10     0x4a  lseek.o [6]
  .text              ro code  0x08003e5a     0x10  write.o [6]
  .text              ro code  0x08003e6c     0xcc  XShHandles.o [3]
  .text              ro code  0x08003f38     0x1e  dwrite.o [6]
  .text              ro code  0x08003f56     0x20  iarwstd.o [6]
  .text              ro code  0x08003f76     0x22  iarwrite.o [6]
  .text              ro code  0x08003f98     0xb4  xfwprep.o [3]
  .text              ro code  0x0800404c     0x24  fseek.o [3]
  .text              ro code  0x08004070     0x8c  system_stm32l4xx.o [1]
  .text              ro code  0x080040fc     0x7e  fclose.o [3]
  .text              ro code  0x0800417c     0x7c  xfofind.o [3]
  .text              ro code  0x080041f8      0x4  heaptramp0.o [3]
  .text              ro code  0x080041fc     0x18  close.o [6]
  .text              ro code  0x08004214     0x14  remove.o [6]
  .text              ro code  0x08004228     0x54  fputc.o [3]
  .text              ro code  0x0800427c     0x40  zero_init3.o [5]
  .text              ro code  0x080042bc     0x3c  xcloseall.o [3]
  .text              ro code  0x080042f8     0x28  data_init.o [5]
  .text              ro code  0x08004320     0x22  fpinit_M.o [4]
  .iar.init_table    const    0x08004344     0x20  - Linker created -
  .text              ro code  0x08004364     0x1e  cmain.o [5]
  .text              ro code  0x08004382      0x4  low_level_init.o [3]
  .text              ro code  0x08004386      0x4  exit.o [3]
  .text              ro code  0x0800438c      0xe  cexit.o [5]
  .text              ro code  0x0800439a     0x16  xprout.o [3]
  .text              ro code  0x080043b0      0xc  putchar.o [3]
  .text              ro code  0x080043bc     0x10  startup_stm32l476xx.o [1]
  .text              ro code  0x080043cc      0xc  stm32l4xx_it.o [1]
  .text              ro code  0x080043d8      0xc  cstartup_M.o [5]
  .rodata            const    0x080043e4      0x6  xlocale_c.o [3]
  .text              ro code  0x080043ea      0x4  startup_stm32l476xx.o [1]
  .text              ro code  0x080043ee      0x4  startup_stm32l476xx.o [1]
  .text              ro code  0x080043f2      0x4  startup_stm32l476xx.o [1]
  .text              ro code  0x080043f6      0x4  startup_stm32l476xx.o [1]
  .text              ro code  0x080043fa      0x4  startup_stm32l476xx.o [1]
  .text              ro code  0x080043fe      0x4  startup_stm32l476xx.o [1]
  .text              ro code  0x08004402      0x4  startup_stm32l476xx.o [1]
  .text              ro code  0x08004406      0x4  startup_stm32l476xx.o [1]
  .text              ro code  0x0800440a      0x4  startup_stm32l476xx.o [1]
  .text              ro code  0x0800440e      0x4  startup_stm32l476xx.o [1]
  .text              ro code  0x08004412      0x4  startup_stm32l476xx.o [1]
  .text              ro code  0x08004416      0x4  startup_stm32l476xx.o [1]
  .text              ro code  0x0800441a      0x4  startup_stm32l476xx.o [1]
  .text              ro code  0x0800441e      0x4  startup_stm32l476xx.o [1]
  .text              ro code  0x08004422      0x4  startup_stm32l476xx.o [1]
  .text              ro code  0x08004426      0x4  startup_stm32l476xx.o [1]
  .text              ro code  0x0800442a      0x4  startup_stm32l476xx.o [1]
  .text              ro code  0x0800442e      0x4  startup_stm32l476xx.o [1]
  .text              ro code  0x08004432      0x4  startup_stm32l476xx.o [1]
  .text              ro code  0x08004436      0x4  startup_stm32l476xx.o [1]
  .text              ro code  0x0800443a      0x4  startup_stm32l476xx.o [1]
  .text              ro code  0x0800443e      0x4  startup_stm32l476xx.o [1]
  .text              ro code  0x08004442      0x4  startup_stm32l476xx.o [1]
  .text              ro code  0x08004446      0x4  startup_stm32l476xx.o [1]
  .text              ro code  0x0800444a      0x4  startup_stm32l476xx.o [1]
  .text              ro code  0x0800444e      0x4  startup_stm32l476xx.o [1]
  .text              ro code  0x08004452      0x4  startup_stm32l476xx.o [1]
  .text              ro code  0x08004456      0x4  startup_stm32l476xx.o [1]
  .text              ro code  0x0800445a      0x4  startup_stm32l476xx.o [1]
  .text              ro code  0x0800445e      0x4  startup_stm32l476xx.o [1]
  .text              ro code  0x08004462      0x4  startup_stm32l476xx.o [1]
  .text              ro code  0x08004466      0x4  startup_stm32l476xx.o [1]
  .text              ro code  0x0800446a      0x4  startup_stm32l476xx.o [1]
  .text              ro code  0x0800446e      0x4  startup_stm32l476xx.o [1]
  .text              ro code  0x08004472      0x4  startup_stm32l476xx.o [1]
  .text              ro code  0x08004476      0x4  startup_stm32l476xx.o [1]
  .text              ro code  0x0800447a      0x4  startup_stm32l476xx.o [1]
  .text              ro code  0x0800447e      0x4  startup_stm32l476xx.o [1]
  .text              ro code  0x08004482      0x4  startup_stm32l476xx.o [1]
  .text              ro code  0x08004486      0x4  startup_stm32l476xx.o [1]
  .text              ro code  0x0800448a      0x4  startup_stm32l476xx.o [1]
  .text              ro code  0x0800448e      0x4  startup_stm32l476xx.o [1]
  .text              ro code  0x08004492      0x4  startup_stm32l476xx.o [1]
  .text              ro code  0x08004496      0x4  startup_stm32l476xx.o [1]
  .text              ro code  0x0800449a      0x4  startup_stm32l476xx.o [1]
  .text              ro code  0x0800449e      0x4  startup_stm32l476xx.o [1]
  .text              ro code  0x080044a2      0x4  startup_stm32l476xx.o [1]
  .text              ro code  0x080044a6      0x4  startup_stm32l476xx.o [1]
  .text              ro code  0x080044aa      0x4  startup_stm32l476xx.o [1]
  .text              ro code  0x080044ae      0x4  startup_stm32l476xx.o [1]
  .text              ro code  0x080044b2      0x4  startup_stm32l476xx.o [1]
  .text              ro code  0x080044b6      0x4  startup_stm32l476xx.o [1]
  .text              ro code  0x080044ba      0x4  startup_stm32l476xx.o [1]
  .text              ro code  0x080044be      0x4  startup_stm32l476xx.o [1]
  .text              ro code  0x080044c2      0x4  startup_stm32l476xx.o [1]
  .text              ro code  0x080044c6      0x4  startup_stm32l476xx.o [1]
  .text              ro code  0x080044ca      0x4  startup_stm32l476xx.o [1]
  .text              ro code  0x080044ce      0x4  startup_stm32l476xx.o [1]
  .text              ro code  0x080044d2      0x4  startup_stm32l476xx.o [1]
  .text              ro code  0x080044d6      0x4  startup_stm32l476xx.o [1]
  .text              ro code  0x080044da      0x4  startup_stm32l476xx.o [1]
  .text              ro code  0x080044de      0x4  startup_stm32l476xx.o [1]
  .text              ro code  0x080044e2      0x4  startup_stm32l476xx.o [1]
  .text              ro code  0x080044e6      0x4  startup_stm32l476xx.o [1]
  .text              ro code  0x080044ea      0x4  startup_stm32l476xx.o [1]
  .text              ro code  0x080044ee      0x4  startup_stm32l476xx.o [1]
  .text              ro code  0x080044f2      0x4  startup_stm32l476xx.o [1]
  .text              ro code  0x080044f6      0x4  startup_stm32l476xx.o [1]
  .text              ro code  0x080044fa      0x4  startup_stm32l476xx.o [1]
  .text              ro code  0x080044fe      0x4  startup_stm32l476xx.o [1]
  .text              ro code  0x08004502      0x4  startup_stm32l476xx.o [1]
  .text              ro code  0x08004506      0x4  startup_stm32l476xx.o [1]
  .text              ro code  0x0800450a      0x4  startup_stm32l476xx.o [1]
  .text              ro code  0x0800450e      0x4  startup_stm32l476xx.o [1]
  .text              ro code  0x08004512      0x4  startup_stm32l476xx.o [1]
  .text              ro code  0x08004516      0x4  startup_stm32l476xx.o [1]
  .text              ro code  0x0800451a      0x4  startup_stm32l476xx.o [1]
  .text              ro code  0x0800451e      0x4  startup_stm32l476xx.o [1]
  .text              ro code  0x08004522      0x4  startup_stm32l476xx.o [1]
  .text              ro code  0x08004526      0x4  startup_stm32l476xx.o [1]
  .text              ro code  0x0800452a      0x4  startup_stm32l476xx.o [1]
  .text              ro code  0x0800452e      0x4  startup_stm32l476xx.o [1]
  .text              ro code  0x08004534      0x0  cstart_closeall.o [5]
  .rodata            const    0x08004534      0x0  zero_init3.o [5]
  .rodata            const    0x08004534      0x0  lz77_init_single.o [5]
  Initializer bytes  const    0x08004534     0x95  <for P2-P3-1>
                            - 0x080045c9   0x4441

"P2-P3", part 1 of 3:                       0x19c
  P2-P3-1                     0x20000000    0x19c  <Init block>
    .data            inited   0x20000000      0xc  port.o [1]
    .data            inited   0x2000000c      0xc  stm32l4xx_hal.o [1]
    .data            inited   0x20000018      0x4  system_stm32l4xx.o [1]
    .data            inited   0x2000001c     0x38  xlocale_c.o [3]
    .data            inited   0x20000054     0x48  xlocale_c.o [3]
    .data            inited   0x2000009c     0x48  xfiles.o [3]
    .data            inited   0x200000e4     0x48  xfiles.o [3]
    .data            inited   0x2000012c     0x48  xfiles.o [3]
    .data            inited   0x20000174     0x20  xfiles.o [3]
    .data            inited   0x20000194      0x8  XShttio.o [3]
                            - 0x2000019c    0x19c

"P2-P3", part 2 of 3:                       0xdf4
  .bss               zero     0x2000019c    0xbd0  heap_4.o [1]
  .bss               zero     0x20000d6c     0xac  tasks.o [1]
  .bss               zero     0x20000e18     0x80  XShHandles.o [3]
  .bss               zero     0x20000e98     0x50  xfiles.o [3]
  .bss               zero     0x20000ee8     0x50  xfiles.o [3]
  .bss               zero     0x20000f38     0x44  tasks.o [1]
  .bss               zero     0x20000f7c      0x8  heap0.o [3]
  .bss               zero     0x20000f84      0x4  xfail_s.o [3]
  .bss               zero     0x20000f88      0x4  xgetmemchunk.o [3]
  .bss               zero     0x20000f8c      0x1  XShttio.o [3]
                            - 0x20000f8d    0xdf1

"P2-P3", part 3 of 3:                     0x10400
  CSTACK                      0x20000f90    0x400  <Block>
    CSTACK           uninit   0x20000f90    0x400  <Block tail>
  HEAP                        0x20001390  0x10000  <Block>
    HEAP             uninit   0x20001390  0x10000  <Block tail>
                            - 0x20011390  0x10400


*******************************************************************************
*** INIT TABLE
***

          Address     Size
          -------     ----
Zero (__iar_zero_init3)
    1 destination range, total size 0xdf1:
          0x2000019c  0xdf1

Copy/lz77 (__iar_lz77_init_single3)
    1 source range, total size 0x95 (36% of destination):
          0x08004534   0x95
    1 destination range, total size 0x19c:
          0x20000000  0x19c



*******************************************************************************
*** MODULE SUMMARY
***

    Module                  ro code  ro data  rw data
    ------                  -------  -------  -------
C:\Users\bayrem.gharsallaoui\Documents\STM32L4_Projects\freertos_template\EWARM\freertos_template\Obj: [1]
    heap_4.o                    432             3 024
    list.o                      144
    main.o                      360
    port.o                      412        4       12
    portasm.o                   176
    startup_stm32l476xx.o       736
    stm32l4xx_hal.o             164        4       12
    stm32l4xx_hal_cortex.o      176
    stm32l4xx_hal_gpio.o        496
    stm32l4xx_hal_msp.o          48
    stm32l4xx_hal_pwr_ex.o      128
    stm32l4xx_hal_rcc.o       1 736
    stm32l4xx_hal_rcc_ex.o    1 336
    stm32l4xx_it.o               12
    system_stm32l4xx.o          140        2        4
    tasks.o                   1 360               240
    -------------------------------------------------
    Total:                    7 856       10    3 292

command line: [2]
    -------------------------------------------------
    Total:

dl7M_tlf.a: [3]
    XShHandles.o                204               128
    XShttio.o                    60        3        9
    abort.o                       6
    exit.o                        4
    fclose.o                    126
    fflush.o                    172
    fputc.o                      84
    fseek.o                      36
    heap0.o                     320                 8
    heaptramp0.o                  4
    low_level_init.o              4
    printf.o                     40
    putchar.o                    12
    xcloseall.o                  60
    xencoding_8859_1.o           30
    xfail_s.o                    68                 4
    xfgpos.o                     12
    xfiles.o                              90      408
    xfofind.o                   124
    xfspos.o                    216
    xfwprep.o                   180
    xgetmemchunk.o               44                 4
    xlocale_c.o                 120       52      128
    xmbcurmax.o                  10
    xprintffull.o             3 918
    xprout.o                     22
    -------------------------------------------------
    Total:                    5 876      145      689

m7M_tls.a: [4]
    DblAdd.o                    360
    DblCmpGe.o                   46
    DblCmpLe.o                   46
    DblDiv.o                    582
    DblMul.o                    418
    DblSub.o                    226
    DblToS32.o                   58
    DblToU32.o                   40
    S32ToDbl.o                   34
    U32ToDbl.o                   26
    fpinit_M.o                   34
    frexp.o                     112
    ldexp.o                     314
    -------------------------------------------------
    Total:                    2 296

rt7M_tl.a: [5]
    ABImemclr4.o                  6
    ABImemcpy.o                 166
    ABImemset48.o                58
    I64DivMod.o                 558
    I64DivZer.o                   2
    cexit.o                      14
    cmain.o                      30
    cstart_closeall.o
    cstartup_M.o                 12
    data_init.o                  40
    lz77_init_single.o          122
    memchr.o                     88
    strchr.o                     22
    strlen.o                     54
    zero_init3.o                 64
    -------------------------------------------------
    Total:                    1 236

shb_l.a: [6]
    close.o                      24
    dwrite.o                     30
    exit.o                       20
    iarttio.o                   124
    iarwrite.o                   34
    iarwstd.o                    32
    lseek.o                      74
    remove.o                     20
    write.o                      16
    -------------------------------------------------
    Total:                      374

    Gaps                         38        2
    Linker created                        32   66 560
-----------------------------------------------------
    Grand Total:             17 676      189   70 541


*******************************************************************************
*** ENTRY LIST
***

Entry                      Address   Size  Type      Object
-----                      -------   ----  ----      ------
.iar.init_table$$Base   0x08004344          --   Gb  - Linker created -
.iar.init_table$$Limit  0x08004364          --   Gb  - Linker created -
?main                   0x08004365         Code  Gb  cmain.o [5]
AHBPrescTable           0x080040bc   0x10  Data  Gb  system_stm32l4xx.o [1]
Aldata                  0x20000f7c    0x8  Data  Lc  heap0.o [3]
BusFault_Handler        0x080043d3    0x2  Code  Gb  stm32l4xx_it.o [1]
CSTACK$$Base            0x20000f90          --   Gb  - Linker created -
CSTACK$$Limit           0x20001390          --   Gb  - Linker created -
CacheMore               0x08001155   0x24  Code  Lc  xlocale_c.o [3]
DebugMon_Handler        0x080043d7    0x2  Code  Gb  stm32l4xx_it.o [1]
Error_Handler           0x08003a19    0x8  Code  Gb  main.o [1]
HAL_Delay               0x08003abd   0x28  Code  Wk  stm32l4xx_hal.o [1]
HAL_GPIO_Init           0x08003709  0x1bc  Code  Gb  stm32l4xx_hal_gpio.o [1]
HAL_GPIO_WritePin       0x080038c5    0xe  Code  Gb  stm32l4xx_hal_gpio.o [1]
HAL_GetTick             0x0800267d    0xc  Code  Wk  stm32l4xx_hal.o [1]
HAL_Init                0x08003a61   0x28  Code  Gb  stm32l4xx_hal.o [1]
HAL_InitTick            0x08002639   0x44  Code  Wk  stm32l4xx_hal.o [1]
HAL_MspInit             0x08003ae5   0x30  Code  Gb  stm32l4xx_hal_msp.o [1]
HAL_NVIC_SetPriority    0x08002741   0x3a  Code  Gb  stm32l4xx_hal_cortex.o [1]
HAL_NVIC_SetPriorityGrouping
                        0x08002727   0x1a  Code  Gb  stm32l4xx_hal_cortex.o [1]
HAL_PWREx_ControlVoltageScaling
                        0x08002695   0x68  Code  Gb  stm32l4xx_hal_pwr_ex.o [1]
HAL_PWREx_GetVoltageRange
                        0x08002689    0xc  Code  Gb  stm32l4xx_hal_pwr_ex.o [1]
HAL_RCCEx_PeriphCLKConfig
                        0x080031d1  0x318  Code  Gb  stm32l4xx_hal_rcc_ex.o [1]
HAL_RCC_ClockConfig     0x080023eb   0xe4  Code  Gb  stm32l4xx_hal_rcc.o [1]
HAL_RCC_GetSysClockFreq
                        0x080024f7   0x92  Code  Gb  stm32l4xx_hal_rcc.o [1]
HAL_RCC_OscConfig       0x08001f71  0x456  Code  Gb  stm32l4xx_hal_rcc.o [1]
HAL_SYSTICK_Config      0x0800277b   0x28  Code  Gb  stm32l4xx_hal_cortex.o [1]
HEAP$$Base              0x20001390          --   Gb  - Linker created -
HEAP$$Limit             0x20011390          --   Gb  - Linker created -
HardFault_Handler       0x080043cf    0x2  Code  Gb  stm32l4xx_it.o [1]
LoadInt                 0x08000357   0x7a  Code  Lc  xprintffull.o [3]
MSIRangeTable           0x080040cc   0x30  Data  Gb  system_stm32l4xx.o [1]
MemManage_Handler       0x080043d1    0x2  Code  Gb  stm32l4xx_it.o [1]
NMI_Handler             0x080043cd    0x2  Code  Gb  stm32l4xx_it.o [1]
PendSV_Handler          0x08003121         Code  Gb  portasm.o [1]
RCCEx_PLLSAI1_Config    0x0800350d   0xcc  Code  Lc  stm32l4xx_hal_rcc_ex.o [1]
RCCEx_PLLSAI2_Config    0x080035f1   0xb0  Code  Lc  stm32l4xx_hal_rcc_ex.o [1]
RCC_SetFlashLatencyFromMSIRange
                        0x08002589   0x74  Code  Lc  stm32l4xx_hal_rcc.o [1]
Region$$Table$$Base     0x08004344          --   Gb  - Linker created -
Region$$Table$$Limit    0x08004364          --   Gb  - Linker created -
SVC_Handler             0x08003179         Code  Gb  portasm.o [1]
SystemClock_Config      0x08003975   0x7c  Code  Gb  main.o [1]
SystemCoreClock         0x20000018    0x4  Data  Gb  system_stm32l4xx.o [1]
SystemInit              0x08004071   0x3c  Code  Gb  system_stm32l4xx.o [1]
UsageFault_Handler      0x080043d5    0x2  Code  Gb  stm32l4xx_it.o [1]
_Close_all              0x080042bd   0x3c  Code  Gb  xcloseall.o [3]
_Encoding_8859_1_Mbrlen
                        0x080011f1    0x2  Code  Gb  xencoding_8859_1.o [3]
_Encoding_8859_1_Wctomb
                        0x080011df   0x12  Code  Gb  xencoding_8859_1.o [3]
_Files                  0x20000174   0x20  Data  Gb  xfiles.o [3]
_Fofree                 0x0800417d   0x78  Code  Gb  xfofind.o [3]
_Fspos                  0x08003c81   0xd8  Code  Gb  xfspos.o [3]
_Fwprep                 0x08003f99   0xb4  Code  Gb  xfwprep.o [3]
_GenldFull              0x08000dd7  0x250  Code  Lc  xprintffull.o [3]
_LdtobFull              0x080009ad  0x3fe  Code  Lc  xprintffull.o [3]
_LitobFull              0x08000855  0x112  Code  Lc  xprintffull.o [3]
_Locale_lconv           0x2000001c   0x38  Data  Lc  xlocale_c.o [3]
_Nnl                    0x08003e05    0xc  Code  Gb  xfgpos.o [3]
_PrintfFull             0x08000189  0x1b8  Code  Gb  xprintffull.o [3]
_Prout                  0x0800439b   0x16  Code  Gb  xprout.o [3]
_PutcharsFull           0x08001027   0x2e  Code  Lc  xprintffull.o [3]
_PutfldFull             0x080003d1  0x2d0  Code  Lc  xprintffull.o [3]
_PutstrFull             0x08000797   0xbe  Code  Lc  xprintffull.o [3]
_PuttxtFull             0x080006a1   0xf6  Code  Lc  xprintffull.o [3]
__NVIC_SetPriority      0x08002709   0x1e  Code  Lc  stm32l4xx_hal_cortex.o [1]
__aeabi_cdcmple         0x080017c9         Code  Gb  DblCmpLe.o [4]
__aeabi_cdrcmple        0x080017f9         Code  Gb  DblCmpGe.o [4]
__aeabi_d2iz            0x08001965         Code  Gb  DblToS32.o [4]
__aeabi_d2uiz           0x08001cf1         Code  Gb  DblToU32.o [4]
__aeabi_ddiv            0x08001aa9         Code  Gb  DblDiv.o [4]
__aeabi_dmul            0x080015b5         Code  Gb  DblMul.o [4]
__aeabi_dsub            0x080019c5         Code  Gb  DblSub.o [4]
__aeabi_i2d             0x080019a1         Code  Gb  S32ToDbl.o [4]
__aeabi_ldiv0           0x08001d39         Code  Gb  I64DivZer.o [5]
__aeabi_memclr4         0x08003a8d         Code  Gb  ABImemclr4.o [5]
__aeabi_memcpy          0x080012dd         Code  Gb  ABImemcpy.o [5]
__aeabi_memcpy4         0x080012fd         Code  Gb  ABImemcpy.o [5]
__aeabi_memcpy8         0x080012fd         Code  Gb  ABImemcpy.o [5]
__aeabi_memset4         0x08002eb9         Code  Gb  ABImemset48.o [5]
__aeabi_memset8         0x08002eb9         Code  Gb  ABImemset48.o [5]
__aeabi_ui2d            0x08001d19         Code  Gb  U32ToDbl.o [4]
__aeabi_uldivmod        0x08001385         Code  Gb  I64DivMod.o [5]
__basic_free            0x08003bc1   0x16  Code  Gb  heap0.o [3]
__basic_free_intern     0x08003bd7   0x7a  Code  Lc  heap0.o [3]
__basic_malloc          0x08003b15   0x18  Code  Gb  heap0.o [3]
__basic_malloc_intern   0x08003b2d   0x94  Code  Lc  heap0.o [3]
__cexit_closeall        0x0800438f         Code  Gb  cexit.o [5]
__close                 0x080041fd   0x18  Code  Gb  close.o [6]
__cmain                 0x08004365         Code  Gb  cmain.o [5]
__cstart_closeall       0x08004534         Data  Gb  cstart_closeall.o [5]
__data_GetMemChunk      0x08003c55   0x2c  Code  Gb  xgetmemchunk.o [3]
__data_GetMemChunk::start
                        0x20000f88    0x4  Data  Lc  xgetmemchunk.o [3]
__dwrite                0x08003f39   0x1e  Code  Gb  dwrite.o [6]
__exit                  0x08001ea5   0x14  Code  Gb  exit.o [6]
__iar_Fail_s            0x080011fd   0x1e  Code  Gb  xfail_s.o [3]
__iar_Mbcurmax          0x080012d1    0xa  Code  Gb  xmbcurmax.o [3]
__iar_Memchr            0x08001279         Code  Gb  memchr.o [5]
__iar_Memset4_word      0x08002ec1         Code  Gb  ABImemset48.o [5]
__iar_Memset8_word      0x08002ec1         Code  Gb  ABImemset48.o [5]
__iar_Stderr            0x2000012c   0x48  Data  Gb  xfiles.o [3]
__iar_Stdin             0x2000009c   0x48  Data  Gb  xfiles.o [3]
__iar_Stdout            0x200000e4   0x48  Data  Gb  xfiles.o [3]
__iar_Strchr            0x080011c9         Code  Gb  strchr.o [5]
__iar_close_ttio        0x08001eb9   0x2c  Code  Gb  iarttio.o [6]
__iar_dadd              0x080019d5         Code  Gb  DblSub.o [4]
__iar_data_init3        0x080042f9   0x28  Code  Gb  data_init.o [5]
__iar_dsub              0x08001d3d         Code  Gb  DblAdd.o [4]
__iar_dsubStart         0x08001d4f         Code  Gb  DblAdd.o [4]
__iar_frexp             0x08001765         Code  Gb  frexp.o [4]
__iar_frexpl            0x08001765         Code  Gb  frexp.o [4]
__iar_get_ttio          0x08001ee5   0x4c  Code  Gb  iarttio.o [6]
__iar_globLocale        0x20000054   0x48  Data  Lc  xlocale_c.o [3]
__iar_global_Locale     0x08001151    0x4  Code  Gb  xlocale_c.o [3]
__iar_init_vfp          0x08004321         Code  Gb  fpinit_M.o [4]
__iar_ldexp64           0x08001829         Code  Gb  ldexp.o [4]
__iar_lookup_ttioh      0x08001f63    0x4  Code  Gb  XShttio.o [3]
__iar_lz77_init_single3
                        0x080010d7   0x7a  Code  Gb  lz77_init_single.o [5]
__iar_program_start     0x080043d9         Code  Gb  cstartup_M.o [5]
__iar_scalbln64         0x08001829         Code  Gb  ldexp.o [4]
__iar_scalbn64          0x08001829         Code  Gb  ldexp.o [4]
__iar_sh_Discard        0x08003e6d   0x42  Code  Gb  XShHandles.o [3]
__iar_sh_Move           0x08003eaf   0x46  Code  Gb  XShHandles.o [3]
__iar_sh_Pos            0x08003ef5   0x3e  Code  Gb  XShHandles.o [3]
__iar_sh_stdout         0x08003f57   0x20  Code  Gb  iarwstd.o [6]
__iar_sh_write          0x08003f77   0x22  Code  Gb  iarwrite.o [6]
__iar_softfp___iar_frexp64
                        0x08001759         Code  Gb  frexp.o [4]
__iar_softfp_frexp      0x08001759         Code  Gb  frexp.o [4]
__iar_softfp_frexpl     0x08001759         Code  Gb  frexp.o [4]
__iar_systems$$module {Abs}
                        0x00000001         Data  Gb  command line/config [2]
__iar_ttio_guard_lock   0x08001f35   0x1e  Code  Gb  XShttio.o [3]
__iar_ttio_guard_unlock
                        0x08001f53   0x10  Code  Gb  XShttio.o [3]
__iar_ttio_handles      0x20000194    0x8  Data  Lc  XShttio.o [3]
__iar_zero_init3        0x0800427d   0x40  Code  Gb  zero_init3.o [5]
__low_level_init        0x08004383    0x4  Code  Gb  low_level_init.o [3]
__lseek                 0x08003e11   0x4a  Code  Gb  lseek.o [6]
__vector_table          0x08000000         Data  Gb  startup_stm32l476xx.o [1]
__write                 0x08003e5b   0x10  Code  Gb  write.o [6]
_call_main              0x08004371         Code  Gb  cmain.o [5]
_exit                   0x0800438d         Code  Gb  cexit.o [5]
_gLocale_mblen          0x080011b1    0x4  Code  Gb  xlocale_c.o [3]
_gLocale_mblenInt       0x08001179   0x34  Code  Gb  xlocale_c.o [3]
_gLocale_wctomb         0x080011b5    0x4  Code  Gb  xlocale_c.o [3]
_gLocale_wctombInt      0x080011ad    0x4  Code  Gb  xlocale_c.o [3]
_main                   0x0800437f         Code  Gb  cmain.o [5]
abort                   0x08001d33    0x6  Code  Gb  abort.o [3]
ebuf                    0x20000e98   0x50  Data  Lc  xfiles.o [3]
exit                    0x08004387    0x4  Code  Gb  exit.o [3]
fclose                  0x080040fd   0x7e  Code  Gb  fclose.o [3]
fflush                  0x08003dcd   0x34  Code  Gb  fflush.o [3]
fflushOne               0x08003d59   0x74  Code  Lc  fflush.o [3]
fputc                   0x08004229   0x54  Code  Gb  fputc.o [3]
free                    0x080041f9    0x4  Code  Gb  heaptramp0.o [3]
fseek                   0x0800404d   0x24  Code  Gb  fseek.o [3]
ldexp                   0x08001829         Code  Gb  ldexp.o [4]
ldexpl                  0x08001829         Code  Gb  ldexp.o [4]
localeconv              0x080011b9    0x4  Code  Gb  xlocale_c.o [3]
main                    0x080038f9   0x7c  Code  Gb  main.o [1]
memchr                  0x08001279         Code  Gb  memchr.o [5]
obuf                    0x20000ee8   0x50  Data  Lc  xfiles.o [3]
printf                  0x08003a95   0x28  Code  Gb  printf.o [3]
prvAddCurrentTaskToDelayedList
                        0x08002c89   0x6c  Code  Lc  tasks.o [1]
prvAddNewTaskToReadyList
                        0x0800289d   0xae  Code  Lc  tasks.o [1]
prvDeleteTCB            0x08002c1d   0x14  Code  Lc  tasks.o [1]
prvIdleTask             0x08002bcd   0x50  Code  Lc  tasks.o [1]
prvInitialiseNewTask    0x08002811   0x8c  Code  Lc  tasks.o [1]
prvInsertBlockIntoFreeList
                        0x08002e6d   0x46  Code  Lc  heap_4.o [1]
prvResetNextTaskUnblockTime
                        0x08002c31   0x1c  Code  Lc  tasks.o [1]
prvTaskExitError        0x08002fad   0x28  Code  Lc  port.o [1]
putchar                 0x080043b1    0xc  Code  Gb  putchar.o [3]
pvPortMalloc            0x08002d09  0x102  Code  Gb  heap_4.o [1]
pxCurrentTCB            0x20000dd0    0x4  Data  Gb  tasks.o [1]
pxDelayedTaskList       0x20000dd4    0x4  Data  Lc  tasks.o [1]
pxEnd                   0x200001a4    0x4  Data  Lc  heap_4.o [1]
pxOverflowDelayedTaskList
                        0x20000dd8    0x4  Data  Lc  tasks.o [1]
pxPortInitialiseStack   0x08002f85   0x26  Code  Gb  port.o [1]
pxReadyTasksLists       0x20000d80   0x50  Data  Lc  tasks.o [1]
remove                  0x08004215   0x14  Code  Gb  remove.o [6]
sFileInfo               0x20000e18   0x80  Data  Lc  XShHandles.o [3]
scalbln                 0x08001829         Code  Gb  ldexp.o [4]
scalblnl                0x08001829         Code  Gb  ldexp.o [4]
scalbn                  0x08001829         Code  Gb  ldexp.o [4]
scalbnl                 0x08001829         Code  Gb  ldexp.o [4]
scale                   0x08000967   0x46  Code  Lc  xprintffull.o [3]
sec_hand                0x20000f84    0x4  Data  Lc  xfail_s.o [3]
strchr                  0x080011c9         Code  Gb  strchr.o [5]
strlen                  0x08001241         Code  Gb  strlen.o [5]
ttio_guard              0x20000f8c    0x1  Data  Lc  XShttio.o [3]
ucHeap                  0x200001b4  0xbb8  Data  Lc  heap_4.o [1]
ucMaxSysCallPriority    0x20000000    0x1  Data  Lc  port.o [1]
ulMaxPRIGROUPValue      0x20000008    0x4  Data  Lc  port.o [1]
uwTick                  0x2000000c    0x4  Data  Gb  stm32l4xx_hal.o [1]
uwTickFreq              0x20000014    0x4  Data  Gb  stm32l4xx_hal.o [1]
uwTickPrio              0x20000010    0x4  Data  Gb  stm32l4xx_hal.o [1]
uxCriticalNesting       0x20000004    0x4  Data  Lc  port.o [1]
uxCurrentNumberOfTasks  0x20000de0    0x4  Data  Lc  tasks.o [1]
uxDeletedTasksWaitingCleanUp
                        0x20000ddc    0x4  Data  Lc  tasks.o [1]
uxListRemove            0x08002f5d   0x26  Code  Gb  list.o [1]
uxPendedTicks           0x20000f68    0x4  Data  Lc  tasks.o [1]
uxSchedulerSuspended    0x20000dec    0x4  Data  Lc  tasks.o [1]
uxTaskNumber            0x20000f70    0x4  Data  Lc  tasks.o [1]
uxTopReadyPriority      0x20000de4    0x4  Data  Lc  tasks.o [1]
vListInitialise         0x08002ef3   0x1a  Code  Gb  list.o [1]
vListInitialiseItem     0x08002f0d    0x6  Code  Gb  list.o [1]
vListInsert             0x08002f2b   0x32  Code  Gb  list.o [1]
vListInsertEnd          0x08002f13   0x18  Code  Gb  list.o [1]
vPortEnableVFP          0x080031b5         Code  Gb  portasm.o [1]
vPortEnterCritical      0x08003079   0x32  Code  Gb  port.o [1]
vPortExitCritical       0x080030ab   0x22  Code  Gb  port.o [1]
vPortFree               0x08002e19   0x46  Code  Gb  heap_4.o [1]
vPortStartFirstTask     0x08003195         Code  Gb  portasm.o [1]
vTask1                  0x080039f1   0x1a  Code  Gb  main.o [1]
vTaskDelay              0x0800294b   0x30  Code  Gb  tasks.o [1]
vTaskStartScheduler     0x08002995   0x54  Code  Gb  tasks.o [1]
vTaskSuspendAll         0x080029e9   0x10  Code  Gb  tasks.o [1]
vTaskSwitchContext      0x08002b79   0x54  Code  Gb  tasks.o [1]
xBlockAllocatedBit      0x200001b0    0x4  Data  Lc  heap_4.o [1]
xDelayedTaskList1       0x20000df0   0x14  Data  Lc  tasks.o [1]
xDelayedTaskList2       0x20000e04   0x14  Data  Lc  tasks.o [1]
xFreeBytesRemaining     0x200001a8    0x4  Data  Lc  heap_4.o [1]
xIdleTaskHandle         0x20000f78    0x4  Data  Lc  tasks.o [1]
xMinimumEverFreeBytesRemaining
                        0x200001ac    0x4  Data  Lc  heap_4.o [1]
xNextTaskUnblockTime    0x20000f74    0x4  Data  Lc  tasks.o [1]
xNumOfOverflows         0x20000f6c    0x4  Data  Lc  tasks.o [1]
xPendingReadyList       0x20000d6c   0x14  Data  Lc  tasks.o [1]
xPortStartScheduler     0x08002fd5   0xa4  Code  Gb  port.o [1]
xSchedulerRunning       0x20000f64    0x4  Data  Lc  tasks.o [1]
xStart                  0x2000019c    0x8  Data  Lc  heap_4.o [1]
xSuspendedTaskList      0x20000f4c   0x14  Data  Lc  tasks.o [1]
xTaskCreate             0x080027b9   0x58  Code  Gb  tasks.o [1]
xTaskIncrementTick      0x08002aad   0xcc  Code  Gb  tasks.o [1]
xTaskResumeAll          0x080029f9   0xac  Code  Gb  tasks.o [1]
xTasksWaitingTermination
                        0x20000f38   0x14  Data  Lc  tasks.o [1]
xTickCount              0x20000f60    0x4  Data  Lc  tasks.o [1]
xYieldPending           0x20000de8    0x4  Data  Lc  tasks.o [1]


[1] = C:\Users\bayrem.gharsallaoui\Documents\STM32L4_Projects\freertos_template\EWARM\freertos_template\Obj
[2] = command line
[3] = dl7M_tlf.a
[4] = m7M_tls.a
[5] = rt7M_tl.a
[6] = shb_l.a

  17 676 bytes of readonly  code memory
     189 bytes of readonly  data memory
  70 541 bytes of readwrite data memory

Errors: none
Warnings: none
