###############################################################################
#
# IAR ELF Linker V8.20.1.14183/W32 for ARM                10/Sep/2019  16:00:44
# Copyright 2007-2017 IAR Systems AB.
#
#    Output file  =  
#        C:\Users\bayrem.gharsallaoui\Documents\STM32L4_Projects\RTOS_EX2\EWARM\RTOS_EX2\Exe\RTOS_EX2.out
#    Map file     =  
#        C:\Users\bayrem.gharsallaoui\Documents\STM32L4_Projects\RTOS_EX2\EWARM\RTOS_EX2\List\RTOS_EX2.map
#    Command line =  
#        -f C:\Users\BAYREM~1.GHA\AppData\Local\Temp\EW6B1C.tmp
#        (C:\Users\bayrem.gharsallaoui\Documents\STM32L4_Projects\RTOS_EX2\EWARM\RTOS_EX2\Obj\cmsis_os.o
#        C:\Users\bayrem.gharsallaoui\Documents\STM32L4_Projects\RTOS_EX2\EWARM\RTOS_EX2\Obj\croutine.o
#        C:\Users\bayrem.gharsallaoui\Documents\STM32L4_Projects\RTOS_EX2\EWARM\RTOS_EX2\Obj\event_groups.o
#        C:\Users\bayrem.gharsallaoui\Documents\STM32L4_Projects\RTOS_EX2\EWARM\RTOS_EX2\Obj\freertos.o
#        C:\Users\bayrem.gharsallaoui\Documents\STM32L4_Projects\RTOS_EX2\EWARM\RTOS_EX2\Obj\heap_4.o
#        C:\Users\bayrem.gharsallaoui\Documents\STM32L4_Projects\RTOS_EX2\EWARM\RTOS_EX2\Obj\list.o
#        C:\Users\bayrem.gharsallaoui\Documents\STM32L4_Projects\RTOS_EX2\EWARM\RTOS_EX2\Obj\main.o
#        C:\Users\bayrem.gharsallaoui\Documents\STM32L4_Projects\RTOS_EX2\EWARM\RTOS_EX2\Obj\port.o
#        C:\Users\bayrem.gharsallaoui\Documents\STM32L4_Projects\RTOS_EX2\EWARM\RTOS_EX2\Obj\portasm.o
#        C:\Users\bayrem.gharsallaoui\Documents\STM32L4_Projects\RTOS_EX2\EWARM\RTOS_EX2\Obj\queue.o
#        C:\Users\bayrem.gharsallaoui\Documents\STM32L4_Projects\RTOS_EX2\EWARM\RTOS_EX2\Obj\startup_stm32l476xx.o
#        C:\Users\bayrem.gharsallaoui\Documents\STM32L4_Projects\RTOS_EX2\EWARM\RTOS_EX2\Obj\stm32l4xx_hal.o
#        C:\Users\bayrem.gharsallaoui\Documents\STM32L4_Projects\RTOS_EX2\EWARM\RTOS_EX2\Obj\stm32l4xx_hal_cortex.o
#        C:\Users\bayrem.gharsallaoui\Documents\STM32L4_Projects\RTOS_EX2\EWARM\RTOS_EX2\Obj\stm32l4xx_hal_dma.o
#        C:\Users\bayrem.gharsallaoui\Documents\STM32L4_Projects\RTOS_EX2\EWARM\RTOS_EX2\Obj\stm32l4xx_hal_dma_ex.o
#        C:\Users\bayrem.gharsallaoui\Documents\STM32L4_Projects\RTOS_EX2\EWARM\RTOS_EX2\Obj\stm32l4xx_hal_exti.o
#        C:\Users\bayrem.gharsallaoui\Documents\STM32L4_Projects\RTOS_EX2\EWARM\RTOS_EX2\Obj\stm32l4xx_hal_flash.o
#        C:\Users\bayrem.gharsallaoui\Documents\STM32L4_Projects\RTOS_EX2\EWARM\RTOS_EX2\Obj\stm32l4xx_hal_flash_ex.o
#        C:\Users\bayrem.gharsallaoui\Documents\STM32L4_Projects\RTOS_EX2\EWARM\RTOS_EX2\Obj\stm32l4xx_hal_flash_ramfunc.o
#        C:\Users\bayrem.gharsallaoui\Documents\STM32L4_Projects\RTOS_EX2\EWARM\RTOS_EX2\Obj\stm32l4xx_hal_gpio.o
#        C:\Users\bayrem.gharsallaoui\Documents\STM32L4_Projects\RTOS_EX2\EWARM\RTOS_EX2\Obj\stm32l4xx_hal_i2c.o
#        C:\Users\bayrem.gharsallaoui\Documents\STM32L4_Projects\RTOS_EX2\EWARM\RTOS_EX2\Obj\stm32l4xx_hal_i2c_ex.o
#        C:\Users\bayrem.gharsallaoui\Documents\STM32L4_Projects\RTOS_EX2\EWARM\RTOS_EX2\Obj\stm32l4xx_hal_msp.o
#        C:\Users\bayrem.gharsallaoui\Documents\STM32L4_Projects\RTOS_EX2\EWARM\RTOS_EX2\Obj\stm32l4xx_hal_pwr.o
#        C:\Users\bayrem.gharsallaoui\Documents\STM32L4_Projects\RTOS_EX2\EWARM\RTOS_EX2\Obj\stm32l4xx_hal_pwr_ex.o
#        C:\Users\bayrem.gharsallaoui\Documents\STM32L4_Projects\RTOS_EX2\EWARM\RTOS_EX2\Obj\stm32l4xx_hal_rcc.o
#        C:\Users\bayrem.gharsallaoui\Documents\STM32L4_Projects\RTOS_EX2\EWARM\RTOS_EX2\Obj\stm32l4xx_hal_rcc_ex.o
#        C:\Users\bayrem.gharsallaoui\Documents\STM32L4_Projects\RTOS_EX2\EWARM\RTOS_EX2\Obj\stm32l4xx_hal_tim.o
#        C:\Users\bayrem.gharsallaoui\Documents\STM32L4_Projects\RTOS_EX2\EWARM\RTOS_EX2\Obj\stm32l4xx_hal_tim_ex.o
#        C:\Users\bayrem.gharsallaoui\Documents\STM32L4_Projects\RTOS_EX2\EWARM\RTOS_EX2\Obj\stm32l4xx_hal_timebase_tim.o
#        C:\Users\bayrem.gharsallaoui\Documents\STM32L4_Projects\RTOS_EX2\EWARM\RTOS_EX2\Obj\stm32l4xx_hal_uart.o
#        C:\Users\bayrem.gharsallaoui\Documents\STM32L4_Projects\RTOS_EX2\EWARM\RTOS_EX2\Obj\stm32l4xx_hal_uart_ex.o
#        C:\Users\bayrem.gharsallaoui\Documents\STM32L4_Projects\RTOS_EX2\EWARM\RTOS_EX2\Obj\stm32l4xx_it.o
#        C:\Users\bayrem.gharsallaoui\Documents\STM32L4_Projects\RTOS_EX2\EWARM\RTOS_EX2\Obj\stream_buffer.o
#        C:\Users\bayrem.gharsallaoui\Documents\STM32L4_Projects\RTOS_EX2\EWARM\RTOS_EX2\Obj\supporting_functions.o
#        C:\Users\bayrem.gharsallaoui\Documents\STM32L4_Projects\RTOS_EX2\EWARM\RTOS_EX2\Obj\system_stm32l4xx.o
#        C:\Users\bayrem.gharsallaoui\Documents\STM32L4_Projects\RTOS_EX2\EWARM\RTOS_EX2\Obj\tasks.o
#        C:\Users\bayrem.gharsallaoui\Documents\STM32L4_Projects\RTOS_EX2\EWARM\RTOS_EX2\Obj\timers.o
#        --redirect _Printf=_PrintfFull --redirect _Scanf=_ScanfFull -o
#        C:\Users\bayrem.gharsallaoui\Documents\STM32L4_Projects\RTOS_EX2\EWARM\RTOS_EX2\Exe\RTOS_EX2.out
#        --map
#        C:\Users\bayrem.gharsallaoui\Documents\STM32L4_Projects\RTOS_EX2\EWARM\RTOS_EX2\List\RTOS_EX2.map
#        --config
#        C:\Users\bayrem.gharsallaoui\Documents\STM32L4_Projects\RTOS_EX2\EWARM/stm32l476xx_flash.icf
#        --semihosting --entry __iar_program_start --vfe --text_out locale)
#
###############################################################################

*******************************************************************************
*** RUNTIME MODEL ATTRIBUTES
***

CppFlavor       = *
__Heap_Handler  = Basic
__SystemLibrary = DLib
__dlib_version  = 6


*******************************************************************************
*** HEAP SELECTION
***

The basic heap was selected because no calls to memory allocation
functions were found in the application outside of system library
functions, and there are calls to deallocation functions in the
application.


*******************************************************************************
*** PLACEMENT SUMMARY
***

"A0":  place at 0x08000000 { ro section .intvec };
"P1":  place in [from 0x08000000 to 0x080fffff] { ro };
define block CSTACK with size = 1K, alignment = 8 { };
define block HEAP with size = 512, alignment = 8 { };
"P2":  place in [from 0x20000000 to 0x20017fff] {
          rw, block CSTACK, block HEAP };
"P3":  place in [from 0x20000000 to 0x20017fff] { };
initialize by copy { rw };

  Section            Kind        Address    Size  Object
  -------            ----        -------    ----  ------
"A0":                                      0x188
  .intvec            ro code  0x08000000   0x188  startup_stm32l476xx.o [1]
                            - 0x08000188   0x188

"P1":                                     0x52e4
  .text              ro code  0x08000188   0xf4e  xprintffull.o [3]
  .text              ro code  0x080010d6    0x7a  lz77_init_single.o [5]
  .text              ro code  0x08001150    0x78  xlocale_c.o [3]
  .text              ro code  0x080011c8    0x16  strchr.o [5]
  .text              ro code  0x080011de    0x1e  xencoding_8859_1.o [3]
  .text              ro code  0x080011fc    0x44  xfail_s.o [3]
  .text              ro code  0x08001240    0x36  strlen.o [5]
  .text              ro code  0x08001278    0x58  memchr.o [5]
  .text              ro code  0x080012d0     0xa  xmbcurmax.o [3]
  .text              ro code  0x080012dc    0xa6  ABImemcpy.o [5]
  .text              ro code  0x08001384   0x22e  I64DivMod.o [5]
  .text              ro code  0x080015b4   0x1a2  DblMul.o [4]
  .text              ro code  0x08001758    0x70  frexp.o [4]
  .text              ro code  0x080017c8    0x2e  DblCmpLe.o [4]
  .text              ro code  0x080017f8    0x2e  DblCmpGe.o [4]
  .text              ro code  0x08001828   0x13a  ldexp.o [4]
  .text              ro code  0x08001964    0x3a  DblToS32.o [4]
  .text              ro code  0x080019a0    0x22  S32ToDbl.o [4]
  .text              ro code  0x080019c4    0xe2  DblSub.o [4]
  .text              ro code  0x08001aa8   0x246  DblDiv.o [4]
  .text              ro code  0x08001cf0    0x28  DblToU32.o [4]
  .text              ro code  0x08001d18    0x1a  U32ToDbl.o [4]
  .text              ro code  0x08001d32     0x6  abort.o [3]
  .text              ro code  0x08001d38     0x2  I64DivZer.o [5]
  .text              ro code  0x08001d3c   0x168  DblAdd.o [4]
  .text              ro code  0x08001ea4    0x14  exit.o [6]
  .text              ro code  0x08001eb8    0x7c  iarttio.o [6]
  .text              ro code  0x08001f34    0x3c  XShttio.o [3]
  .text              ro code  0x08001f70   0x81e  stm32l4xx_hal_uart.o [1]
  .text              ro code  0x08002790    0xec  stm32l4xx_hal_msp.o [1]
  .text              ro code  0x0800287c     0xc  stm32l4xx_hal.o [1]
  .text              ro code  0x08002888    0x4a  stm32l4xx_hal_dma.o [1]
  .text              ro code  0x080028d2     0x2  stm32l4xx_hal_uart.o [1]
  .text              ro code  0x080028d4     0x2  stm32l4xx_hal_uart_ex.o [1]
  .text              ro code  0x080028d6     0x2  stm32l4xx_hal_uart.o [1]
  .text              ro code  0x080028d8   0x72c  stm32l4xx_hal_rcc.o [1]
  .text              ro code  0x08003004   0x2f0  main.o [1]
  .text              ro code  0x080032f4    0x9c  stm32l4xx_hal_cortex.o [1]
  .text              ro code  0x08003390     0x6  ABImemclr4.o [5]
  .text              ro code  0x08003398   0x1e0  stm32l4xx_hal_gpio.o [1]
  .text              ro code  0x08003578    0x78  stm32l4xx_hal_timebase_tim.o [1]
  .text              ro code  0x080035f0    0x80  stm32l4xx_hal_pwr_ex.o [1]
  .text              ro code  0x08003670    0x1e  stm32l4xx_hal.o [1]
  .text              ro code  0x08003690   0x29c  stm32l4xx_hal_tim.o [1]
  .text              ro code  0x0800392c    0x5c  stm32l4xx_hal_tim_ex.o [1]
  .text              ro code  0x08003988   0x3bc  queue.o [1]
  .text              ro code  0x08003d44   0x6cc  tasks.o [1]
  .text              ro code  0x08004410    0x28  printf.o [3]
  .text              ro code  0x08004438    0x28  stm32l4xx_hal.o [1]
  .text              ro code  0x08004460    0x10  stm32l4xx_hal.o [1]
  .text              ro code  0x08004470    0x32  ABImemset48.o [5]
  .text              ro code  0x080044a2     0x2  stm32l4xx_hal_tim.o [1]
  .text              ro code  0x080044a4     0x2  stm32l4xx_hal_tim.o [1]
  .text              ro code  0x080044a6     0x2  stm32l4xx_hal_tim_ex.o [1]
  .text              ro code  0x080044a8     0x2  stm32l4xx_hal_tim_ex.o [1]
  .text              ro code  0x080044aa     0x2  stm32l4xx_hal_tim.o [1]
  .text              ro code  0x080044ac     0x2  stm32l4xx_hal_tim_ex.o [1]
  .text              ro code  0x080044ae     0x2  stm32l4xx_hal_tim.o [1]
  .text              ro code  0x080044b0   0x204  port.o [1]
  .text              ro code  0x080046b4    0x90  list.o [1]
  .text              ro code  0x08004744   0x1b0  heap_4.o [1]
  CODE               ro code  0x080048f4    0xb0  portasm.o [1]
  .text              ro code  0x080049a4   0x140  heap0.o [3]
  .text              ro code  0x08004ae4    0x2c  xgetmemchunk.o [3]
  .text              ro code  0x08004b10    0xd8  xfspos.o [3]
  .text              ro code  0x08004be8    0xac  fflush.o [3]
  .text              ro code  0x08004c94     0xc  xfgpos.o [3]
  .text              ro code  0x08004ca0    0x4a  lseek.o [6]
  .text              ro code  0x08004cea    0x10  write.o [6]
  .text              ro code  0x08004cfc    0xcc  XShHandles.o [3]
  .text              ro code  0x08004dc8    0x1e  dwrite.o [6]
  .text              ro code  0x08004de6    0x20  iarwstd.o [6]
  .text              ro code  0x08004e06    0x22  iarwrite.o [6]
  .text              ro code  0x08004e28    0xb4  xfwprep.o [3]
  .text              ro code  0x08004edc    0x24  fseek.o [3]
  .text              ro code  0x08004f00    0x8c  system_stm32l4xx.o [1]
  .text              ro code  0x08004f8c    0x7e  fclose.o [3]
  .text              ro code  0x0800500c    0x7c  xfofind.o [3]
  .text              ro code  0x08005088     0x4  heaptramp0.o [3]
  .text              ro code  0x0800508c    0x18  close.o [6]
  .text              ro code  0x080050a4    0x14  remove.o [6]
  .text              ro code  0x080050b8    0x54  fputc.o [3]
  .text              ro code  0x0800510c    0x40  zero_init3.o [5]
  .text              ro code  0x0800514c    0x3c  xcloseall.o [3]
  .text              ro code  0x08005188    0x2c  stm32l4xx_it.o [1]
  .text              ro code  0x080051b4    0x28  data_init.o [5]
  .text              ro code  0x080051dc    0x22  fpinit_M.o [4]
  .iar.init_table    const    0x08005200    0x20  - Linker created -
  .text              ro code  0x08005220    0x1e  cmain.o [5]
  .text              ro code  0x0800523e     0x4  low_level_init.o [3]
  .text              ro code  0x08005242     0x4  exit.o [3]
  .text              ro code  0x08005248     0xe  cexit.o [5]
  .text              ro code  0x08005256    0x16  xprout.o [3]
  .text              ro code  0x0800526c     0xc  putchar.o [3]
  .text              ro code  0x08005278    0x10  startup_stm32l476xx.o [1]
  .text              ro code  0x08005288     0xc  cstartup_M.o [5]
  .rodata            const    0x08005294     0x8  system_stm32l4xx.o [1]
  .rodata            const    0x0800529c     0x6  xlocale_c.o [3]
  .text              ro code  0x080052a2     0x4  startup_stm32l476xx.o [1]
  .text              ro code  0x080052a6     0x4  startup_stm32l476xx.o [1]
  .text              ro code  0x080052aa     0x4  startup_stm32l476xx.o [1]
  .text              ro code  0x080052ae     0x4  startup_stm32l476xx.o [1]
  .text              ro code  0x080052b2     0x4  startup_stm32l476xx.o [1]
  .text              ro code  0x080052b6     0x4  startup_stm32l476xx.o [1]
  .text              ro code  0x080052ba     0x4  startup_stm32l476xx.o [1]
  .text              ro code  0x080052be     0x4  startup_stm32l476xx.o [1]
  .text              ro code  0x080052c2     0x4  startup_stm32l476xx.o [1]
  .text              ro code  0x080052c6     0x4  startup_stm32l476xx.o [1]
  .text              ro code  0x080052ca     0x4  startup_stm32l476xx.o [1]
  .text              ro code  0x080052ce     0x4  startup_stm32l476xx.o [1]
  .text              ro code  0x080052d2     0x4  startup_stm32l476xx.o [1]
  .text              ro code  0x080052d6     0x4  startup_stm32l476xx.o [1]
  .text              ro code  0x080052da     0x4  startup_stm32l476xx.o [1]
  .text              ro code  0x080052de     0x4  startup_stm32l476xx.o [1]
  .text              ro code  0x080052e2     0x4  startup_stm32l476xx.o [1]
  .text              ro code  0x080052e6     0x4  startup_stm32l476xx.o [1]
  .text              ro code  0x080052ea     0x4  startup_stm32l476xx.o [1]
  .text              ro code  0x080052ee     0x4  startup_stm32l476xx.o [1]
  .text              ro code  0x080052f2     0x4  startup_stm32l476xx.o [1]
  .text              ro code  0x080052f6     0x4  startup_stm32l476xx.o [1]
  .text              ro code  0x080052fa     0x4  startup_stm32l476xx.o [1]
  .text              ro code  0x080052fe     0x4  startup_stm32l476xx.o [1]
  .text              ro code  0x08005302     0x4  startup_stm32l476xx.o [1]
  .text              ro code  0x08005306     0x4  startup_stm32l476xx.o [1]
  .text              ro code  0x0800530a     0x4  startup_stm32l476xx.o [1]
  .text              ro code  0x0800530e     0x4  startup_stm32l476xx.o [1]
  .text              ro code  0x08005312     0x4  startup_stm32l476xx.o [1]
  .text              ro code  0x08005316     0x4  startup_stm32l476xx.o [1]
  .text              ro code  0x0800531a     0x4  startup_stm32l476xx.o [1]
  .text              ro code  0x0800531e     0x4  startup_stm32l476xx.o [1]
  .text              ro code  0x08005322     0x4  startup_stm32l476xx.o [1]
  .text              ro code  0x08005326     0x4  startup_stm32l476xx.o [1]
  .text              ro code  0x0800532a     0x4  startup_stm32l476xx.o [1]
  .text              ro code  0x0800532e     0x4  startup_stm32l476xx.o [1]
  .text              ro code  0x08005332     0x4  startup_stm32l476xx.o [1]
  .text              ro code  0x08005336     0x4  startup_stm32l476xx.o [1]
  .text              ro code  0x0800533a     0x4  startup_stm32l476xx.o [1]
  .text              ro code  0x0800533e     0x4  startup_stm32l476xx.o [1]
  .text              ro code  0x08005342     0x4  startup_stm32l476xx.o [1]
  .text              ro code  0x08005346     0x4  startup_stm32l476xx.o [1]
  .text              ro code  0x0800534a     0x4  startup_stm32l476xx.o [1]
  .text              ro code  0x0800534e     0x4  startup_stm32l476xx.o [1]
  .text              ro code  0x08005352     0x4  startup_stm32l476xx.o [1]
  .text              ro code  0x08005356     0x4  startup_stm32l476xx.o [1]
  .text              ro code  0x0800535a     0x4  startup_stm32l476xx.o [1]
  .text              ro code  0x0800535e     0x4  startup_stm32l476xx.o [1]
  .text              ro code  0x08005362     0x4  startup_stm32l476xx.o [1]
  .text              ro code  0x08005366     0x4  startup_stm32l476xx.o [1]
  .text              ro code  0x0800536a     0x4  startup_stm32l476xx.o [1]
  .text              ro code  0x0800536e     0x4  startup_stm32l476xx.o [1]
  .text              ro code  0x08005372     0x4  startup_stm32l476xx.o [1]
  .text              ro code  0x08005376     0x4  startup_stm32l476xx.o [1]
  .text              ro code  0x0800537a     0x4  startup_stm32l476xx.o [1]
  .text              ro code  0x0800537e     0x4  startup_stm32l476xx.o [1]
  .text              ro code  0x08005382     0x4  startup_stm32l476xx.o [1]
  .text              ro code  0x08005386     0x4  startup_stm32l476xx.o [1]
  .text              ro code  0x0800538a     0x4  startup_stm32l476xx.o [1]
  .text              ro code  0x0800538e     0x4  startup_stm32l476xx.o [1]
  .text              ro code  0x08005392     0x4  startup_stm32l476xx.o [1]
  .text              ro code  0x08005396     0x4  startup_stm32l476xx.o [1]
  .text              ro code  0x0800539a     0x4  startup_stm32l476xx.o [1]
  .text              ro code  0x0800539e     0x4  startup_stm32l476xx.o [1]
  .text              ro code  0x080053a2     0x4  startup_stm32l476xx.o [1]
  .text              ro code  0x080053a6     0x4  startup_stm32l476xx.o [1]
  .text              ro code  0x080053aa     0x4  startup_stm32l476xx.o [1]
  .text              ro code  0x080053ae     0x4  startup_stm32l476xx.o [1]
  .text              ro code  0x080053b2     0x4  startup_stm32l476xx.o [1]
  .text              ro code  0x080053b6     0x4  startup_stm32l476xx.o [1]
  .text              ro code  0x080053ba     0x4  startup_stm32l476xx.o [1]
  .text              ro code  0x080053be     0x4  startup_stm32l476xx.o [1]
  .text              ro code  0x080053c2     0x4  startup_stm32l476xx.o [1]
  .text              ro code  0x080053c6     0x4  startup_stm32l476xx.o [1]
  .text              ro code  0x080053ca     0x4  startup_stm32l476xx.o [1]
  .text              ro code  0x080053ce     0x4  startup_stm32l476xx.o [1]
  .text              ro code  0x080053d2     0x4  startup_stm32l476xx.o [1]
  .text              ro code  0x080053d6     0x4  startup_stm32l476xx.o [1]
  .text              ro code  0x080053dc     0x0  cstart_closeall.o [5]
  .rodata            const    0x080053dc     0x0  zero_init3.o [5]
  .rodata            const    0x080053dc     0x0  lz77_init_single.o [5]
  Initializer bytes  const    0x080053dc    0x90  <for P2-P3-1>
                            - 0x0800546c  0x52e4

"P2-P3", part 1 of 3:                      0x19c
  P2-P3-1                     0x20000000   0x19c  <Init block>
    .data            inited   0x20000000     0xc  port.o [1]
    .data            inited   0x2000000c     0xc  stm32l4xx_hal.o [1]
    .data            inited   0x20000018     0x4  system_stm32l4xx.o [1]
    .data            inited   0x2000001c    0x48  xfiles.o [3]
    .data            inited   0x20000064    0x48  xfiles.o [3]
    .data            inited   0x200000ac    0x48  xfiles.o [3]
    .data            inited   0x200000f4    0x20  xfiles.o [3]
    .data            inited   0x20000114    0x38  xlocale_c.o [3]
    .data            inited   0x2000014c    0x48  xlocale_c.o [3]
    .data            inited   0x20000194     0x8  XShttio.o [3]
                            - 0x2000019c   0x19c

"P2-P3", part 2 of 3:                      0xf54
  .bss               zero     0x2000019c   0xbd0  heap_4.o [1]
  .bss               zero     0x20000d6c    0xa0  tasks.o [1]
  .bss               zero     0x20000e0c    0x8c  tasks.o [1]
  .bss               zero     0x20000e98    0x80  main.o [1]
  .bss               zero     0x20000f18    0x80  XShHandles.o [3]
  .bss               zero     0x20000f98    0x65  main.o [1]
  .bss               zero     0x20000ffd     0x1  XShttio.o [3]
  .bss               zero     0x20001000    0x50  xfiles.o [3]
  .bss               zero     0x20001050    0x50  xfiles.o [3]
  .bss               zero     0x200010a0    0x40  stm32l4xx_hal_timebase_tim.o [1]
  .bss               zero     0x200010e0     0x8  heap0.o [3]
  .bss               zero     0x200010e8     0x4  xfail_s.o [3]
  .bss               zero     0x200010ec     0x4  xgetmemchunk.o [3]
                            - 0x200010f0   0xf54

"P2-P3", part 3 of 3:                      0x600
  CSTACK                      0x200010f0   0x400  <Block>
    CSTACK           uninit   0x200010f0   0x400  <Block tail>
  HEAP                        0x200014f0   0x200  <Block>
    HEAP             uninit   0x200014f0   0x200  <Block tail>
                            - 0x200016f0   0x600


*******************************************************************************
*** INIT TABLE
***

          Address     Size
          -------     ----
Zero (__iar_zero_init3)
    1 destination range, total size 0xf54:
          0x2000019c  0xf54

Copy/lz77 (__iar_lz77_init_single3)
    1 source range, total size 0x90 (34% of destination):
          0x080053dc   0x90
    1 destination range, total size 0x19c:
          0x20000000  0x19c



*******************************************************************************
*** MODULE SUMMARY
***

    Module                        ro code  ro data  rw data
    ------                        -------  -------  -------
C:\Users\bayrem.gharsallaoui\Documents\STM32L4_Projects\RTOS_EX2\EWARM\RTOS_EX2\Obj: [1]
    heap_4.o                          432             3 024
    list.o                            144
    main.o                            752               229
    port.o                            516        4       12
    portasm.o                         176
    queue.o                           956
    startup_stm32l476xx.o             720
    stm32l4xx_hal.o                    98        4       12
    stm32l4xx_hal_cortex.o            156
    stm32l4xx_hal_dma.o                74
    stm32l4xx_hal_gpio.o              480
    stm32l4xx_hal_msp.o               236
    stm32l4xx_hal_pwr_ex.o            128
    stm32l4xx_hal_rcc.o             1 836
    stm32l4xx_hal_tim.o               676
    stm32l4xx_hal_tim_ex.o             98
    stm32l4xx_hal_timebase_tim.o      120                64
    stm32l4xx_hal_uart.o            2 082
    stm32l4xx_hal_uart_ex.o             2
    stm32l4xx_it.o                     44
    system_stm32l4xx.o                140        9        4
    tasks.o                         1 740               300
    -------------------------------------------------------
    Total:                         11 606       17    3 645

command line: [2]
    -------------------------------------------------------
    Total:

dl7M_tlf.a: [3]
    XShHandles.o                      204               128
    XShttio.o                          60        3        9
    abort.o                             6
    exit.o                              4
    fclose.o                          126
    fflush.o                          172
    fputc.o                            84
    fseek.o                            36
    heap0.o                           320                 8
    heaptramp0.o                        4
    low_level_init.o                    4
    printf.o                           40
    putchar.o                          12
    xcloseall.o                        60
    xencoding_8859_1.o                 30
    xfail_s.o                          68                 4
    xfgpos.o                           12
    xfiles.o                                    87      408
    xfofind.o                         124
    xfspos.o                          216
    xfwprep.o                         180
    xgetmemchunk.o                     44                 4
    xlocale_c.o                       120       51      128
    xmbcurmax.o                        10
    xprintffull.o                   3 918
    xprout.o                           22
    -------------------------------------------------------
    Total:                          5 876      141      689

m7M_tls.a: [4]
    DblAdd.o                          360
    DblCmpGe.o                         46
    DblCmpLe.o                         46
    DblDiv.o                          582
    DblMul.o                          418
    DblSub.o                          226
    DblToS32.o                         58
    DblToU32.o                         40
    S32ToDbl.o                         34
    U32ToDbl.o                         26
    fpinit_M.o                         34
    frexp.o                           112
    ldexp.o                           314
    -------------------------------------------------------
    Total:                          2 296

rt7M_tl.a: [5]
    ABImemclr4.o                        6
    ABImemcpy.o                       166
    ABImemset48.o                      50
    I64DivMod.o                       558
    I64DivZer.o                         2
    cexit.o                            14
    cmain.o                            30
    cstart_closeall.o
    cstartup_M.o                       12
    data_init.o                        40
    lz77_init_single.o                122
    memchr.o                           88
    strchr.o                           22
    strlen.o                           54
    zero_init3.o                       64
    -------------------------------------------------------
    Total:                          1 228

shb_l.a: [6]
    close.o                            24
    dwrite.o                           30
    exit.o                             20
    iarttio.o                         124
    iarwrite.o                         34
    iarwstd.o                          32
    lseek.o                            74
    remove.o                           20
    write.o                            16
    -------------------------------------------------------
    Total:                            374

    Gaps                               40        2        2
    Linker created                              32    1 536
-----------------------------------------------------------
    Grand Total:                   21 420      192    5 872


*******************************************************************************
*** ENTRY LIST
***

Entry                      Address   Size  Type      Object
-----                      -------   ----  ----      ------
.iar.init_table$$Base   0x08005200          --   Gb  - Linker created -
.iar.init_table$$Limit  0x08005220          --   Gb  - Linker created -
?main                   0x08005221         Code  Gb  cmain.o [5]
AHBPrescTable           0x08004f4c   0x10  Data  Gb  system_stm32l4xx.o [1]
APBPrescTable           0x08005294    0x8  Data  Gb  system_stm32l4xx.o [1]
Aldata                  0x200010e0    0x8  Data  Lc  heap0.o [3]
BusFault_Handler        0x0800518f    0x2  Code  Gb  stm32l4xx_it.o [1]
CSTACK$$Base            0x200010f0          --   Gb  - Linker created -
CSTACK$$Limit           0x200014f0          --   Gb  - Linker created -
CacheMore               0x08001155   0x24  Code  Lc  xlocale_c.o [3]
DebugMon_Handler        0x08005193    0x2  Code  Gb  stm32l4xx_it.o [1]
Error_Handler           0x08003225    0xc  Code  Gb  main.o [1]
HAL_DMA_Abort_IT        0x08002889   0x4a  Code  Gb  stm32l4xx_hal_dma.o [1]
HAL_Delay               0x08004439   0x28  Code  Wk  stm32l4xx_hal.o [1]
HAL_GPIO_Init           0x08003399  0x1bc  Code  Gb  stm32l4xx_hal_gpio.o [1]
HAL_GetTick             0x0800287d    0xc  Code  Wk  stm32l4xx_hal.o [1]
HAL_IncTick             0x08004461   0x10  Code  Wk  stm32l4xx_hal.o [1]
HAL_Init                0x08003671   0x1e  Code  Gb  stm32l4xx_hal.o [1]
HAL_InitTick            0x08003579   0x66  Code  Gb  stm32l4xx_hal_timebase_tim.o [1]
HAL_MspInit             0x08002791   0x36  Code  Gb  stm32l4xx_hal_msp.o [1]
HAL_NVIC_EnableIRQ      0x08003367   0x16  Code  Gb  stm32l4xx_hal_cortex.o [1]
HAL_NVIC_SetPriority    0x0800332d   0x3a  Code  Gb  stm32l4xx_hal_cortex.o [1]
HAL_NVIC_SetPriorityGrouping
                        0x08003313   0x1a  Code  Gb  stm32l4xx_hal_cortex.o [1]
HAL_PWREx_ControlVoltageScaling
                        0x080035fd   0x68  Code  Gb  stm32l4xx_hal_pwr_ex.o [1]
HAL_PWREx_GetVoltageRange
                        0x080035f1    0xc  Code  Gb  stm32l4xx_hal_pwr_ex.o [1]
HAL_RCC_ClockConfig     0x08002d53   0xe4  Code  Gb  stm32l4xx_hal_rcc.o [1]
HAL_RCC_GetClockConfig  0x08002f19   0x36  Code  Gb  stm32l4xx_hal_rcc.o [1]
HAL_RCC_GetPCLK1Freq    0x08002ef1   0x10  Code  Gb  stm32l4xx_hal_rcc.o [1]
HAL_RCC_GetPCLK2Freq    0x08002f01    0xe  Code  Gb  stm32l4xx_hal_rcc.o [1]
HAL_RCC_GetSysClockFreq
                        0x08002e5f   0x92  Code  Gb  stm32l4xx_hal_rcc.o [1]
HAL_RCC_OscConfig       0x080028d9  0x456  Code  Gb  stm32l4xx_hal_rcc.o [1]
HAL_TIMEx_Break2Callback
                        0x080044a9    0x2  Code  Wk  stm32l4xx_hal_tim_ex.o [1]
HAL_TIMEx_BreakCallback
                        0x080044a7    0x2  Code  Wk  stm32l4xx_hal_tim_ex.o [1]
HAL_TIMEx_CommutCallback
                        0x080044ad    0x2  Code  Wk  stm32l4xx_hal_tim_ex.o [1]
HAL_TIMEx_MasterConfigSynchronization
                        0x0800392d   0x52  Code  Gb  stm32l4xx_hal_tim_ex.o [1]
HAL_TIM_Base_Init       0x08003691   0x1a  Code  Gb  stm32l4xx_hal_tim.o [1]
HAL_TIM_Base_MspInit    0x080027c7   0x34  Code  Gb  stm32l4xx_hal_msp.o [1]
HAL_TIM_Base_Start_IT   0x080036ab   0x28  Code  Gb  stm32l4xx_hal_tim.o [1]
HAL_TIM_IRQHandler      0x080036fd  0x15c  Code  Gb  stm32l4xx_hal_tim.o [1]
HAL_TIM_PeriodElapsedCallback
                        0x080031a7   0x1c  Code  Gb  main.o [1]
HAL_UARTEx_WakeupCallback
                        0x080028d5    0x2  Code  Wk  stm32l4xx_hal_uart_ex.o [1]
HAL_UART_IRQHandler     0x08002147  0x142  Code  Gb  stm32l4xx_hal_uart.o [1]
HAL_UART_Init           0x08001f71   0x30  Code  Gb  stm32l4xx_hal_uart.o [1]
HAL_UART_MspInit        0x080027fb   0x6c  Code  Gb  stm32l4xx_hal_msp.o [1]
HAL_UART_Receive_IT     0x080020a5   0x9c  Code  Gb  stm32l4xx_hal_uart.o [1]
HAL_UART_RxCpltCallback
                        0x080031c3   0x46  Code  Gb  main.o [1]
HAL_UART_Transmit       0x08001ff1   0xb4  Code  Gb  stm32l4xx_hal_uart.o [1]
HEAP$$Base              0x200014f0          --   Gb  - Linker created -
HEAP$$Limit             0x200016f0          --   Gb  - Linker created -
HardFault_Handler       0x0800518b    0x2  Code  Gb  stm32l4xx_it.o [1]
LoadInt                 0x08000357   0x7a  Code  Lc  xprintffull.o [3]
MSIRangeTable           0x08004f5c   0x30  Data  Gb  system_stm32l4xx.o [1]
MemManage_Handler       0x0800518d    0x2  Code  Gb  stm32l4xx_it.o [1]
NMI_Handler             0x08005189    0x2  Code  Gb  stm32l4xx_it.o [1]
PendSV_Handler          0x080048f5         Code  Gb  portasm.o [1]
RCC_SetFlashLatencyFromMSIRange
                        0x08002f4f   0x74  Code  Lc  stm32l4xx_hal_rcc.o [1]
Region$$Table$$Base     0x08005200          --   Gb  - Linker created -
Region$$Table$$Limit    0x08005220          --   Gb  - Linker created -
SVC_Handler             0x0800494d         Code  Gb  portasm.o [1]
SysTick_Handler         0x080045f9   0x1e  Code  Gb  port.o [1]
SystemClock_Config      0x080030e3   0x74  Code  Gb  main.o [1]
SystemCoreClock         0x20000018    0x4  Data  Gb  system_stm32l4xx.o [1]
SystemInit              0x08004f01   0x3c  Code  Gb  system_stm32l4xx.o [1]
TIM6_DAC_IRQHandler     0x0800519b    0x6  Code  Gb  stm32l4xx_it.o [1]
TIM7_IRQHandler         0x080051a1    0x6  Code  Gb  stm32l4xx_it.o [1]
TIM_Base_SetConfig      0x0800385f   0xac  Code  Gb  stm32l4xx_hal_tim.o [1]
UART_AdvFeatureConfig   0x08002549   0xc6  Code  Gb  stm32l4xx_hal_uart.o [1]
UART_CheckIdleState     0x0800260f   0x5a  Code  Gb  stm32l4xx_hal_uart.o [1]
UART_DMAAbortOnError    0x080026ed   0x10  Code  Lc  stm32l4xx_hal_uart.o [1]
UART_EndRxTransfer      0x080026cf   0x1e  Code  Lc  stm32l4xx_hal_uart.o [1]
UART_RxISR_16BIT        0x08002721   0x24  Code  Lc  stm32l4xx_hal_uart.o [1]
UART_RxISR_8BIT         0x080026fd   0x24  Code  Lc  stm32l4xx_hal_uart.o [1]
UART_SetConfig          0x08002295  0x270  Code  Gb  stm32l4xx_hal_uart.o [1]
UART_WaitOnFlagUntilTimeout
                        0x08002669   0x5a  Code  Gb  stm32l4xx_hal_uart.o [1]
USART2_IRQHandler       0x08005195    0x6  Code  Gb  stm32l4xx_it.o [1]
UsageFault_Handler      0x08005191    0x2  Code  Gb  stm32l4xx_it.o [1]
_Close_all              0x0800514d   0x3c  Code  Gb  xcloseall.o [3]
_Encoding_8859_1_Mbrlen
                        0x080011f1    0x2  Code  Gb  xencoding_8859_1.o [3]
_Encoding_8859_1_Wctomb
                        0x080011df   0x12  Code  Gb  xencoding_8859_1.o [3]
_Files                  0x200000f4   0x20  Data  Gb  xfiles.o [3]
_Fofree                 0x0800500d   0x78  Code  Gb  xfofind.o [3]
_Fspos                  0x08004b11   0xd8  Code  Gb  xfspos.o [3]
_Fwprep                 0x08004e29   0xb4  Code  Gb  xfwprep.o [3]
_GenldFull              0x08000dd7  0x250  Code  Lc  xprintffull.o [3]
_LdtobFull              0x080009ad  0x3fe  Code  Lc  xprintffull.o [3]
_LitobFull              0x08000855  0x112  Code  Lc  xprintffull.o [3]
_Locale_lconv           0x20000114   0x38  Data  Lc  xlocale_c.o [3]
_Nnl                    0x08004c95    0xc  Code  Gb  xfgpos.o [3]
_PrintfFull             0x08000189  0x1b8  Code  Gb  xprintffull.o [3]
_Prout                  0x08005257   0x16  Code  Gb  xprout.o [3]
_PutcharsFull           0x08001027   0x2e  Code  Lc  xprintffull.o [3]
_PutfldFull             0x080003d1  0x2d0  Code  Lc  xprintffull.o [3]
_PutstrFull             0x08000797   0xbe  Code  Lc  xprintffull.o [3]
_PuttxtFull             0x080006a1   0xf6  Code  Lc  xprintffull.o [3]
__NVIC_SetPriority      0x080032f5   0x1e  Code  Lc  stm32l4xx_hal_cortex.o [1]
__aeabi_cdcmple         0x080017c9         Code  Gb  DblCmpLe.o [4]
__aeabi_cdrcmple        0x080017f9         Code  Gb  DblCmpGe.o [4]
__aeabi_d2iz            0x08001965         Code  Gb  DblToS32.o [4]
__aeabi_d2uiz           0x08001cf1         Code  Gb  DblToU32.o [4]
__aeabi_ddiv            0x08001aa9         Code  Gb  DblDiv.o [4]
__aeabi_dmul            0x080015b5         Code  Gb  DblMul.o [4]
__aeabi_dsub            0x080019c5         Code  Gb  DblSub.o [4]
__aeabi_i2d             0x080019a1         Code  Gb  S32ToDbl.o [4]
__aeabi_ldiv0           0x08001d39         Code  Gb  I64DivZer.o [5]
__aeabi_memclr4         0x08003391         Code  Gb  ABImemclr4.o [5]
__aeabi_memcpy          0x080012dd         Code  Gb  ABImemcpy.o [5]
__aeabi_memcpy4         0x080012fd         Code  Gb  ABImemcpy.o [5]
__aeabi_memcpy8         0x080012fd         Code  Gb  ABImemcpy.o [5]
__aeabi_ui2d            0x08001d19         Code  Gb  U32ToDbl.o [4]
__aeabi_uldivmod        0x08001385         Code  Gb  I64DivMod.o [5]
__basic_free            0x08004a51   0x16  Code  Gb  heap0.o [3]
__basic_free_intern     0x08004a67   0x7a  Code  Lc  heap0.o [3]
__basic_malloc          0x080049a5   0x18  Code  Gb  heap0.o [3]
__basic_malloc_intern   0x080049bd   0x94  Code  Lc  heap0.o [3]
__cexit_closeall        0x0800524b         Code  Gb  cexit.o [5]
__close                 0x0800508d   0x18  Code  Gb  close.o [6]
__cmain                 0x08005221         Code  Gb  cmain.o [5]
__cstart_closeall       0x080053dc         Data  Gb  cstart_closeall.o [5]
__data_GetMemChunk      0x08004ae5   0x2c  Code  Gb  xgetmemchunk.o [3]
__data_GetMemChunk::start
                        0x200010ec    0x4  Data  Lc  xgetmemchunk.o [3]
__dwrite                0x08004dc9   0x1e  Code  Gb  dwrite.o [6]
__exit                  0x08001ea5   0x14  Code  Gb  exit.o [6]
__iar_Fail_s            0x080011fd   0x1e  Code  Gb  xfail_s.o [3]
__iar_Mbcurmax          0x080012d1    0xa  Code  Gb  xmbcurmax.o [3]
__iar_Memchr            0x08001279         Code  Gb  memchr.o [5]
__iar_Memset4_word      0x08004471         Code  Gb  ABImemset48.o [5]
__iar_Memset8_word      0x08004471         Code  Gb  ABImemset48.o [5]
__iar_Stderr            0x200000ac   0x48  Data  Gb  xfiles.o [3]
__iar_Stdin             0x2000001c   0x48  Data  Gb  xfiles.o [3]
__iar_Stdout            0x20000064   0x48  Data  Gb  xfiles.o [3]
__iar_Strchr            0x080011c9         Code  Gb  strchr.o [5]
__iar_close_ttio        0x08001eb9   0x2c  Code  Gb  iarttio.o [6]
__iar_dadd              0x080019d5         Code  Gb  DblSub.o [4]
__iar_data_init3        0x080051b5   0x28  Code  Gb  data_init.o [5]
__iar_dsub              0x08001d3d         Code  Gb  DblAdd.o [4]
__iar_dsubStart         0x08001d4f         Code  Gb  DblAdd.o [4]
__iar_frexp             0x08001765         Code  Gb  frexp.o [4]
__iar_frexpl            0x08001765         Code  Gb  frexp.o [4]
__iar_get_ttio          0x08001ee5   0x4c  Code  Gb  iarttio.o [6]
__iar_globLocale        0x2000014c   0x48  Data  Lc  xlocale_c.o [3]
__iar_global_Locale     0x08001151    0x4  Code  Gb  xlocale_c.o [3]
__iar_init_vfp          0x080051dd         Code  Gb  fpinit_M.o [4]
__iar_ldexp64           0x08001829         Code  Gb  ldexp.o [4]
__iar_lookup_ttioh      0x08001f63    0x4  Code  Gb  XShttio.o [3]
__iar_lz77_init_single3
                        0x080010d7   0x7a  Code  Gb  lz77_init_single.o [5]
__iar_program_start     0x08005289         Code  Gb  cstartup_M.o [5]
__iar_scalbln64         0x08001829         Code  Gb  ldexp.o [4]
__iar_scalbn64          0x08001829         Code  Gb  ldexp.o [4]
__iar_sh_Discard        0x08004cfd   0x42  Code  Gb  XShHandles.o [3]
__iar_sh_Move           0x08004d3f   0x46  Code  Gb  XShHandles.o [3]
__iar_sh_Pos            0x08004d85   0x3e  Code  Gb  XShHandles.o [3]
__iar_sh_stdout         0x08004de7   0x20  Code  Gb  iarwstd.o [6]
__iar_sh_write          0x08004e07   0x22  Code  Gb  iarwrite.o [6]
__iar_softfp___iar_frexp64
                        0x08001759         Code  Gb  frexp.o [4]
__iar_softfp_frexp      0x08001759         Code  Gb  frexp.o [4]
__iar_softfp_frexpl     0x08001759         Code  Gb  frexp.o [4]
__iar_systems$$module {Abs}
                        0x00000001         Data  Gb  command line/config [2]
__iar_ttio_guard_lock   0x08001f35   0x1e  Code  Gb  XShttio.o [3]
__iar_ttio_guard_unlock
                        0x08001f53   0x10  Code  Gb  XShttio.o [3]
__iar_ttio_handles      0x20000194    0x8  Data  Lc  XShttio.o [3]
__iar_zero_init3        0x0800510d   0x40  Code  Gb  zero_init3.o [5]
__low_level_init        0x0800523f    0x4  Code  Gb  low_level_init.o [3]
__lseek                 0x08004ca1   0x4a  Code  Gb  lseek.o [6]
__vector_table          0x08000000         Data  Gb  startup_stm32l476xx.o [1]
__write                 0x08004ceb   0x10  Code  Gb  write.o [6]
_call_main              0x0800522d         Code  Gb  cmain.o [5]
_exit                   0x08005249         Code  Gb  cexit.o [5]
_gLocale_mblen          0x080011b1    0x4  Code  Gb  xlocale_c.o [3]
_gLocale_mblenInt       0x08001179   0x34  Code  Gb  xlocale_c.o [3]
_gLocale_wctomb         0x080011b5    0x4  Code  Gb  xlocale_c.o [3]
_gLocale_wctombInt      0x080011ad    0x4  Code  Gb  xlocale_c.o [3]
_main                   0x0800523b         Code  Gb  cmain.o [5]
aRxBuffer               0x20000f98   0x20  Data  Gb  main.o [1]
abort                   0x08001d33    0x6  Code  Gb  abort.o [3]
ebuf                    0x20001000   0x50  Data  Lc  xfiles.o [3]
exit                    0x08005243    0x4  Code  Gb  exit.o [3]
fclose                  0x08004f8d   0x7e  Code  Gb  fclose.o [3]
fflush                  0x08004c5d   0x34  Code  Gb  fflush.o [3]
fflushOne               0x08004be9   0x74  Code  Lc  fflush.o [3]
fputc                   0x080050b9   0x54  Code  Gb  fputc.o [3]
free                    0x08005089    0x4  Code  Gb  heaptramp0.o [3]
fseek                   0x08004edd   0x24  Code  Gb  fseek.o [3]
htim6                   0x200010a0   0x40  Data  Gb  stm32l4xx_hal_timebase_tim.o [1]
htim7                   0x20000fb8   0x40  Data  Gb  main.o [1]
huart2                  0x20000e98   0x80  Data  Gb  main.o [1]
ldexp                   0x08001829         Code  Gb  ldexp.o [4]
ldexpl                  0x08001829         Code  Gb  ldexp.o [4]
localeconv              0x080011b9    0x4  Code  Gb  xlocale_c.o [3]
main                    0x08003005   0xde  Code  Gb  main.o [1]
memchr                  0x08001279         Code  Gb  memchr.o [5]
obuf                    0x20001050   0x50  Data  Lc  xfiles.o [3]
printf                  0x08004411   0x28  Code  Gb  printf.o [3]
prvAddCurrentTaskToDelayedList
                        0x08004395   0x5e  Code  Lc  tasks.o [1]
prvAddNewTaskToReadyList
                        0x08003e15   0x9e  Code  Lc  tasks.o [1]
prvCopyDataFromQueue    0x08003ca7   0x28  Code  Lc  queue.o [1]
prvCopyDataToQueue      0x08003c3f   0x68  Code  Lc  queue.o [1]
prvDeleteTCB            0x08004249   0x14  Code  Lc  tasks.o [1]
prvIdleTask             0x080041f9   0x50  Code  Lc  tasks.o [1]
prvInitialiseNewQueue   0x08003a35   0x16  Code  Lc  queue.o [1]
prvInitialiseNewTask    0x08003d9d   0x78  Code  Lc  tasks.o [1]
prvInsertBlockIntoFreeList
                        0x080048a9   0x46  Code  Lc  heap_4.o [1]
prvIsQueueEmpty         0x08003d2b   0x16  Code  Lc  queue.o [1]
prvResetNextTaskUnblockTime
                        0x0800425d   0x1a  Code  Lc  tasks.o [1]
prvTaskExitError        0x080044d9   0x28  Code  Lc  port.o [1]
prvUnlockQueue          0x08003ccf   0x5c  Code  Lc  queue.o [1]
putchar                 0x0800526d    0xc  Code  Gb  putchar.o [3]
pvPortMalloc            0x08004745  0x102  Code  Gb  heap_4.o [1]
pxCurrentTCB            0x20000d94    0x4  Data  Gb  tasks.o [1]
pxDelayedTaskList       0x20000d98    0x4  Data  Lc  tasks.o [1]
pxEnd                   0x200001a4    0x4  Data  Lc  heap_4.o [1]
pxOverflowDelayedTaskList
                        0x20000d9c    0x4  Data  Lc  tasks.o [1]
pxPortInitialiseStack   0x080044b1   0x26  Code  Gb  port.o [1]
pxReadyTasksLists       0x20000e0c   0x8c  Data  Lc  tasks.o [1]
remove                  0x080050a5   0x14  Code  Gb  remove.o [6]
sFileInfo               0x20000f18   0x80  Data  Lc  XShHandles.o [3]
scalbln                 0x08001829         Code  Gb  ldexp.o [4]
scalblnl                0x08001829         Code  Gb  ldexp.o [4]
scalbn                  0x08001829         Code  Gb  ldexp.o [4]
scalbnl                 0x08001829         Code  Gb  ldexp.o [4]
scale                   0x08000967   0x46  Code  Lc  xprintffull.o [3]
sec_hand                0x200010e8    0x4  Data  Lc  xfail_s.o [3]
strchr                  0x080011c9         Code  Gb  strchr.o [5]
strlen                  0x08001241         Code  Gb  strlen.o [5]
ttio_guard              0x20000ffd    0x1  Data  Lc  XShttio.o [3]
uRxByte                 0x20000ffc    0x1  Data  Gb  main.o [1]
ucHeap                  0x200001b4  0xbb8  Data  Lc  heap_4.o [1]
ucMaxSysCallPriority    0x20000000    0x1  Data  Lc  port.o [1]
ulMaxPRIGROUPValue      0x20000008    0x4  Data  Lc  port.o [1]
uwTick                  0x2000000c    0x4  Data  Gb  stm32l4xx_hal.o [1]
uwTickFreq              0x20000014    0x4  Data  Gb  stm32l4xx_hal.o [1]
uwTickPrio              0x20000010    0x4  Data  Gb  stm32l4xx_hal.o [1]
uxCriticalNesting       0x20000004    0x4  Data  Lc  port.o [1]
uxCurrentNumberOfTasks  0x20000db8    0x4  Data  Lc  tasks.o [1]
uxDeletedTasksWaitingCleanUp
                        0x20000da0    0x4  Data  Lc  tasks.o [1]
uxListRemove            0x0800471f   0x26  Code  Gb  list.o [1]
uxPendedTicks           0x20000dc8    0x4  Data  Lc  tasks.o [1]
uxSchedulerSuspended    0x20000ddc    0x4  Data  Lc  tasks.o [1]
uxTaskNumber            0x20000dd4    0x4  Data  Lc  tasks.o [1]
uxTopReadyPriority      0x20000dc0    0x4  Data  Lc  tasks.o [1]
vListInitialise         0x080046b5   0x1a  Code  Gb  list.o [1]
vListInitialiseItem     0x080046cf    0x6  Code  Gb  list.o [1]
vListInsert             0x080046ed   0x32  Code  Gb  list.o [1]
vListInsertEnd          0x080046d5   0x18  Code  Gb  list.o [1]
vPortEnableVFP          0x08004989         Code  Gb  portasm.o [1]
vPortEnterCritical      0x080045a5   0x32  Code  Gb  port.o [1]
vPortExitCritical       0x080045d7   0x22  Code  Gb  port.o [1]
vPortFree               0x08004855   0x46  Code  Gb  heap_4.o [1]
vPortStartFirstTask     0x08004969         Code  Gb  portasm.o [1]
vPortValidateInterruptPriority
                        0x08004625   0x42  Code  Gb  port.o [1]
vTask1                  0x08003159   0x4e  Code  Lc  main.o [1]
vTaskDelay              0x08003eb3   0x2e  Code  Gb  tasks.o [1]
vTaskInternalSetTimeOutState
                        0x08004183    0xe  Code  Gb  tasks.o [1]
vTaskMissedYield        0x080041ef    0xa  Code  Gb  tasks.o [1]
vTaskPlaceOnEventList   0x0800410b   0x22  Code  Gb  tasks.o [1]
vTaskStartScheduler     0x08003ef1   0x54  Code  Gb  tasks.o [1]
vTaskSuspendAll         0x08003f45    0xc  Code  Gb  tasks.o [1]
vTaskSwitchContext      0x080040b5   0x56  Code  Gb  tasks.o [1]
xBlockAllocatedBit      0x200001b0    0x4  Data  Lc  heap_4.o [1]
xDelayedTaskList1       0x20000de0   0x14  Data  Lc  tasks.o [1]
xDelayedTaskList2       0x20000df4   0x14  Data  Lc  tasks.o [1]
xFreeBytesRemaining     0x200001a8    0x4  Data  Lc  heap_4.o [1]
xIdleTaskHandle         0x20000e08    0x4  Data  Lc  tasks.o [1]
xMinimumEverFreeBytesRemaining
                        0x200001ac    0x4  Data  Lc  heap_4.o [1]
xNextTaskUnblockTime    0x20000dd8    0x4  Data  Lc  tasks.o [1]
xNumOfOverflows         0x20000dd0    0x4  Data  Lc  tasks.o [1]
xPendingReadyList       0x20000d6c   0x14  Data  Lc  tasks.o [1]
xPortStartScheduler     0x08004501   0xa4  Code  Gb  port.o [1]
xQueue                  0x20000ff8    0x4  Data  Gb  main.o [1]
xQueueGenericCreate     0x080039fd   0x38  Code  Gb  queue.o [1]
xQueueGenericReset      0x08003989   0x74  Code  Gb  queue.o [1]
xQueueGenericSendFromISR
                        0x08003a53   0x86  Code  Gb  queue.o [1]
xQueueReceive           0x08003af5   0xfc  Code  Gb  queue.o [1]
xSchedulerRunning       0x20000dc4    0x4  Data  Lc  tasks.o [1]
xStart                  0x2000019c    0x8  Data  Lc  heap_4.o [1]
xSuspendedTaskList      0x20000da4   0x14  Data  Lc  tasks.o [1]
xTaskCheckForTimeOut    0x08004191   0x5e  Code  Gb  tasks.o [1]
xTaskCreate             0x08003d45   0x58  Code  Gb  tasks.o [1]
xTaskGetSchedulerState  0x08004277   0x18  Code  Gb  tasks.o [1]
xTaskIncrementTick      0x08003ff5   0xc0  Code  Gb  tasks.o [1]
xTaskPriorityDisinherit
                        0x08004295   0x70  Code  Gb  tasks.o [1]
xTaskRemoveFromEventList
                        0x08004131   0x52  Code  Gb  tasks.o [1]
xTaskResumeAll          0x08003f51   0x9c  Code  Gb  tasks.o [1]
xTasksWaitingTermination
                        0x20000d80   0x14  Data  Lc  tasks.o [1]
xTickCount              0x20000dbc    0x4  Data  Lc  tasks.o [1]
xYieldPending           0x20000dcc    0x4  Data  Lc  tasks.o [1]


[1] = C:\Users\bayrem.gharsallaoui\Documents\STM32L4_Projects\RTOS_EX2\EWARM\RTOS_EX2\Obj
[2] = command line
[3] = dl7M_tlf.a
[4] = m7M_tls.a
[5] = rt7M_tl.a
[6] = shb_l.a

  21 420 bytes of readonly  code memory
     192 bytes of readonly  data memory
   5 872 bytes of readwrite data memory

Errors: none
Warnings: none
