###############################################################################
#
# IAR ELF Linker V8.20.1.14183/W32 for ARM                09/Sep/2019  09:47:47
# Copyright 2007-2017 IAR Systems AB.
#
#    Output file  =  
#        C:\Users\bayrem.gharsallaoui\Documents\STM32L4_Projects\RTOS_EX1\EWARM\RTOS_EX1\Exe\RTOS_EX1.out
#    Map file     =  
#        C:\Users\bayrem.gharsallaoui\Documents\STM32L4_Projects\RTOS_EX1\EWARM\RTOS_EX1\List\RTOS_EX1.map
#    Command line =  
#        -f C:\Users\BAYREM~1.GHA\AppData\Local\Temp\EW1F45.tmp
#        (C:\Users\bayrem.gharsallaoui\Documents\STM32L4_Projects\RTOS_EX1\EWARM\RTOS_EX1\Obj\cmsis_os.o
#        C:\Users\bayrem.gharsallaoui\Documents\STM32L4_Projects\RTOS_EX1\EWARM\RTOS_EX1\Obj\croutine.o
#        C:\Users\bayrem.gharsallaoui\Documents\STM32L4_Projects\RTOS_EX1\EWARM\RTOS_EX1\Obj\event_groups.o
#        C:\Users\bayrem.gharsallaoui\Documents\STM32L4_Projects\RTOS_EX1\EWARM\RTOS_EX1\Obj\freertos.o
#        C:\Users\bayrem.gharsallaoui\Documents\STM32L4_Projects\RTOS_EX1\EWARM\RTOS_EX1\Obj\heap_4.o
#        C:\Users\bayrem.gharsallaoui\Documents\STM32L4_Projects\RTOS_EX1\EWARM\RTOS_EX1\Obj\list.o
#        C:\Users\bayrem.gharsallaoui\Documents\STM32L4_Projects\RTOS_EX1\EWARM\RTOS_EX1\Obj\main.o
#        C:\Users\bayrem.gharsallaoui\Documents\STM32L4_Projects\RTOS_EX1\EWARM\RTOS_EX1\Obj\port.o
#        C:\Users\bayrem.gharsallaoui\Documents\STM32L4_Projects\RTOS_EX1\EWARM\RTOS_EX1\Obj\portasm.o
#        C:\Users\bayrem.gharsallaoui\Documents\STM32L4_Projects\RTOS_EX1\EWARM\RTOS_EX1\Obj\queue.o
#        C:\Users\bayrem.gharsallaoui\Documents\STM32L4_Projects\RTOS_EX1\EWARM\RTOS_EX1\Obj\startup_stm32l476xx.o
#        C:\Users\bayrem.gharsallaoui\Documents\STM32L4_Projects\RTOS_EX1\EWARM\RTOS_EX1\Obj\stm32l4xx_hal.o
#        C:\Users\bayrem.gharsallaoui\Documents\STM32L4_Projects\RTOS_EX1\EWARM\RTOS_EX1\Obj\stm32l4xx_hal_cortex.o
#        C:\Users\bayrem.gharsallaoui\Documents\STM32L4_Projects\RTOS_EX1\EWARM\RTOS_EX1\Obj\stm32l4xx_hal_dma.o
#        C:\Users\bayrem.gharsallaoui\Documents\STM32L4_Projects\RTOS_EX1\EWARM\RTOS_EX1\Obj\stm32l4xx_hal_dma_ex.o
#        C:\Users\bayrem.gharsallaoui\Documents\STM32L4_Projects\RTOS_EX1\EWARM\RTOS_EX1\Obj\stm32l4xx_hal_exti.o
#        C:\Users\bayrem.gharsallaoui\Documents\STM32L4_Projects\RTOS_EX1\EWARM\RTOS_EX1\Obj\stm32l4xx_hal_flash.o
#        C:\Users\bayrem.gharsallaoui\Documents\STM32L4_Projects\RTOS_EX1\EWARM\RTOS_EX1\Obj\stm32l4xx_hal_flash_ex.o
#        C:\Users\bayrem.gharsallaoui\Documents\STM32L4_Projects\RTOS_EX1\EWARM\RTOS_EX1\Obj\stm32l4xx_hal_flash_ramfunc.o
#        C:\Users\bayrem.gharsallaoui\Documents\STM32L4_Projects\RTOS_EX1\EWARM\RTOS_EX1\Obj\stm32l4xx_hal_gpio.o
#        C:\Users\bayrem.gharsallaoui\Documents\STM32L4_Projects\RTOS_EX1\EWARM\RTOS_EX1\Obj\stm32l4xx_hal_i2c.o
#        C:\Users\bayrem.gharsallaoui\Documents\STM32L4_Projects\RTOS_EX1\EWARM\RTOS_EX1\Obj\stm32l4xx_hal_i2c_ex.o
#        C:\Users\bayrem.gharsallaoui\Documents\STM32L4_Projects\RTOS_EX1\EWARM\RTOS_EX1\Obj\stm32l4xx_hal_msp.o
#        C:\Users\bayrem.gharsallaoui\Documents\STM32L4_Projects\RTOS_EX1\EWARM\RTOS_EX1\Obj\stm32l4xx_hal_pwr.o
#        C:\Users\bayrem.gharsallaoui\Documents\STM32L4_Projects\RTOS_EX1\EWARM\RTOS_EX1\Obj\stm32l4xx_hal_pwr_ex.o
#        C:\Users\bayrem.gharsallaoui\Documents\STM32L4_Projects\RTOS_EX1\EWARM\RTOS_EX1\Obj\stm32l4xx_hal_rcc.o
#        C:\Users\bayrem.gharsallaoui\Documents\STM32L4_Projects\RTOS_EX1\EWARM\RTOS_EX1\Obj\stm32l4xx_hal_rcc_ex.o
#        C:\Users\bayrem.gharsallaoui\Documents\STM32L4_Projects\RTOS_EX1\EWARM\RTOS_EX1\Obj\stm32l4xx_hal_tim.o
#        C:\Users\bayrem.gharsallaoui\Documents\STM32L4_Projects\RTOS_EX1\EWARM\RTOS_EX1\Obj\stm32l4xx_hal_tim_ex.o
#        C:\Users\bayrem.gharsallaoui\Documents\STM32L4_Projects\RTOS_EX1\EWARM\RTOS_EX1\Obj\stm32l4xx_hal_timebase_tim.o
#        C:\Users\bayrem.gharsallaoui\Documents\STM32L4_Projects\RTOS_EX1\EWARM\RTOS_EX1\Obj\stm32l4xx_it.o
#        C:\Users\bayrem.gharsallaoui\Documents\STM32L4_Projects\RTOS_EX1\EWARM\RTOS_EX1\Obj\stream_buffer.o
#        C:\Users\bayrem.gharsallaoui\Documents\STM32L4_Projects\RTOS_EX1\EWARM\RTOS_EX1\Obj\supporting_functions.o
#        C:\Users\bayrem.gharsallaoui\Documents\STM32L4_Projects\RTOS_EX1\EWARM\RTOS_EX1\Obj\system_stm32l4xx.o
#        C:\Users\bayrem.gharsallaoui\Documents\STM32L4_Projects\RTOS_EX1\EWARM\RTOS_EX1\Obj\tasks.o
#        C:\Users\bayrem.gharsallaoui\Documents\STM32L4_Projects\RTOS_EX1\EWARM\RTOS_EX1\Obj\timers.o
#        --redirect _Printf=_PrintfFull --redirect _Scanf=_ScanfFull -o
#        C:\Users\bayrem.gharsallaoui\Documents\STM32L4_Projects\RTOS_EX1\EWARM\RTOS_EX1\Exe\RTOS_EX1.out
#        --map
#        C:\Users\bayrem.gharsallaoui\Documents\STM32L4_Projects\RTOS_EX1\EWARM\RTOS_EX1\List\RTOS_EX1.map
#        --config
#        C:\Users\bayrem.gharsallaoui\Documents\STM32L4_Projects\RTOS_EX1\EWARM/stm32l476xx_flash.icf
#        --semihosting --entry __iar_program_start --vfe --text_out locale)
#
###############################################################################

*******************************************************************************
*** RUNTIME MODEL ATTRIBUTES
***

CppFlavor       = *
__Heap_Handler  = Basic
__SystemLibrary = DLib
__dlib_version  = 6


*******************************************************************************
*** HEAP SELECTION
***

The basic heap was selected because no calls to memory allocation
functions were found in the application outside of system library
functions, and there are calls to deallocation functions in the
application.


*******************************************************************************
*** PLACEMENT SUMMARY
***

"A0":  place at 0x08000000 { ro section .intvec };
"P1":  place in [from 0x08000000 to 0x080fffff] { ro };
define block CSTACK with size = 1K, alignment = 8 { };
define block HEAP with size = 512, alignment = 8 { };
"P2":  place in [from 0x20000000 to 0x20017fff] {
          rw, block CSTACK, block HEAP };
"P3":  place in [from 0x20000000 to 0x20017fff] { };
initialize by copy { rw };

  Section            Kind        Address    Size  Object
  -------            ----        -------    ----  ------
"A0":                                      0x188
  .intvec            ro code  0x08000000   0x188  startup_stm32l476xx.o [1]
                            - 0x08000188   0x188

"P1":                                     0x4775
  .text              ro code  0x08000188   0xf4e  xprintffull.o [3]
  .text              ro code  0x080010d6    0x7a  lz77_init_single.o [5]
  .text              ro code  0x08001150    0x78  xlocale_c.o [3]
  .text              ro code  0x080011c8    0x16  strchr.o [5]
  .text              ro code  0x080011de    0x1e  xencoding_8859_1.o [3]
  .text              ro code  0x080011fc    0x44  xfail_s.o [3]
  .text              ro code  0x08001240    0x36  strlen.o [5]
  .text              ro code  0x08001278    0x58  memchr.o [5]
  .text              ro code  0x080012d0     0xa  xmbcurmax.o [3]
  .text              ro code  0x080012dc    0xa6  ABImemcpy.o [5]
  .text              ro code  0x08001384   0x22e  I64DivMod.o [5]
  .text              ro code  0x080015b4   0x1a2  DblMul.o [4]
  .text              ro code  0x08001758    0x70  frexp.o [4]
  .text              ro code  0x080017c8    0x2e  DblCmpLe.o [4]
  .text              ro code  0x080017f8    0x2e  DblCmpGe.o [4]
  .text              ro code  0x08001828   0x13a  ldexp.o [4]
  .text              ro code  0x08001964    0x3a  DblToS32.o [4]
  .text              ro code  0x080019a0    0x22  S32ToDbl.o [4]
  .text              ro code  0x080019c4    0xe2  DblSub.o [4]
  .text              ro code  0x08001aa8   0x246  DblDiv.o [4]
  .text              ro code  0x08001cf0    0x28  DblToU32.o [4]
  .text              ro code  0x08001d18    0x1a  U32ToDbl.o [4]
  .text              ro code  0x08001d32     0x6  abort.o [3]
  .text              ro code  0x08001d38     0x2  I64DivZer.o [5]
  .text              ro code  0x08001d3c   0x168  DblAdd.o [4]
  .text              ro code  0x08001ea4    0x14  exit.o [6]
  .text              ro code  0x08001eb8    0x7c  iarttio.o [6]
  .text              ro code  0x08001f34    0x3c  XShttio.o [3]
  .text              ro code  0x08001f70   0x720  stm32l4xx_hal_rcc.o [1]
  .text              ro code  0x08002690    0x78  stm32l4xx_hal_timebase_tim.o [1]
  .text              ro code  0x08002708     0xc  stm32l4xx_hal.o [1]
  .text              ro code  0x08002714    0x80  stm32l4xx_hal_pwr_ex.o [1]
  .text              ro code  0x08002794    0x9c  stm32l4xx_hal_cortex.o [1]
  .text              ro code  0x08002830   0x29c  stm32l4xx_hal_tim.o [1]
  .text              ro code  0x08002acc    0x74  stm32l4xx_hal_msp.o [1]
  .text              ro code  0x08002b40     0x2  stm32l4xx_hal_tim.o [1]
  .text              ro code  0x08002b42     0x2  stm32l4xx_hal_tim.o [1]
  .text              ro code  0x08002b44   0x24c  main.o [1]
  .text              ro code  0x08002d90     0x2  stm32l4xx_hal_tim_ex.o [1]
  .text              ro code  0x08002d92     0x2  stm32l4xx_hal_tim_ex.o [1]
  .text              ro code  0x08002d94     0x2  stm32l4xx_hal_tim.o [1]
  .text              ro code  0x08002d96     0x2  stm32l4xx_hal_tim_ex.o [1]
  .text              ro code  0x08002d98     0x2  stm32l4xx_hal_tim.o [1]
  .text              ro code  0x08002d9c    0x2c  stm32l4xx_hal.o [1]
  .text              ro code  0x08002dc8    0x5c  stm32l4xx_hal_tim_ex.o [1]
  .text              ro code  0x08002e24   0x3bc  queue.o [1]
  .text              ro code  0x080031e0   0x694  tasks.o [1]
  .text              ro code  0x08003874    0x28  printf.o [3]
  .text              ro code  0x0800389c    0x28  stm32l4xx_hal.o [1]
  .text              ro code  0x080038c4     0x6  ABImemclr4.o [5]
  .text              ro code  0x080038cc    0x38  supporting_functions.o [1]
  .text              ro code  0x08003904    0x10  stm32l4xx_hal.o [1]
  .text              ro code  0x08003914   0x204  port.o [1]
  .text              ro code  0x08003b18    0x90  list.o [1]
  .text              ro code  0x08003ba8   0x1b0  heap_4.o [1]
  .text              ro code  0x08003d58    0x32  ABImemset48.o [5]
  .text              ro code  0x08003d8c    0xac  fflush.o [3]
  CODE               ro code  0x08003e38    0xb0  portasm.o [1]
  .text              ro code  0x08003ee8    0x10  write.o [6]
  .text              ro code  0x08003ef8    0x1e  dwrite.o [6]
  .text              ro code  0x08003f16    0x20  iarwstd.o [6]
  .text              ro code  0x08003f36    0x22  iarwrite.o [6]
  .text              ro code  0x08003f58    0xcc  XShHandles.o [3]
  .text              ro code  0x08004024   0x140  heap0.o [3]
  .text              ro code  0x08004164    0x2c  xgetmemchunk.o [3]
  .text              ro code  0x08004190    0xd8  xfspos.o [3]
  .text              ro code  0x08004268     0xc  xfgpos.o [3]
  .text              ro code  0x08004274    0x4a  lseek.o [6]
  .text              ro code  0x080042be    0xb4  xfwprep.o [3]
  .text              ro code  0x08004372    0x24  fseek.o [3]
  .text              ro code  0x08004398    0x8c  system_stm32l4xx.o [1]
  .text              ro code  0x08004424    0x7e  fclose.o [3]
  .text              ro code  0x080044a4    0x7c  xfofind.o [3]
  .text              ro code  0x08004520     0x4  heaptramp0.o [3]
  .text              ro code  0x08004524    0x18  close.o [6]
  .text              ro code  0x0800453c    0x14  remove.o [6]
  .text              ro code  0x08004550    0x54  fputc.o [3]
  .text              ro code  0x080045a4    0x40  zero_init3.o [5]
  .text              ro code  0x080045e4    0x3c  xcloseall.o [3]
  .text              ro code  0x08004620    0x28  data_init.o [5]
  .text              ro code  0x08004648    0x22  fpinit_M.o [4]
  .iar.init_table    const    0x0800466c    0x20  - Linker created -
  .text              ro code  0x0800468c    0x20  stm32l4xx_it.o [1]
  .text              ro code  0x080046ac    0x1e  cmain.o [5]
  .text              ro code  0x080046ca     0x4  low_level_init.o [3]
  .text              ro code  0x080046ce     0x4  exit.o [3]
  .text              ro code  0x080046d4     0xe  cexit.o [5]
  .text              ro code  0x080046e2    0x16  xprout.o [3]
  .text              ro code  0x080046f8     0xc  putchar.o [3]
  .text              ro code  0x08004704    0x10  startup_stm32l476xx.o [1]
  .text              ro code  0x08004714     0xc  cstartup_M.o [5]
  .rodata            const    0x08004720     0x8  system_stm32l4xx.o [1]
  .rodata            const    0x08004728     0x6  xlocale_c.o [3]
  .text              ro code  0x0800472e     0x4  startup_stm32l476xx.o [1]
  .text              ro code  0x08004732     0x4  startup_stm32l476xx.o [1]
  .text              ro code  0x08004736     0x4  startup_stm32l476xx.o [1]
  .text              ro code  0x0800473a     0x4  startup_stm32l476xx.o [1]
  .text              ro code  0x0800473e     0x4  startup_stm32l476xx.o [1]
  .text              ro code  0x08004742     0x4  startup_stm32l476xx.o [1]
  .text              ro code  0x08004746     0x4  startup_stm32l476xx.o [1]
  .text              ro code  0x0800474a     0x4  startup_stm32l476xx.o [1]
  .text              ro code  0x0800474e     0x4  startup_stm32l476xx.o [1]
  .text              ro code  0x08004752     0x4  startup_stm32l476xx.o [1]
  .text              ro code  0x08004756     0x4  startup_stm32l476xx.o [1]
  .text              ro code  0x0800475a     0x4  startup_stm32l476xx.o [1]
  .text              ro code  0x0800475e     0x4  startup_stm32l476xx.o [1]
  .text              ro code  0x08004762     0x4  startup_stm32l476xx.o [1]
  .text              ro code  0x08004766     0x4  startup_stm32l476xx.o [1]
  .text              ro code  0x0800476a     0x4  startup_stm32l476xx.o [1]
  .text              ro code  0x0800476e     0x4  startup_stm32l476xx.o [1]
  .text              ro code  0x08004772     0x4  startup_stm32l476xx.o [1]
  .text              ro code  0x08004776     0x4  startup_stm32l476xx.o [1]
  .text              ro code  0x0800477a     0x4  startup_stm32l476xx.o [1]
  .text              ro code  0x0800477e     0x4  startup_stm32l476xx.o [1]
  .text              ro code  0x08004782     0x4  startup_stm32l476xx.o [1]
  .text              ro code  0x08004786     0x4  startup_stm32l476xx.o [1]
  .text              ro code  0x0800478a     0x4  startup_stm32l476xx.o [1]
  .text              ro code  0x0800478e     0x4  startup_stm32l476xx.o [1]
  .text              ro code  0x08004792     0x4  startup_stm32l476xx.o [1]
  .text              ro code  0x08004796     0x4  startup_stm32l476xx.o [1]
  .text              ro code  0x0800479a     0x4  startup_stm32l476xx.o [1]
  .text              ro code  0x0800479e     0x4  startup_stm32l476xx.o [1]
  .text              ro code  0x080047a2     0x4  startup_stm32l476xx.o [1]
  .text              ro code  0x080047a6     0x4  startup_stm32l476xx.o [1]
  .text              ro code  0x080047aa     0x4  startup_stm32l476xx.o [1]
  .text              ro code  0x080047ae     0x4  startup_stm32l476xx.o [1]
  .text              ro code  0x080047b2     0x4  startup_stm32l476xx.o [1]
  .text              ro code  0x080047b6     0x4  startup_stm32l476xx.o [1]
  .text              ro code  0x080047ba     0x4  startup_stm32l476xx.o [1]
  .text              ro code  0x080047be     0x4  startup_stm32l476xx.o [1]
  .text              ro code  0x080047c2     0x4  startup_stm32l476xx.o [1]
  .text              ro code  0x080047c6     0x4  startup_stm32l476xx.o [1]
  .text              ro code  0x080047ca     0x4  startup_stm32l476xx.o [1]
  .text              ro code  0x080047ce     0x4  startup_stm32l476xx.o [1]
  .text              ro code  0x080047d2     0x4  startup_stm32l476xx.o [1]
  .text              ro code  0x080047d6     0x4  startup_stm32l476xx.o [1]
  .text              ro code  0x080047da     0x4  startup_stm32l476xx.o [1]
  .text              ro code  0x080047de     0x4  startup_stm32l476xx.o [1]
  .text              ro code  0x080047e2     0x4  startup_stm32l476xx.o [1]
  .text              ro code  0x080047e6     0x4  startup_stm32l476xx.o [1]
  .text              ro code  0x080047ea     0x4  startup_stm32l476xx.o [1]
  .text              ro code  0x080047ee     0x4  startup_stm32l476xx.o [1]
  .text              ro code  0x080047f2     0x4  startup_stm32l476xx.o [1]
  .text              ro code  0x080047f6     0x4  startup_stm32l476xx.o [1]
  .text              ro code  0x080047fa     0x4  startup_stm32l476xx.o [1]
  .text              ro code  0x080047fe     0x4  startup_stm32l476xx.o [1]
  .text              ro code  0x08004802     0x4  startup_stm32l476xx.o [1]
  .text              ro code  0x08004806     0x4  startup_stm32l476xx.o [1]
  .text              ro code  0x0800480a     0x4  startup_stm32l476xx.o [1]
  .text              ro code  0x0800480e     0x4  startup_stm32l476xx.o [1]
  .text              ro code  0x08004812     0x4  startup_stm32l476xx.o [1]
  .text              ro code  0x08004816     0x4  startup_stm32l476xx.o [1]
  .text              ro code  0x0800481a     0x4  startup_stm32l476xx.o [1]
  .text              ro code  0x0800481e     0x4  startup_stm32l476xx.o [1]
  .text              ro code  0x08004822     0x4  startup_stm32l476xx.o [1]
  .text              ro code  0x08004826     0x4  startup_stm32l476xx.o [1]
  .text              ro code  0x0800482a     0x4  startup_stm32l476xx.o [1]
  .text              ro code  0x0800482e     0x4  startup_stm32l476xx.o [1]
  .text              ro code  0x08004832     0x4  startup_stm32l476xx.o [1]
  .text              ro code  0x08004836     0x4  startup_stm32l476xx.o [1]
  .text              ro code  0x0800483a     0x4  startup_stm32l476xx.o [1]
  .text              ro code  0x0800483e     0x4  startup_stm32l476xx.o [1]
  .text              ro code  0x08004842     0x4  startup_stm32l476xx.o [1]
  .text              ro code  0x08004846     0x4  startup_stm32l476xx.o [1]
  .text              ro code  0x0800484a     0x4  startup_stm32l476xx.o [1]
  .text              ro code  0x0800484e     0x4  startup_stm32l476xx.o [1]
  .text              ro code  0x08004852     0x4  startup_stm32l476xx.o [1]
  .text              ro code  0x08004856     0x4  startup_stm32l476xx.o [1]
  .text              ro code  0x0800485a     0x4  startup_stm32l476xx.o [1]
  .text              ro code  0x0800485e     0x4  startup_stm32l476xx.o [1]
  .text              ro code  0x08004862     0x4  startup_stm32l476xx.o [1]
  .text              ro code  0x08004866     0x4  startup_stm32l476xx.o [1]
  .text              ro code  0x0800486c     0x0  cstart_closeall.o [5]
  .rodata            const    0x0800486c     0x0  zero_init3.o [5]
  .rodata            const    0x0800486c     0x0  lz77_init_single.o [5]
  Initializer bytes  const    0x0800486c    0x91  <for P2-P3-1>
                            - 0x080048fd  0x4775

"P2-P3", part 1 of 3:                      0x19c
  P2-P3-1                     0x20000000   0x19c  <Init block>
    .data            inited   0x20000000     0xc  port.o [1]
    .data            inited   0x2000000c     0xc  stm32l4xx_hal.o [1]
    .data            inited   0x20000018     0x4  system_stm32l4xx.o [1]
    .data            inited   0x2000001c    0x48  xfiles.o [3]
    .data            inited   0x20000064    0x48  xfiles.o [3]
    .data            inited   0x200000ac    0x48  xfiles.o [3]
    .data            inited   0x200000f4    0x20  xfiles.o [3]
    .data            inited   0x20000114    0x38  xlocale_c.o [3]
    .data            inited   0x2000014c    0x48  xlocale_c.o [3]
    .data            inited   0x20000194     0x8  XShttio.o [3]
                            - 0x2000019c   0x19c

"P2-P3", part 2 of 3:                      0xeb8
  .bss               zero     0x2000019c   0xbd0  heap_4.o [1]
  .bss               zero     0x20000d6c    0xa0  tasks.o [1]
  .bss               zero     0x20000e0c    0x8c  tasks.o [1]
  .bss               zero     0x20000e98    0x80  XShHandles.o [3]
  .bss               zero     0x20000f18    0x50  xfiles.o [3]
  .bss               zero     0x20000f68    0x50  xfiles.o [3]
  .bss               zero     0x20000fb8    0x48  main.o [1]
  .bss               zero     0x20001000    0x40  stm32l4xx_hal_timebase_tim.o [1]
  .bss               zero     0x20001040     0x8  heap0.o [3]
  .bss               zero     0x20001048     0x4  xfail_s.o [3]
  .bss               zero     0x2000104c     0x4  xgetmemchunk.o [3]
  .bss               zero     0x20001050     0x1  XShttio.o [3]
                            - 0x20001051   0xeb5

"P2-P3", part 3 of 3:                      0x600
  CSTACK                      0x20001058   0x400  <Block>
    CSTACK           uninit   0x20001058   0x400  <Block tail>
  HEAP                        0x20001458   0x200  <Block>
    HEAP             uninit   0x20001458   0x200  <Block tail>
                            - 0x20001658   0x600


*******************************************************************************
*** INIT TABLE
***

          Address     Size
          -------     ----
Zero (__iar_zero_init3)
    1 destination range, total size 0xeb5:
          0x2000019c  0xeb5

Copy/lz77 (__iar_lz77_init_single3)
    1 source range, total size 0x91 (35% of destination):
          0x0800486c   0x91
    1 destination range, total size 0x19c:
          0x20000000  0x19c



*******************************************************************************
*** MODULE SUMMARY
***

    Module                        ro code  ro data  rw data
    ------                        -------  -------  -------
C:\Users\bayrem.gharsallaoui\Documents\STM32L4_Projects\RTOS_EX1\EWARM\RTOS_EX1\Obj: [1]
    heap_4.o                          432             3 024
    list.o                            144
    main.o                            588                72
    port.o                            516        4       12
    portasm.o                         176
    queue.o                           956
    startup_stm32l476xx.o             724
    stm32l4xx_hal.o                   112        4       12
    stm32l4xx_hal_cortex.o            156
    stm32l4xx_hal_msp.o               116
    stm32l4xx_hal_pwr_ex.o            128
    stm32l4xx_hal_rcc.o             1 824
    stm32l4xx_hal_tim.o               676
    stm32l4xx_hal_tim_ex.o             98
    stm32l4xx_hal_timebase_tim.o      120                64
    stm32l4xx_it.o                     32
    supporting_functions.o             56
    system_stm32l4xx.o                140        9        4
    tasks.o                         1 684               300
    -------------------------------------------------------
    Total:                          8 678       17    3 488

command line: [2]
    -------------------------------------------------------
    Total:

dl7M_tlf.a: [3]
    XShHandles.o                      204               128
    XShttio.o                          60        3        9
    abort.o                             6
    exit.o                              4
    fclose.o                          126
    fflush.o                          172
    fputc.o                            84
    fseek.o                            36
    heap0.o                           320                 8
    heaptramp0.o                        4
    low_level_init.o                    4
    printf.o                           40
    putchar.o                          12
    xcloseall.o                        60
    xencoding_8859_1.o                 30
    xfail_s.o                          68                 4
    xfgpos.o                           12
    xfiles.o                                    88      408
    xfofind.o                         124
    xfspos.o                          216
    xfwprep.o                         180
    xgetmemchunk.o                     44                 4
    xlocale_c.o                       120       51      128
    xmbcurmax.o                        10
    xprintffull.o                   3 918
    xprout.o                           22
    -------------------------------------------------------
    Total:                          5 876      142      689

m7M_tls.a: [4]
    DblAdd.o                          360
    DblCmpGe.o                         46
    DblCmpLe.o                         46
    DblDiv.o                          582
    DblMul.o                          418
    DblSub.o                          226
    DblToS32.o                         58
    DblToU32.o                         40
    S32ToDbl.o                         34
    U32ToDbl.o                         26
    fpinit_M.o                         34
    frexp.o                           112
    ldexp.o                           314
    -------------------------------------------------------
    Total:                          2 296

rt7M_tl.a: [5]
    ABImemclr4.o                        6
    ABImemcpy.o                       166
    ABImemset48.o                      50
    I64DivMod.o                       558
    I64DivZer.o                         2
    cexit.o                            14
    cmain.o                            30
    cstart_closeall.o
    cstartup_M.o                       12
    data_init.o                        40
    lz77_init_single.o                122
    memchr.o                           88
    strchr.o                           22
    strlen.o                           54
    zero_init3.o                       64
    -------------------------------------------------------
    Total:                          1 228

shb_l.a: [6]
    close.o                            24
    dwrite.o                           30
    exit.o                             20
    iarttio.o                         124
    iarwrite.o                         34
    iarwstd.o                          32
    lseek.o                            74
    remove.o                           20
    write.o                            16
    -------------------------------------------------------
    Total:                            374

    Gaps                               40        2
    Linker created                              32    1 536
-----------------------------------------------------------
    Grand Total:                   18 492      193    5 713


*******************************************************************************
*** ENTRY LIST
***

Entry                      Address   Size  Type      Object
-----                      -------   ----  ----      ------
.iar.init_table$$Base   0x0800466c          --   Gb  - Linker created -
.iar.init_table$$Limit  0x0800468c          --   Gb  - Linker created -
?main                   0x080046ad         Code  Gb  cmain.o [5]
AHBPrescTable           0x080043e4   0x10  Data  Gb  system_stm32l4xx.o [1]
APBPrescTable           0x08004720    0x8  Data  Gb  system_stm32l4xx.o [1]
Aldata                  0x20001040    0x8  Data  Lc  heap0.o [3]
BusFault_Handler        0x08004693    0x2  Code  Gb  stm32l4xx_it.o [1]
CSTACK$$Base            0x20001058          --   Gb  - Linker created -
CSTACK$$Limit           0x20001458          --   Gb  - Linker created -
CacheMore               0x08001155   0x24  Code  Lc  xlocale_c.o [3]
DebugMon_Handler        0x08004697    0x2  Code  Gb  stm32l4xx_it.o [1]
Error_Handler           0x08002d09    0xc  Code  Gb  main.o [1]
HAL_Delay               0x0800389d   0x28  Code  Wk  stm32l4xx_hal.o [1]
HAL_GetTick             0x08002709    0xc  Code  Wk  stm32l4xx_hal.o [1]
HAL_IncTick             0x08003905   0x10  Code  Wk  stm32l4xx_hal.o [1]
HAL_Init                0x08002d9d   0x28  Code  Gb  stm32l4xx_hal.o [1]
HAL_InitTick            0x08002691   0x66  Code  Gb  stm32l4xx_hal_timebase_tim.o [1]
HAL_MspInit             0x08002acd   0x36  Code  Gb  stm32l4xx_hal_msp.o [1]
HAL_NVIC_EnableIRQ      0x08002807   0x16  Code  Gb  stm32l4xx_hal_cortex.o [1]
HAL_NVIC_SetPriority    0x080027cd   0x3a  Code  Gb  stm32l4xx_hal_cortex.o [1]
HAL_NVIC_SetPriorityGrouping
                        0x080027b3   0x1a  Code  Gb  stm32l4xx_hal_cortex.o [1]
HAL_PWREx_ControlVoltageScaling
                        0x08002721   0x68  Code  Gb  stm32l4xx_hal_pwr_ex.o [1]
HAL_PWREx_GetVoltageRange
                        0x08002715    0xc  Code  Gb  stm32l4xx_hal_pwr_ex.o [1]
HAL_RCC_ClockConfig     0x080023eb   0xe4  Code  Gb  stm32l4xx_hal_rcc.o [1]
HAL_RCC_GetClockConfig  0x080025a3   0x36  Code  Gb  stm32l4xx_hal_rcc.o [1]
HAL_RCC_GetPCLK1Freq    0x08002589   0x10  Code  Gb  stm32l4xx_hal_rcc.o [1]
HAL_RCC_GetSysClockFreq
                        0x080024f7   0x92  Code  Gb  stm32l4xx_hal_rcc.o [1]
HAL_RCC_OscConfig       0x08001f71  0x456  Code  Gb  stm32l4xx_hal_rcc.o [1]
HAL_TIMEx_Break2Callback
                        0x08002d93    0x2  Code  Wk  stm32l4xx_hal_tim_ex.o [1]
HAL_TIMEx_BreakCallback
                        0x08002d91    0x2  Code  Wk  stm32l4xx_hal_tim_ex.o [1]
HAL_TIMEx_CommutCallback
                        0x08002d97    0x2  Code  Wk  stm32l4xx_hal_tim_ex.o [1]
HAL_TIMEx_MasterConfigSynchronization
                        0x08002dc9   0x52  Code  Gb  stm32l4xx_hal_tim_ex.o [1]
HAL_TIM_Base_Init       0x08002831   0x1a  Code  Gb  stm32l4xx_hal_tim.o [1]
HAL_TIM_Base_MspInit    0x08002b03   0x34  Code  Gb  stm32l4xx_hal_msp.o [1]
HAL_TIM_Base_Start_IT   0x0800284b   0x28  Code  Gb  stm32l4xx_hal_tim.o [1]
HAL_TIM_IRQHandler      0x0800289d  0x15c  Code  Gb  stm32l4xx_hal_tim.o [1]
HAL_TIM_PeriodElapsedCallback
                        0x08002ca9   0x50  Code  Gb  main.o [1]
HEAP$$Base              0x20001458          --   Gb  - Linker created -
HEAP$$Limit             0x20001658          --   Gb  - Linker created -
HardFault_Handler       0x0800468f    0x2  Code  Gb  stm32l4xx_it.o [1]
LoadInt                 0x08000357   0x7a  Code  Lc  xprintffull.o [3]
MSIRangeTable           0x080043f4   0x30  Data  Gb  system_stm32l4xx.o [1]
MemManage_Handler       0x08004691    0x2  Code  Gb  stm32l4xx_it.o [1]
NMI_Handler             0x0800468d    0x2  Code  Gb  stm32l4xx_it.o [1]
PendSV_Handler          0x08003e39         Code  Gb  portasm.o [1]
RCC_SetFlashLatencyFromMSIRange
                        0x080025d9   0x74  Code  Lc  stm32l4xx_hal_rcc.o [1]
Region$$Table$$Base     0x0800466c          --   Gb  - Linker created -
Region$$Table$$Limit    0x0800468c          --   Gb  - Linker created -
SVC_Handler             0x08003e91         Code  Gb  portasm.o [1]
SysTick_Handler         0x08003a5d   0x1e  Code  Gb  port.o [1]
SystemClock_Config      0x08002bd7   0x74  Code  Gb  main.o [1]
SystemCoreClock         0x20000018    0x4  Data  Gb  system_stm32l4xx.o [1]
SystemInit              0x08004399   0x3c  Code  Gb  system_stm32l4xx.o [1]
TIM6_DAC_IRQHandler     0x08004699    0x6  Code  Gb  stm32l4xx_it.o [1]
TIM7_IRQHandler         0x0800469f    0x6  Code  Gb  stm32l4xx_it.o [1]
TIM_Base_SetConfig      0x080029ff   0xac  Code  Gb  stm32l4xx_hal_tim.o [1]
UsageFault_Handler      0x08004695    0x2  Code  Gb  stm32l4xx_it.o [1]
_Close_all              0x080045e5   0x3c  Code  Gb  xcloseall.o [3]
_Encoding_8859_1_Mbrlen
                        0x080011f1    0x2  Code  Gb  xencoding_8859_1.o [3]
_Encoding_8859_1_Wctomb
                        0x080011df   0x12  Code  Gb  xencoding_8859_1.o [3]
_Files                  0x200000f4   0x20  Data  Gb  xfiles.o [3]
_Fofree                 0x080044a5   0x78  Code  Gb  xfofind.o [3]
_Fspos                  0x08004191   0xd8  Code  Gb  xfspos.o [3]
_Fwprep                 0x080042bf   0xb4  Code  Gb  xfwprep.o [3]
_GenldFull              0x08000dd7  0x250  Code  Lc  xprintffull.o [3]
_LdtobFull              0x080009ad  0x3fe  Code  Lc  xprintffull.o [3]
_LitobFull              0x08000855  0x112  Code  Lc  xprintffull.o [3]
_Locale_lconv           0x20000114   0x38  Data  Lc  xlocale_c.o [3]
_Nnl                    0x08004269    0xc  Code  Gb  xfgpos.o [3]
_PrintfFull             0x08000189  0x1b8  Code  Gb  xprintffull.o [3]
_Prout                  0x080046e3   0x16  Code  Gb  xprout.o [3]
_PutcharsFull           0x08001027   0x2e  Code  Lc  xprintffull.o [3]
_PutfldFull             0x080003d1  0x2d0  Code  Lc  xprintffull.o [3]
_PutstrFull             0x08000797   0xbe  Code  Lc  xprintffull.o [3]
_PuttxtFull             0x080006a1   0xf6  Code  Lc  xprintffull.o [3]
__NVIC_SetPriority      0x08002795   0x1e  Code  Lc  stm32l4xx_hal_cortex.o [1]
__aeabi_cdcmple         0x080017c9         Code  Gb  DblCmpLe.o [4]
__aeabi_cdrcmple        0x080017f9         Code  Gb  DblCmpGe.o [4]
__aeabi_d2iz            0x08001965         Code  Gb  DblToS32.o [4]
__aeabi_d2uiz           0x08001cf1         Code  Gb  DblToU32.o [4]
__aeabi_ddiv            0x08001aa9         Code  Gb  DblDiv.o [4]
__aeabi_dmul            0x080015b5         Code  Gb  DblMul.o [4]
__aeabi_dsub            0x080019c5         Code  Gb  DblSub.o [4]
__aeabi_i2d             0x080019a1         Code  Gb  S32ToDbl.o [4]
__aeabi_ldiv0           0x08001d39         Code  Gb  I64DivZer.o [5]
__aeabi_memclr4         0x080038c5         Code  Gb  ABImemclr4.o [5]
__aeabi_memcpy          0x080012dd         Code  Gb  ABImemcpy.o [5]
__aeabi_memcpy4         0x080012fd         Code  Gb  ABImemcpy.o [5]
__aeabi_memcpy8         0x080012fd         Code  Gb  ABImemcpy.o [5]
__aeabi_ui2d            0x08001d19         Code  Gb  U32ToDbl.o [4]
__aeabi_uldivmod        0x08001385         Code  Gb  I64DivMod.o [5]
__basic_free            0x080040d1   0x16  Code  Gb  heap0.o [3]
__basic_free_intern     0x080040e7   0x7a  Code  Lc  heap0.o [3]
__basic_malloc          0x08004025   0x18  Code  Gb  heap0.o [3]
__basic_malloc_intern   0x0800403d   0x94  Code  Lc  heap0.o [3]
__cexit_closeall        0x080046d7         Code  Gb  cexit.o [5]
__close                 0x08004525   0x18  Code  Gb  close.o [6]
__cmain                 0x080046ad         Code  Gb  cmain.o [5]
__cstart_closeall       0x0800486c         Data  Gb  cstart_closeall.o [5]
__data_GetMemChunk      0x08004165   0x2c  Code  Gb  xgetmemchunk.o [3]
__data_GetMemChunk::start
                        0x2000104c    0x4  Data  Lc  xgetmemchunk.o [3]
__dwrite                0x08003ef9   0x1e  Code  Gb  dwrite.o [6]
__exit                  0x08001ea5   0x14  Code  Gb  exit.o [6]
__iar_Fail_s            0x080011fd   0x1e  Code  Gb  xfail_s.o [3]
__iar_Mbcurmax          0x080012d1    0xa  Code  Gb  xmbcurmax.o [3]
__iar_Memchr            0x08001279         Code  Gb  memchr.o [5]
__iar_Memset4_word      0x08003d59         Code  Gb  ABImemset48.o [5]
__iar_Memset8_word      0x08003d59         Code  Gb  ABImemset48.o [5]
__iar_Stderr            0x200000ac   0x48  Data  Gb  xfiles.o [3]
__iar_Stdin             0x2000001c   0x48  Data  Gb  xfiles.o [3]
__iar_Stdout            0x20000064   0x48  Data  Gb  xfiles.o [3]
__iar_Strchr            0x080011c9         Code  Gb  strchr.o [5]
__iar_close_ttio        0x08001eb9   0x2c  Code  Gb  iarttio.o [6]
__iar_dadd              0x080019d5         Code  Gb  DblSub.o [4]
__iar_data_init3        0x08004621   0x28  Code  Gb  data_init.o [5]
__iar_dsub              0x08001d3d         Code  Gb  DblAdd.o [4]
__iar_dsubStart         0x08001d4f         Code  Gb  DblAdd.o [4]
__iar_frexp             0x08001765         Code  Gb  frexp.o [4]
__iar_frexpl            0x08001765         Code  Gb  frexp.o [4]
__iar_get_ttio          0x08001ee5   0x4c  Code  Gb  iarttio.o [6]
__iar_globLocale        0x2000014c   0x48  Data  Lc  xlocale_c.o [3]
__iar_global_Locale     0x08001151    0x4  Code  Gb  xlocale_c.o [3]
__iar_init_vfp          0x08004649         Code  Gb  fpinit_M.o [4]
__iar_ldexp64           0x08001829         Code  Gb  ldexp.o [4]
__iar_lookup_ttioh      0x08001f63    0x4  Code  Gb  XShttio.o [3]
__iar_lz77_init_single3
                        0x080010d7   0x7a  Code  Gb  lz77_init_single.o [5]
__iar_program_start     0x08004715         Code  Gb  cstartup_M.o [5]
__iar_scalbln64         0x08001829         Code  Gb  ldexp.o [4]
__iar_scalbn64          0x08001829         Code  Gb  ldexp.o [4]
__iar_sh_Discard        0x08003f59   0x42  Code  Gb  XShHandles.o [3]
__iar_sh_Move           0x08003f9b   0x46  Code  Gb  XShHandles.o [3]
__iar_sh_Pos            0x08003fe1   0x3e  Code  Gb  XShHandles.o [3]
__iar_sh_stdout         0x08003f17   0x20  Code  Gb  iarwstd.o [6]
__iar_sh_write          0x08003f37   0x22  Code  Gb  iarwrite.o [6]
__iar_softfp___iar_frexp64
                        0x08001759         Code  Gb  frexp.o [4]
__iar_softfp_frexp      0x08001759         Code  Gb  frexp.o [4]
__iar_softfp_frexpl     0x08001759         Code  Gb  frexp.o [4]
__iar_systems$$module {Abs}
                        0x00000001         Data  Gb  command line/config [2]
__iar_ttio_guard_lock   0x08001f35   0x1e  Code  Gb  XShttio.o [3]
__iar_ttio_guard_unlock
                        0x08001f53   0x10  Code  Gb  XShttio.o [3]
__iar_ttio_handles      0x20000194    0x8  Data  Lc  XShttio.o [3]
__iar_zero_init3        0x080045a5   0x40  Code  Gb  zero_init3.o [5]
__low_level_init        0x080046cb    0x4  Code  Gb  low_level_init.o [3]
__lseek                 0x08004275   0x4a  Code  Gb  lseek.o [6]
__vector_table          0x08000000         Data  Gb  startup_stm32l476xx.o [1]
__write                 0x08003ee9   0x10  Code  Gb  write.o [6]
_call_main              0x080046b9         Code  Gb  cmain.o [5]
_exit                   0x080046d5         Code  Gb  cexit.o [5]
_gLocale_mblen          0x080011b1    0x4  Code  Gb  xlocale_c.o [3]
_gLocale_mblenInt       0x08001179   0x34  Code  Gb  xlocale_c.o [3]
_gLocale_wctomb         0x080011b5    0x4  Code  Gb  xlocale_c.o [3]
_gLocale_wctombInt      0x080011ad    0x4  Code  Gb  xlocale_c.o [3]
_main                   0x080046c7         Code  Gb  cmain.o [5]
abort                   0x08001d33    0x6  Code  Gb  abort.o [3]
counter                 0x20000fb8    0x1  Data  Gb  main.o [1]
ebuf                    0x20000f18   0x50  Data  Lc  xfiles.o [3]
exit                    0x080046cf    0x4  Code  Gb  exit.o [3]
fclose                  0x08004425   0x7e  Code  Gb  fclose.o [3]
fflush                  0x08003e01   0x34  Code  Gb  fflush.o [3]
fflushOne               0x08003d8d   0x74  Code  Lc  fflush.o [3]
fputc                   0x08004551   0x54  Code  Gb  fputc.o [3]
free                    0x08004521    0x4  Code  Gb  heaptramp0.o [3]
fseek                   0x08004373   0x24  Code  Gb  fseek.o [3]
htim6                   0x20001000   0x40  Data  Gb  stm32l4xx_hal_timebase_tim.o [1]
htim7                   0x20000fbc   0x40  Data  Gb  main.o [1]
ldexp                   0x08001829         Code  Gb  ldexp.o [4]
ldexpl                  0x08001829         Code  Gb  ldexp.o [4]
localeconv              0x080011b9    0x4  Code  Gb  xlocale_c.o [3]
main                    0x08002b45   0x92  Code  Gb  main.o [1]
memchr                  0x08001279         Code  Gb  memchr.o [5]
obuf                    0x20000f68   0x50  Data  Lc  xfiles.o [3]
printf                  0x08003875   0x28  Code  Gb  printf.o [3]
prvAddCurrentTaskToDelayedList
                        0x080037f9   0x5e  Code  Lc  tasks.o [1]
prvAddNewTaskToReadyList
                        0x080032b1   0x9e  Code  Lc  tasks.o [1]
prvCopyDataFromQueue    0x08003143   0x28  Code  Lc  queue.o [1]
prvCopyDataToQueue      0x080030db   0x68  Code  Lc  queue.o [1]
prvDeleteTCB            0x080036b9   0x14  Code  Lc  tasks.o [1]
prvIdleTask             0x08003669   0x50  Code  Lc  tasks.o [1]
prvInitialiseNewQueue   0x08002ed1   0x16  Code  Lc  queue.o [1]
prvInitialiseNewTask    0x08003239   0x78  Code  Lc  tasks.o [1]
prvInsertBlockIntoFreeList
                        0x08003d0d   0x46  Code  Lc  heap_4.o [1]
prvIsQueueEmpty         0x080031c7   0x16  Code  Lc  queue.o [1]
prvResetNextTaskUnblockTime
                        0x080036cd   0x1a  Code  Lc  tasks.o [1]
prvTaskExitError        0x0800393d   0x28  Code  Lc  port.o [1]
prvUnlockQueue          0x0800316b   0x5c  Code  Lc  queue.o [1]
putchar                 0x080046f9    0xc  Code  Gb  putchar.o [3]
pvPortMalloc            0x08003ba9  0x102  Code  Gb  heap_4.o [1]
pxCurrentTCB            0x20000d94    0x4  Data  Gb  tasks.o [1]
pxDelayedTaskList       0x20000d98    0x4  Data  Lc  tasks.o [1]
pxEnd                   0x200001a4    0x4  Data  Lc  heap_4.o [1]
pxOverflowDelayedTaskList
                        0x20000d9c    0x4  Data  Lc  tasks.o [1]
pxPortInitialiseStack   0x08003915   0x26  Code  Gb  port.o [1]
pxReadyTasksLists       0x20000e0c   0x8c  Data  Lc  tasks.o [1]
remove                  0x0800453d   0x14  Code  Gb  remove.o [6]
sFileInfo               0x20000e98   0x80  Data  Lc  XShHandles.o [3]
scalbln                 0x08001829         Code  Gb  ldexp.o [4]
scalblnl                0x08001829         Code  Gb  ldexp.o [4]
scalbn                  0x08001829         Code  Gb  ldexp.o [4]
scalbnl                 0x08001829         Code  Gb  ldexp.o [4]
scale                   0x08000967   0x46  Code  Lc  xprintffull.o [3]
sec_hand                0x20001048    0x4  Data  Lc  xfail_s.o [3]
strchr                  0x080011c9         Code  Gb  strchr.o [5]
strlen                  0x08001241         Code  Gb  strlen.o [5]
ttio_guard              0x20001050    0x1  Data  Lc  XShttio.o [3]
ucHeap                  0x200001b4  0xbb8  Data  Lc  heap_4.o [1]
ucMaxSysCallPriority    0x20000000    0x1  Data  Lc  port.o [1]
ulMaxPRIGROUPValue      0x20000008    0x4  Data  Lc  port.o [1]
uwTick                  0x2000000c    0x4  Data  Gb  stm32l4xx_hal.o [1]
uwTickFreq              0x20000014    0x4  Data  Gb  stm32l4xx_hal.o [1]
uwTickPrio              0x20000010    0x4  Data  Gb  stm32l4xx_hal.o [1]
uxCriticalNesting       0x20000004    0x4  Data  Lc  port.o [1]
uxCurrentNumberOfTasks  0x20000db8    0x4  Data  Lc  tasks.o [1]
uxDeletedTasksWaitingCleanUp
                        0x20000da0    0x4  Data  Lc  tasks.o [1]
uxListRemove            0x08003b83   0x26  Code  Gb  list.o [1]
uxPendedTicks           0x20000dc8    0x4  Data  Lc  tasks.o [1]
uxSchedulerSuspended    0x20000ddc    0x4  Data  Lc  tasks.o [1]
uxTaskNumber            0x20000dd4    0x4  Data  Lc  tasks.o [1]
uxTopReadyPriority      0x20000dc0    0x4  Data  Lc  tasks.o [1]
vListInitialise         0x08003b19   0x1a  Code  Gb  list.o [1]
vListInitialiseItem     0x08003b33    0x6  Code  Gb  list.o [1]
vListInsert             0x08003b51   0x32  Code  Gb  list.o [1]
vListInsertEnd          0x08003b39   0x18  Code  Gb  list.o [1]
vPortEnableVFP          0x08003ecd         Code  Gb  portasm.o [1]
vPortEnterCritical      0x08003a09   0x32  Code  Gb  port.o [1]
vPortExitCritical       0x08003a3b   0x22  Code  Gb  port.o [1]
vPortFree               0x08003cb9   0x46  Code  Gb  heap_4.o [1]
vPortStartFirstTask     0x08003ead         Code  Gb  portasm.o [1]
vPortValidateInterruptPriority
                        0x08003a89   0x42  Code  Gb  port.o [1]
vPrintStringAndNumber   0x080038cd   0x24  Code  Gb  supporting_functions.o [1]
vReadingTask            0x08002c4d   0x5c  Code  Lc  main.o [1]
vTaskInternalSetTimeOutState
                        0x080035f1    0xe  Code  Gb  tasks.o [1]
vTaskMissedYield        0x0800365d    0xa  Code  Gb  tasks.o [1]
vTaskPlaceOnEventList   0x08003579   0x22  Code  Gb  tasks.o [1]
vTaskStartScheduler     0x0800335f   0x54  Code  Gb  tasks.o [1]
vTaskSuspendAll         0x080033b3    0xc  Code  Gb  tasks.o [1]
vTaskSwitchContext      0x08003523   0x56  Code  Gb  tasks.o [1]
xBlockAllocatedBit      0x200001b0    0x4  Data  Lc  heap_4.o [1]
xDelayedTaskList1       0x20000de0   0x14  Data  Lc  tasks.o [1]
xDelayedTaskList2       0x20000df4   0x14  Data  Lc  tasks.o [1]
xFreeBytesRemaining     0x200001a8    0x4  Data  Lc  heap_4.o [1]
xIdleTaskHandle         0x20000e08    0x4  Data  Lc  tasks.o [1]
xMinimumEverFreeBytesRemaining
                        0x200001ac    0x4  Data  Lc  heap_4.o [1]
xNextTaskUnblockTime    0x20000dd8    0x4  Data  Lc  tasks.o [1]
xNumOfOverflows         0x20000dd0    0x4  Data  Lc  tasks.o [1]
xPendingReadyList       0x20000d6c   0x14  Data  Lc  tasks.o [1]
xPortStartScheduler     0x08003965   0xa4  Code  Gb  port.o [1]
xQueue                  0x20000ffc    0x4  Data  Gb  main.o [1]
xQueueGenericCreate     0x08002e99   0x38  Code  Gb  queue.o [1]
xQueueGenericReset      0x08002e25   0x74  Code  Gb  queue.o [1]
xQueueGenericSendFromISR
                        0x08002eef   0x86  Code  Gb  queue.o [1]
xQueueReceive           0x08002f91   0xfc  Code  Gb  queue.o [1]
xSchedulerRunning       0x20000dc4    0x4  Data  Lc  tasks.o [1]
xStart                  0x2000019c    0x8  Data  Lc  heap_4.o [1]
xSuspendedTaskList      0x20000da4   0x14  Data  Lc  tasks.o [1]
xTaskCheckForTimeOut    0x080035ff   0x5e  Code  Gb  tasks.o [1]
xTaskCreate             0x080031e1   0x58  Code  Gb  tasks.o [1]
xTaskGetSchedulerState  0x080036e7   0x18  Code  Gb  tasks.o [1]
xTaskIncrementTick      0x08003463   0xc0  Code  Gb  tasks.o [1]
xTaskPriorityDisinherit
                        0x08003705   0x70  Code  Gb  tasks.o [1]
xTaskRemoveFromEventList
                        0x0800359f   0x52  Code  Gb  tasks.o [1]
xTaskResumeAll          0x080033bf   0x9c  Code  Gb  tasks.o [1]
xTasksWaitingTermination
                        0x20000d80   0x14  Data  Lc  tasks.o [1]
xTickCount              0x20000dbc    0x4  Data  Lc  tasks.o [1]
xYieldPending           0x20000dcc    0x4  Data  Lc  tasks.o [1]


[1] = C:\Users\bayrem.gharsallaoui\Documents\STM32L4_Projects\RTOS_EX1\EWARM\RTOS_EX1\Obj
[2] = command line
[3] = dl7M_tlf.a
[4] = m7M_tls.a
[5] = rt7M_tl.a
[6] = shb_l.a

  18 492 bytes of readonly  code memory
     193 bytes of readonly  data memory
   5 713 bytes of readwrite data memory

Errors: none
Warnings: none
