###############################################################################
#
# IAR ELF Linker V8.20.1.14183/W32 for ARM                28/Aug/2019  16:29:48
# Copyright 2007-2017 IAR Systems AB.
#
#    Output file  =  
#        C:\Users\bayrem.gharsallaoui\Documents\STM32L4_Projects\spi_polling\EWARM\spi_polling\Exe\spi_polling.out
#    Map file     =  
#        C:\Users\bayrem.gharsallaoui\Documents\STM32L4_Projects\spi_polling\EWARM\spi_polling\List\spi_polling.map
#    Command line =  
#        -f C:\Users\BAYREM~1.GHA\AppData\Local\Temp\EWCEA.tmp
#        (C:\Users\bayrem.gharsallaoui\Documents\STM32L4_Projects\spi_polling\EWARM\spi_polling\Obj\main.o
#        C:\Users\bayrem.gharsallaoui\Documents\STM32L4_Projects\spi_polling\EWARM\spi_polling\Obj\startup_stm32l476xx.o
#        C:\Users\bayrem.gharsallaoui\Documents\STM32L4_Projects\spi_polling\EWARM\spi_polling\Obj\stm32l4xx_hal.o
#        C:\Users\bayrem.gharsallaoui\Documents\STM32L4_Projects\spi_polling\EWARM\spi_polling\Obj\stm32l4xx_hal_cortex.o
#        C:\Users\bayrem.gharsallaoui\Documents\STM32L4_Projects\spi_polling\EWARM\spi_polling\Obj\stm32l4xx_hal_dma.o
#        C:\Users\bayrem.gharsallaoui\Documents\STM32L4_Projects\spi_polling\EWARM\spi_polling\Obj\stm32l4xx_hal_dma_ex.o
#        C:\Users\bayrem.gharsallaoui\Documents\STM32L4_Projects\spi_polling\EWARM\spi_polling\Obj\stm32l4xx_hal_exti.o
#        C:\Users\bayrem.gharsallaoui\Documents\STM32L4_Projects\spi_polling\EWARM\spi_polling\Obj\stm32l4xx_hal_flash.o
#        C:\Users\bayrem.gharsallaoui\Documents\STM32L4_Projects\spi_polling\EWARM\spi_polling\Obj\stm32l4xx_hal_flash_ex.o
#        C:\Users\bayrem.gharsallaoui\Documents\STM32L4_Projects\spi_polling\EWARM\spi_polling\Obj\stm32l4xx_hal_flash_ramfunc.o
#        C:\Users\bayrem.gharsallaoui\Documents\STM32L4_Projects\spi_polling\EWARM\spi_polling\Obj\stm32l4xx_hal_gpio.o
#        C:\Users\bayrem.gharsallaoui\Documents\STM32L4_Projects\spi_polling\EWARM\spi_polling\Obj\stm32l4xx_hal_i2c.o
#        C:\Users\bayrem.gharsallaoui\Documents\STM32L4_Projects\spi_polling\EWARM\spi_polling\Obj\stm32l4xx_hal_i2c_ex.o
#        C:\Users\bayrem.gharsallaoui\Documents\STM32L4_Projects\spi_polling\EWARM\spi_polling\Obj\stm32l4xx_hal_msp.o
#        C:\Users\bayrem.gharsallaoui\Documents\STM32L4_Projects\spi_polling\EWARM\spi_polling\Obj\stm32l4xx_hal_pwr.o
#        C:\Users\bayrem.gharsallaoui\Documents\STM32L4_Projects\spi_polling\EWARM\spi_polling\Obj\stm32l4xx_hal_pwr_ex.o
#        C:\Users\bayrem.gharsallaoui\Documents\STM32L4_Projects\spi_polling\EWARM\spi_polling\Obj\stm32l4xx_hal_rcc.o
#        C:\Users\bayrem.gharsallaoui\Documents\STM32L4_Projects\spi_polling\EWARM\spi_polling\Obj\stm32l4xx_hal_rcc_ex.o
#        C:\Users\bayrem.gharsallaoui\Documents\STM32L4_Projects\spi_polling\EWARM\spi_polling\Obj\stm32l4xx_hal_spi.o
#        C:\Users\bayrem.gharsallaoui\Documents\STM32L4_Projects\spi_polling\EWARM\spi_polling\Obj\stm32l4xx_hal_spi_ex.o
#        C:\Users\bayrem.gharsallaoui\Documents\STM32L4_Projects\spi_polling\EWARM\spi_polling\Obj\stm32l4xx_hal_tim.o
#        C:\Users\bayrem.gharsallaoui\Documents\STM32L4_Projects\spi_polling\EWARM\spi_polling\Obj\stm32l4xx_hal_tim_ex.o
#        C:\Users\bayrem.gharsallaoui\Documents\STM32L4_Projects\spi_polling\EWARM\spi_polling\Obj\stm32l4xx_it.o
#        C:\Users\bayrem.gharsallaoui\Documents\STM32L4_Projects\spi_polling\EWARM\spi_polling\Obj\system_stm32l4xx.o
#        --redirect _Printf=_PrintfFull --redirect _Scanf=_ScanfFull -o
#        C:\Users\bayrem.gharsallaoui\Documents\STM32L4_Projects\spi_polling\EWARM\spi_polling\Exe\spi_polling.out
#        --map
#        C:\Users\bayrem.gharsallaoui\Documents\STM32L4_Projects\spi_polling\EWARM\spi_polling\List\spi_polling.map
#        --config
#        C:\Users\bayrem.gharsallaoui\Documents\STM32L4_Projects\spi_polling\EWARM/stm32l476xx_flash.icf
#        --semihosting --entry __iar_program_start --vfe --text_out locale)
#
###############################################################################

*******************************************************************************
*** RUNTIME MODEL ATTRIBUTES
***

CppFlavor       = *
__Heap_Handler  = Basic
__SystemLibrary = DLib
__dlib_version  = 6


*******************************************************************************
*** HEAP SELECTION
***

The basic heap was selected because no calls to memory allocation
functions were found in the application outside of system library
functions, and there are calls to deallocation functions in the
application.


*******************************************************************************
*** PLACEMENT SUMMARY
***

"A0":  place at 0x08000000 { ro section .intvec };
"P1":  place in [from 0x08000000 to 0x080fffff] { ro };
define block CSTACK with size = 1K, alignment = 8 { };
define block HEAP with size = 512, alignment = 8 { };
"P2":  place in [from 0x20000000 to 0x20017fff] {
          rw, block CSTACK, block HEAP };
"P3":  place in [from 0x20000000 to 0x20017fff] { };
initialize by copy { rw };

  Section            Kind        Address    Size  Object
  -------            ----        -------    ----  ------
"A0":                                      0x188
  .intvec            ro code  0x08000000   0x188  startup_stm32l476xx.o [1]
                            - 0x08000188   0x188

"P1":                                     0x3fd8
  .text              ro code  0x08000188   0xf4e  xprintffull.o [3]
  .text              ro code  0x080010d6    0x7a  lz77_init_single.o [5]
  .text              ro code  0x08001150    0x78  xlocale_c.o [3]
  .text              ro code  0x080011c8    0x16  strchr.o [5]
  .text              ro code  0x080011de    0x1e  xencoding_8859_1.o [3]
  .text              ro code  0x080011fc    0x44  xfail_s.o [3]
  .text              ro code  0x08001240    0x36  strlen.o [5]
  .text              ro code  0x08001278    0x58  memchr.o [5]
  .text              ro code  0x080012d0     0xa  xmbcurmax.o [3]
  .text              ro code  0x080012dc    0xa6  ABImemcpy.o [5]
  .text              ro code  0x08001384   0x22e  I64DivMod.o [5]
  .text              ro code  0x080015b4   0x1a2  DblMul.o [4]
  .text              ro code  0x08001758    0x70  frexp.o [4]
  .text              ro code  0x080017c8    0x2e  DblCmpLe.o [4]
  .text              ro code  0x080017f8    0x2e  DblCmpGe.o [4]
  .text              ro code  0x08001828   0x13a  ldexp.o [4]
  .text              ro code  0x08001964    0x3a  DblToS32.o [4]
  .text              ro code  0x080019a0    0x22  S32ToDbl.o [4]
  .text              ro code  0x080019c4    0xe2  DblSub.o [4]
  .text              ro code  0x08001aa8   0x246  DblDiv.o [4]
  .text              ro code  0x08001cf0    0x28  DblToU32.o [4]
  .text              ro code  0x08001d18    0x1a  U32ToDbl.o [4]
  .text              ro code  0x08001d32     0x6  abort.o [3]
  .text              ro code  0x08001d38     0x2  I64DivZer.o [5]
  .text              ro code  0x08001d3c   0x168  DblAdd.o [4]
  .text              ro code  0x08001ea4    0x14  exit.o [6]
  .text              ro code  0x08001eb8    0x7c  iarttio.o [6]
  .text              ro code  0x08001f34    0x3c  XShttio.o [3]
  .text              ro code  0x08001f70   0x9b4  stm32l4xx_hal_rcc.o [1]
  .text              ro code  0x08002924    0x64  stm32l4xx_hal.o [1]
  .text              ro code  0x08002988     0xc  stm32l4xx_hal.o [1]
  .text              ro code  0x08002994    0xa8  stm32l4xx_hal_pwr_ex.o [1]
  .text              ro code  0x08002a3c   0x124  stm32l4xx_hal_cortex.o [1]
  .text              ro code  0x08002b60   0x5e8  stm32l4xx_hal_spi.o [1]
  .text              ro code  0x08003148    0xb4  stm32l4xx_hal_msp.o [1]
  .text              ro code  0x080031fc     0x6  ABImemclr4.o [5]
  .text              ro code  0x08003204   0x21c  stm32l4xx_hal_gpio.o [1]
  .text              ro code  0x08003420    0x32  ABImemset48.o [5]
  .text              ro code  0x08003454   0x170  main.o [1]
  .text              ro code  0x080035c4    0x24  stm32l4xx_hal.o [1]
  .text              ro code  0x080035e8    0x28  printf.o [3]
  .text              ro code  0x08003610    0x28  stm32l4xx_hal.o [1]
  .text              ro code  0x08003638   0x140  heap0.o [3]
  .text              ro code  0x08003778    0x2c  xgetmemchunk.o [3]
  .text              ro code  0x080037a4    0xd8  xfspos.o [3]
  .text              ro code  0x0800387c    0xac  fflush.o [3]
  .text              ro code  0x08003928     0xc  xfgpos.o [3]
  .text              ro code  0x08003934    0x4a  lseek.o [6]
  .text              ro code  0x0800397e    0x10  write.o [6]
  .text              ro code  0x08003990    0xcc  XShHandles.o [3]
  .text              ro code  0x08003a5c    0x1e  dwrite.o [6]
  .text              ro code  0x08003a7a    0x20  iarwstd.o [6]
  .text              ro code  0x08003a9a    0x22  iarwrite.o [6]
  .text              ro code  0x08003abc    0xb4  xfwprep.o [3]
  .text              ro code  0x08003b70    0x24  fseek.o [3]
  .text              ro code  0x08003b94    0x7e  fclose.o [3]
  .text              ro code  0x08003c14    0x7c  xfofind.o [3]
  .text              ro code  0x08003c90     0x4  heaptramp0.o [3]
  .text              ro code  0x08003c94    0x18  close.o [6]
  .text              ro code  0x08003cac    0x14  remove.o [6]
  .text              ro code  0x08003cc0    0x6c  system_stm32l4xx.o [1]
  .text              ro code  0x08003d2c    0x54  fputc.o [3]
  .text              ro code  0x08003d80    0x40  zero_init3.o [5]
  .text              ro code  0x08003dc0    0x3c  xcloseall.o [3]
  .rodata            const    0x08003dfc    0x30  system_stm32l4xx.o [1]
  .text              ro code  0x08003e2c    0x28  data_init.o [5]
  .text              ro code  0x08003e54    0x22  fpinit_M.o [4]
  .iar.init_table    const    0x08003e78    0x20  - Linker created -
  .text              ro code  0x08003e98    0x1e  cmain.o [5]
  .text              ro code  0x08003eb6     0x4  low_level_init.o [3]
  .text              ro code  0x08003eba     0x4  exit.o [3]
  .text              ro code  0x08003ec0     0xe  cexit.o [5]
  .text              ro code  0x08003ed0    0x18  stm32l4xx_hal.o [1]
  .text              ro code  0x08003ee8    0x18  stm32l4xx_it.o [1]
  .text              ro code  0x08003f00    0x16  xprout.o [3]
  .text              ro code  0x08003f18     0xc  putchar.o [3]
  .rodata            const    0x08003f24    0x14  main.o [1]
  .rodata            const    0x08003f38    0x10  main.o [1]
  .rodata            const    0x08003f48    0x10  system_stm32l4xx.o [1]
  .text              ro code  0x08003f58    0x10  startup_stm32l476xx.o [1]
  .text              ro code  0x08003f68     0xc  cstartup_M.o [5]
  .rodata            const    0x08003f74     0x6  xlocale_c.o [3]
  .text              ro code  0x08003f7a     0x4  startup_stm32l476xx.o [1]
  .text              ro code  0x08003f7e     0x4  startup_stm32l476xx.o [1]
  .text              ro code  0x08003f82     0x4  startup_stm32l476xx.o [1]
  .text              ro code  0x08003f86     0x4  startup_stm32l476xx.o [1]
  .text              ro code  0x08003f8a     0x4  startup_stm32l476xx.o [1]
  .text              ro code  0x08003f8e     0x4  startup_stm32l476xx.o [1]
  .text              ro code  0x08003f92     0x4  startup_stm32l476xx.o [1]
  .text              ro code  0x08003f96     0x4  startup_stm32l476xx.o [1]
  .text              ro code  0x08003f9a     0x4  startup_stm32l476xx.o [1]
  .text              ro code  0x08003f9e     0x4  startup_stm32l476xx.o [1]
  .text              ro code  0x08003fa2     0x4  startup_stm32l476xx.o [1]
  .text              ro code  0x08003fa6     0x4  startup_stm32l476xx.o [1]
  .text              ro code  0x08003faa     0x4  startup_stm32l476xx.o [1]
  .text              ro code  0x08003fae     0x4  startup_stm32l476xx.o [1]
  .text              ro code  0x08003fb2     0x4  startup_stm32l476xx.o [1]
  .text              ro code  0x08003fb6     0x4  startup_stm32l476xx.o [1]
  .text              ro code  0x08003fba     0x4  startup_stm32l476xx.o [1]
  .text              ro code  0x08003fbe     0x4  startup_stm32l476xx.o [1]
  .text              ro code  0x08003fc2     0x4  startup_stm32l476xx.o [1]
  .text              ro code  0x08003fc6     0x4  startup_stm32l476xx.o [1]
  .text              ro code  0x08003fca     0x4  startup_stm32l476xx.o [1]
  .text              ro code  0x08003fce     0x4  startup_stm32l476xx.o [1]
  .text              ro code  0x08003fd2     0x4  startup_stm32l476xx.o [1]
  .text              ro code  0x08003fd6     0x4  startup_stm32l476xx.o [1]
  .text              ro code  0x08003fda     0x4  startup_stm32l476xx.o [1]
  .text              ro code  0x08003fde     0x4  startup_stm32l476xx.o [1]
  .text              ro code  0x08003fe2     0x4  startup_stm32l476xx.o [1]
  .text              ro code  0x08003fe6     0x4  startup_stm32l476xx.o [1]
  .text              ro code  0x08003fea     0x4  startup_stm32l476xx.o [1]
  .text              ro code  0x08003fee     0x4  startup_stm32l476xx.o [1]
  .text              ro code  0x08003ff2     0x4  startup_stm32l476xx.o [1]
  .text              ro code  0x08003ff6     0x4  startup_stm32l476xx.o [1]
  .text              ro code  0x08003ffa     0x4  startup_stm32l476xx.o [1]
  .text              ro code  0x08003ffe     0x4  startup_stm32l476xx.o [1]
  .text              ro code  0x08004002     0x4  startup_stm32l476xx.o [1]
  .text              ro code  0x08004006     0x4  startup_stm32l476xx.o [1]
  .text              ro code  0x0800400a     0x4  startup_stm32l476xx.o [1]
  .text              ro code  0x0800400e     0x4  startup_stm32l476xx.o [1]
  .text              ro code  0x08004012     0x4  startup_stm32l476xx.o [1]
  .text              ro code  0x08004016     0x4  startup_stm32l476xx.o [1]
  .text              ro code  0x0800401a     0x4  startup_stm32l476xx.o [1]
  .text              ro code  0x0800401e     0x4  startup_stm32l476xx.o [1]
  .text              ro code  0x08004022     0x4  startup_stm32l476xx.o [1]
  .text              ro code  0x08004026     0x4  startup_stm32l476xx.o [1]
  .text              ro code  0x0800402a     0x4  startup_stm32l476xx.o [1]
  .text              ro code  0x0800402e     0x4  startup_stm32l476xx.o [1]
  .text              ro code  0x08004032     0x4  startup_stm32l476xx.o [1]
  .text              ro code  0x08004036     0x4  startup_stm32l476xx.o [1]
  .text              ro code  0x0800403a     0x4  startup_stm32l476xx.o [1]
  .text              ro code  0x0800403e     0x4  startup_stm32l476xx.o [1]
  .text              ro code  0x08004042     0x4  startup_stm32l476xx.o [1]
  .text              ro code  0x08004046     0x4  startup_stm32l476xx.o [1]
  .text              ro code  0x0800404a     0x4  startup_stm32l476xx.o [1]
  .text              ro code  0x0800404e     0x4  startup_stm32l476xx.o [1]
  .text              ro code  0x08004052     0x4  startup_stm32l476xx.o [1]
  .text              ro code  0x08004056     0x4  startup_stm32l476xx.o [1]
  .text              ro code  0x0800405a     0x4  startup_stm32l476xx.o [1]
  .text              ro code  0x0800405e     0x4  startup_stm32l476xx.o [1]
  .text              ro code  0x08004062     0x4  startup_stm32l476xx.o [1]
  .text              ro code  0x08004066     0x4  startup_stm32l476xx.o [1]
  .text              ro code  0x0800406a     0x4  startup_stm32l476xx.o [1]
  .text              ro code  0x0800406e     0x4  startup_stm32l476xx.o [1]
  .text              ro code  0x08004072     0x4  startup_stm32l476xx.o [1]
  .text              ro code  0x08004076     0x4  startup_stm32l476xx.o [1]
  .text              ro code  0x0800407a     0x4  startup_stm32l476xx.o [1]
  .text              ro code  0x0800407e     0x4  startup_stm32l476xx.o [1]
  .text              ro code  0x08004082     0x4  startup_stm32l476xx.o [1]
  .text              ro code  0x08004086     0x4  startup_stm32l476xx.o [1]
  .text              ro code  0x0800408a     0x4  startup_stm32l476xx.o [1]
  .text              ro code  0x0800408e     0x4  startup_stm32l476xx.o [1]
  .text              ro code  0x08004092     0x4  startup_stm32l476xx.o [1]
  .text              ro code  0x08004096     0x4  startup_stm32l476xx.o [1]
  .text              ro code  0x0800409a     0x4  startup_stm32l476xx.o [1]
  .text              ro code  0x0800409e     0x4  startup_stm32l476xx.o [1]
  .text              ro code  0x080040a2     0x4  startup_stm32l476xx.o [1]
  .text              ro code  0x080040a6     0x4  startup_stm32l476xx.o [1]
  .text              ro code  0x080040aa     0x4  startup_stm32l476xx.o [1]
  .text              ro code  0x080040ae     0x4  startup_stm32l476xx.o [1]
  .text              ro code  0x080040b2     0x4  startup_stm32l476xx.o [1]
  .text              ro code  0x080040b6     0x4  startup_stm32l476xx.o [1]
  .text              ro code  0x080040ba     0x4  startup_stm32l476xx.o [1]
  .text              ro code  0x080040c0     0x0  cstart_closeall.o [5]
  .rodata            const    0x080040c0     0x0  zero_init3.o [5]
  .rodata            const    0x080040c0     0x0  lz77_init_single.o [5]
  Initializer bytes  const    0x080040c0    0xa0  <for P2-P3-1>
                            - 0x08004160  0x3fd8

"P2-P3", part 1 of 3:                      0x1a0
  P2-P3-1                     0x20000000   0x1a0  <Init block>
    .data            inited   0x20000000    0x14  main.o [1]
    .data            inited   0x20000014     0x4  stm32l4xx_hal.o [1]
    .data            inited   0x20000018     0x4  stm32l4xx_hal.o [1]
    .data            inited   0x2000001c     0x4  system_stm32l4xx.o [1]
    .data            inited   0x20000020    0x38  xlocale_c.o [3]
    .data            inited   0x20000058    0x48  xlocale_c.o [3]
    .data            inited   0x200000a0    0x48  xfiles.o [3]
    .data            inited   0x200000e8    0x48  xfiles.o [3]
    .data            inited   0x20000130    0x48  xfiles.o [3]
    .data            inited   0x20000178    0x20  xfiles.o [3]
    .data            inited   0x20000198     0x8  XShttio.o [3]
                            - 0x200001a0   0x1a0

"P2-P3", part 2 of 3:                      0x1b0
  .bss               zero     0x200001a0    0x80  XShHandles.o [3]
  .bss               zero     0x20000220    0x64  main.o [1]
  .bss               zero     0x20000284    0x50  xfiles.o [3]
  .bss               zero     0x200002d4    0x50  xfiles.o [3]
  .bss               zero     0x20000324    0x14  main.o [1]
  .bss               zero     0x20000338     0x8  heap0.o [3]
  .bss               zero     0x20000340     0x4  stm32l4xx_hal.o [1]
  .bss               zero     0x20000344     0x4  xfail_s.o [3]
  .bss               zero     0x20000348     0x4  xgetmemchunk.o [3]
  .bss               zero     0x2000034c     0x1  XShttio.o [3]
                            - 0x2000034d   0x1ad

"P2-P3", part 3 of 3:                      0x600
  CSTACK                      0x20000350   0x400  <Block>
    CSTACK           uninit   0x20000350   0x400  <Block tail>
  HEAP                        0x20000750   0x200  <Block>
    HEAP             uninit   0x20000750   0x200  <Block tail>
                            - 0x20000950   0x600


*******************************************************************************
*** INIT TABLE
***

          Address     Size
          -------     ----
Zero (__iar_zero_init3)
    1 destination range, total size 0x1ad:
          0x200001a0  0x1ad

Copy/lz77 (__iar_lz77_init_single3)
    1 source range, total size 0xa0 (38% of destination):
          0x080040c0   0xa0
    1 destination range, total size 0x1a0:
          0x20000000  0x1a0



*******************************************************************************
*** MODULE SUMMARY
***

    Module                  ro code  ro data  rw data
    ------                  -------  -------  -------
C:\Users\bayrem.gharsallaoui\Documents\STM32L4_Projects\spi_polling\EWARM\spi_polling\Obj: [1]
    main.o                      368       43      140
    startup_stm32l476xx.o       732
    stm32l4xx_hal.o             212        3       12
    stm32l4xx_hal_cortex.o      292
    stm32l4xx_hal_gpio.o        540
    stm32l4xx_hal_msp.o         180
    stm32l4xx_hal_pwr_ex.o      168
    stm32l4xx_hal_rcc.o       2 484
    stm32l4xx_hal_spi.o       1 512
    stm32l4xx_it.o               24
    system_stm32l4xx.o          108       66        4
    -------------------------------------------------
    Total:                    6 620      112      156

command line: [2]
    -------------------------------------------------
    Total:

dl7M_tlf.a: [3]
    XShHandles.o                204               128
    XShttio.o                    60        4        9
    abort.o                       6
    exit.o                        4
    fclose.o                    126
    fflush.o                    172
    fputc.o                      84
    fseek.o                      36
    heap0.o                     320                 8
    heaptramp0.o                  4
    low_level_init.o              4
    printf.o                     40
    putchar.o                    12
    xcloseall.o                  60
    xencoding_8859_1.o           30
    xfail_s.o                    68                 4
    xfgpos.o                     12
    xfiles.o                              95      408
    xfofind.o                   124
    xfspos.o                    216
    xfwprep.o                   180
    xgetmemchunk.o               44                 4
    xlocale_c.o                 120       55      128
    xmbcurmax.o                  10
    xprintffull.o             3 918
    xprout.o                     22
    -------------------------------------------------
    Total:                    5 876      154      689

m7M_tls.a: [4]
    DblAdd.o                    360
    DblCmpGe.o                   46
    DblCmpLe.o                   46
    DblDiv.o                    582
    DblMul.o                    418
    DblSub.o                    226
    DblToS32.o                   58
    DblToU32.o                   40
    S32ToDbl.o                   34
    U32ToDbl.o                   26
    fpinit_M.o                   34
    frexp.o                     112
    ldexp.o                     314
    -------------------------------------------------
    Total:                    2 296

rt7M_tl.a: [5]
    ABImemclr4.o                  6
    ABImemcpy.o                 166
    ABImemset48.o                50
    I64DivMod.o                 558
    I64DivZer.o                   2
    cexit.o                      14
    cmain.o                      30
    cstart_closeall.o
    cstartup_M.o                 12
    data_init.o                  40
    lz77_init_single.o          122
    memchr.o                     88
    strchr.o                     22
    strlen.o                     54
    zero_init3.o                 64
    -------------------------------------------------
    Total:                    1 228

shb_l.a: [6]
    close.o                      24
    dwrite.o                     30
    exit.o                       20
    iarttio.o                   124
    iarwrite.o                   34
    iarwstd.o                    32
    lseek.o                      74
    remove.o                     20
    write.o                      16
    -------------------------------------------------
    Total:                      374

    Gaps                         42        2
    Linker created                        32    1 536
-----------------------------------------------------
    Grand Total:             16 436      300    2 381


*******************************************************************************
*** ENTRY LIST
***

Entry                      Address   Size  Type      Object
-----                      -------   ----  ----      ------
.iar.init_table$$Base   0x08003e78          --   Gb  - Linker created -
.iar.init_table$$Limit  0x08003e98          --   Gb  - Linker created -
?main                   0x08003e99         Code  Gb  cmain.o [5]
AHBPrescTable           0x08003f48   0x10  Data  Gb  system_stm32l4xx.o [1]
Aldata                  0x20000338    0x8  Data  Lc  heap0.o [3]
BusFault_Handler        0x08003eef    0x2  Code  Gb  stm32l4xx_it.o [1]
CSTACK$$Base            0x20000350          --   Gb  - Linker created -
CSTACK$$Limit           0x20000750          --   Gb  - Linker created -
CacheMore               0x08001155   0x24  Code  Lc  xlocale_c.o [3]
DebugMon_Handler        0x08003ef5    0x2  Code  Gb  stm32l4xx_it.o [1]
Error_Handler           0x0800359f    0xa  Code  Gb  main.o [1]
HAL_Delay               0x08003611   0x28  Code  Wk  stm32l4xx_hal.o [1]
HAL_GPIO_Init           0x08003205  0x1ec  Code  Gb  stm32l4xx_hal_gpio.o [1]
HAL_GetTick             0x08002989    0xc  Code  Wk  stm32l4xx_hal.o [1]
HAL_IncTick             0x08003ed1   0x18  Code  Wk  stm32l4xx_hal.o [1]
HAL_Init                0x080035c5   0x24  Code  Gb  stm32l4xx_hal.o [1]
HAL_InitTick            0x08002925   0x64  Code  Wk  stm32l4xx_hal.o [1]
HAL_MspInit             0x08003149   0x36  Code  Gb  stm32l4xx_hal_msp.o [1]
HAL_NVIC_SetPriority    0x08002b0f   0x2a  Code  Gb  stm32l4xx_hal_cortex.o [1]
HAL_NVIC_SetPriorityGrouping
                        0x08002b03    0xc  Code  Gb  stm32l4xx_hal_cortex.o [1]
HAL_PWREx_ControlVoltageScaling
                        0x080029a1   0x8a  Code  Gb  stm32l4xx_hal_pwr_ex.o [1]
HAL_PWREx_GetVoltageRange
                        0x08002995    0xc  Code  Gb  stm32l4xx_hal_pwr_ex.o [1]
HAL_RCC_ClockConfig     0x08002609  0x164  Code  Gb  stm32l4xx_hal_rcc.o [1]
HAL_RCC_GetSysClockFreq
                        0x0800276d   0xdc  Code  Gb  stm32l4xx_hal_rcc.o [1]
HAL_RCC_OscConfig       0x08001f71  0x698  Code  Gb  stm32l4xx_hal_rcc.o [1]
HAL_SPI_Init            0x08002b61   0xc8  Code  Gb  stm32l4xx_hal_spi.o [1]
HAL_SPI_MspInit         0x0800317f   0x68  Code  Gb  stm32l4xx_hal_msp.o [1]
HAL_SPI_TransmitReceive
                        0x08002c29  0x370  Code  Gb  stm32l4xx_hal_spi.o [1]
HAL_SYSTICK_Config      0x08002b39    0xc  Code  Gb  stm32l4xx_hal_cortex.o [1]
HEAP$$Base              0x20000750          --   Gb  - Linker created -
HEAP$$Limit             0x20000950          --   Gb  - Linker created -
HardFault_Handler       0x08003eeb    0x2  Code  Gb  stm32l4xx_it.o [1]
LoadInt                 0x08000357   0x7a  Code  Lc  xprintffull.o [3]
MSIRangeTable           0x08003dfc   0x30  Data  Gb  system_stm32l4xx.o [1]
MX_GPIO_Init            0x08003581   0x1e  Code  Lc  main.o [1]
MX_SPI1_Init            0x08003515   0x6c  Code  Lc  main.o [1]
MemManage_Handler       0x08003eed    0x2  Code  Gb  stm32l4xx_it.o [1]
NMI_Handler             0x08003ee9    0x2  Code  Gb  stm32l4xx_it.o [1]
NVIC_EncodePriority     0x08002a91   0x42  Code  Lc  stm32l4xx_hal_cortex.o [1]
PendSV_Handler          0x08003ef7    0x2  Code  Gb  stm32l4xx_it.o [1]
RCC_SetFlashLatencyFromMSIRange
                        0x0800285d   0x98  Code  Lc  stm32l4xx_hal_rcc.o [1]
Region$$Table$$Base     0x08003e78          --   Gb  - Linker created -
Region$$Table$$Limit    0x08003e98          --   Gb  - Linker created -
SPI_EndRxTxTransaction  0x080030df   0x6a  Code  Lc  stm32l4xx_hal_spi.o [1]
SPI_WaitFifoStateUntilTimeout
                        0x0800303b   0xa4  Code  Lc  stm32l4xx_hal_spi.o [1]
SPI_WaitFlagStateUntilTimeout
                        0x08002f99   0xa2  Code  Lc  stm32l4xx_hal_spi.o [1]
SVC_Handler             0x08003ef3    0x2  Code  Gb  stm32l4xx_it.o [1]
SysTick_Config          0x08002ad3   0x30  Code  Lc  stm32l4xx_hal_cortex.o [1]
SysTick_Handler         0x08003ef9    0x8  Code  Gb  stm32l4xx_it.o [1]
SystemClock_Config      0x0800348f   0x86  Code  Gb  main.o [1]
SystemCoreClock         0x2000001c    0x4  Data  Gb  system_stm32l4xx.o [1]
SystemInit              0x08003cc1   0x4e  Code  Gb  system_stm32l4xx.o [1]
UsageFault_Handler      0x08003ef1    0x2  Code  Gb  stm32l4xx_it.o [1]
_Close_all              0x08003dc1   0x3c  Code  Gb  xcloseall.o [3]
_Encoding_8859_1_Mbrlen
                        0x080011f1    0x2  Code  Gb  xencoding_8859_1.o [3]
_Encoding_8859_1_Wctomb
                        0x080011df   0x12  Code  Gb  xencoding_8859_1.o [3]
_Files                  0x20000178   0x20  Data  Gb  xfiles.o [3]
_Fofree                 0x08003c15   0x78  Code  Gb  xfofind.o [3]
_Fspos                  0x080037a5   0xd8  Code  Gb  xfspos.o [3]
_Fwprep                 0x08003abd   0xb4  Code  Gb  xfwprep.o [3]
_GenldFull              0x08000dd7  0x250  Code  Lc  xprintffull.o [3]
_LdtobFull              0x080009ad  0x3fe  Code  Lc  xprintffull.o [3]
_LitobFull              0x08000855  0x112  Code  Lc  xprintffull.o [3]
_Locale_lconv           0x20000020   0x38  Data  Lc  xlocale_c.o [3]
_Nnl                    0x08003929    0xc  Code  Gb  xfgpos.o [3]
_PrintfFull             0x08000189  0x1b8  Code  Gb  xprintffull.o [3]
_Prout                  0x08003f01   0x16  Code  Gb  xprout.o [3]
_PutcharsFull           0x08001027   0x2e  Code  Lc  xprintffull.o [3]
_PutfldFull             0x080003d1  0x2d0  Code  Lc  xprintffull.o [3]
_PutstrFull             0x08000797   0xbe  Code  Lc  xprintffull.o [3]
_PuttxtFull             0x080006a1   0xf6  Code  Lc  xprintffull.o [3]
__NVIC_GetPriorityGrouping
                        0x08002a5f    0xc  Code  Lc  stm32l4xx_hal_cortex.o [1]
__NVIC_SetPriority      0x08002a6b   0x26  Code  Lc  stm32l4xx_hal_cortex.o [1]
__NVIC_SetPriorityGrouping
                        0x08002a3d   0x22  Code  Lc  stm32l4xx_hal_cortex.o [1]
__aeabi_cdcmple         0x080017c9         Code  Gb  DblCmpLe.o [4]
__aeabi_cdrcmple        0x080017f9         Code  Gb  DblCmpGe.o [4]
__aeabi_d2iz            0x08001965         Code  Gb  DblToS32.o [4]
__aeabi_d2uiz           0x08001cf1         Code  Gb  DblToU32.o [4]
__aeabi_ddiv            0x08001aa9         Code  Gb  DblDiv.o [4]
__aeabi_dmul            0x080015b5         Code  Gb  DblMul.o [4]
__aeabi_dsub            0x080019c5         Code  Gb  DblSub.o [4]
__aeabi_i2d             0x080019a1         Code  Gb  S32ToDbl.o [4]
__aeabi_ldiv0           0x08001d39         Code  Gb  I64DivZer.o [5]
__aeabi_memclr4         0x080031fd         Code  Gb  ABImemclr4.o [5]
__aeabi_memcpy          0x080012dd         Code  Gb  ABImemcpy.o [5]
__aeabi_memcpy4         0x080012fd         Code  Gb  ABImemcpy.o [5]
__aeabi_memcpy8         0x080012fd         Code  Gb  ABImemcpy.o [5]
__aeabi_ui2d            0x08001d19         Code  Gb  U32ToDbl.o [4]
__aeabi_uldivmod        0x08001385         Code  Gb  I64DivMod.o [5]
__basic_free            0x080036e5   0x16  Code  Gb  heap0.o [3]
__basic_free_intern     0x080036fb   0x7a  Code  Lc  heap0.o [3]
__basic_malloc          0x08003639   0x18  Code  Gb  heap0.o [3]
__basic_malloc_intern   0x08003651   0x94  Code  Lc  heap0.o [3]
__cexit_closeall        0x08003ec3         Code  Gb  cexit.o [5]
__close                 0x08003c95   0x18  Code  Gb  close.o [6]
__cmain                 0x08003e99         Code  Gb  cmain.o [5]
__cstart_closeall       0x080040c0         Data  Gb  cstart_closeall.o [5]
__data_GetMemChunk      0x08003779   0x2c  Code  Gb  xgetmemchunk.o [3]
__data_GetMemChunk::start
                        0x20000348    0x4  Data  Lc  xgetmemchunk.o [3]
__dwrite                0x08003a5d   0x1e  Code  Gb  dwrite.o [6]
__exit                  0x08001ea5   0x14  Code  Gb  exit.o [6]
__iar_Fail_s            0x080011fd   0x1e  Code  Gb  xfail_s.o [3]
__iar_Mbcurmax          0x080012d1    0xa  Code  Gb  xmbcurmax.o [3]
__iar_Memchr            0x08001279         Code  Gb  memchr.o [5]
__iar_Memset4_word      0x08003421         Code  Gb  ABImemset48.o [5]
__iar_Memset8_word      0x08003421         Code  Gb  ABImemset48.o [5]
__iar_Stderr            0x20000130   0x48  Data  Gb  xfiles.o [3]
__iar_Stdin             0x200000a0   0x48  Data  Gb  xfiles.o [3]
__iar_Stdout            0x200000e8   0x48  Data  Gb  xfiles.o [3]
__iar_Strchr            0x080011c9         Code  Gb  strchr.o [5]
__iar_close_ttio        0x08001eb9   0x2c  Code  Gb  iarttio.o [6]
__iar_dadd              0x080019d5         Code  Gb  DblSub.o [4]
__iar_data_init3        0x08003e2d   0x28  Code  Gb  data_init.o [5]
__iar_dsub              0x08001d3d         Code  Gb  DblAdd.o [4]
__iar_dsubStart         0x08001d4f         Code  Gb  DblAdd.o [4]
__iar_frexp             0x08001765         Code  Gb  frexp.o [4]
__iar_frexpl            0x08001765         Code  Gb  frexp.o [4]
__iar_get_ttio          0x08001ee5   0x4c  Code  Gb  iarttio.o [6]
__iar_globLocale        0x20000058   0x48  Data  Lc  xlocale_c.o [3]
__iar_global_Locale     0x08001151    0x4  Code  Gb  xlocale_c.o [3]
__iar_init_vfp          0x08003e55         Code  Gb  fpinit_M.o [4]
__iar_ldexp64           0x08001829         Code  Gb  ldexp.o [4]
__iar_lookup_ttioh      0x08001f63    0x4  Code  Gb  XShttio.o [3]
__iar_lz77_init_single3
                        0x080010d7   0x7a  Code  Gb  lz77_init_single.o [5]
__iar_program_start     0x08003f69         Code  Gb  cstartup_M.o [5]
__iar_scalbln64         0x08001829         Code  Gb  ldexp.o [4]
__iar_scalbn64          0x08001829         Code  Gb  ldexp.o [4]
__iar_sh_Discard        0x08003991   0x42  Code  Gb  XShHandles.o [3]
__iar_sh_Move           0x080039d3   0x46  Code  Gb  XShHandles.o [3]
__iar_sh_Pos            0x08003a19   0x3e  Code  Gb  XShHandles.o [3]
__iar_sh_stdout         0x08003a7b   0x20  Code  Gb  iarwstd.o [6]
__iar_sh_write          0x08003a9b   0x22  Code  Gb  iarwrite.o [6]
__iar_softfp___iar_frexp64
                        0x08001759         Code  Gb  frexp.o [4]
__iar_softfp_frexp      0x08001759         Code  Gb  frexp.o [4]
__iar_softfp_frexpl     0x08001759         Code  Gb  frexp.o [4]
__iar_systems$$module {Abs}
                        0x00000001         Data  Gb  command line/config [2]
__iar_ttio_guard_lock   0x08001f35   0x1e  Code  Gb  XShttio.o [3]
__iar_ttio_guard_unlock
                        0x08001f53   0x10  Code  Gb  XShttio.o [3]
__iar_ttio_handles      0x20000198    0x8  Data  Lc  XShttio.o [3]
__iar_zero_init3        0x08003d81   0x40  Code  Gb  zero_init3.o [5]
__low_level_init        0x08003eb7    0x4  Code  Gb  low_level_init.o [3]
__lseek                 0x08003935   0x4a  Code  Gb  lseek.o [6]
__vector_table          0x08000000         Data  Gb  startup_stm32l476xx.o [1]
__write                 0x0800397f   0x10  Code  Gb  write.o [6]
_call_main              0x08003ea5         Code  Gb  cmain.o [5]
_exit                   0x08003ec1         Code  Gb  cexit.o [5]
_gLocale_mblen          0x080011b1    0x4  Code  Gb  xlocale_c.o [3]
_gLocale_mblenInt       0x08001179   0x34  Code  Gb  xlocale_c.o [3]
_gLocale_wctomb         0x080011b5    0x4  Code  Gb  xlocale_c.o [3]
_gLocale_wctombInt      0x080011ad    0x4  Code  Gb  xlocale_c.o [3]
_main                   0x08003eb3         Code  Gb  cmain.o [5]
aRxBuffer               0x20000324   0x14  Data  Gb  main.o [1]
aTxBuffer               0x20000000   0x14  Data  Gb  main.o [1]
abort                   0x08001d33    0x6  Code  Gb  abort.o [3]
ebuf                    0x20000284   0x50  Data  Lc  xfiles.o [3]
exit                    0x08003ebb    0x4  Code  Gb  exit.o [3]
fclose                  0x08003b95   0x7e  Code  Gb  fclose.o [3]
fflush                  0x080038f1   0x34  Code  Gb  fflush.o [3]
fflushOne               0x0800387d   0x74  Code  Lc  fflush.o [3]
fputc                   0x08003d2d   0x54  Code  Gb  fputc.o [3]
free                    0x08003c91    0x4  Code  Gb  heaptramp0.o [3]
fseek                   0x08003b71   0x24  Code  Gb  fseek.o [3]
hspi1                   0x20000220   0x64  Data  Gb  main.o [1]
ldexp                   0x08001829         Code  Gb  ldexp.o [4]
ldexpl                  0x08001829         Code  Gb  ldexp.o [4]
localeconv              0x080011b9    0x4  Code  Gb  xlocale_c.o [3]
main                    0x08003455   0x3a  Code  Gb  main.o [1]
memchr                  0x08001279         Code  Gb  memchr.o [5]
obuf                    0x200002d4   0x50  Data  Lc  xfiles.o [3]
printf                  0x080035e9   0x28  Code  Gb  printf.o [3]
putchar                 0x08003f19    0xc  Code  Gb  putchar.o [3]
remove                  0x08003cad   0x14  Code  Gb  remove.o [6]
sFileInfo               0x200001a0   0x80  Data  Lc  XShHandles.o [3]
scalbln                 0x08001829         Code  Gb  ldexp.o [4]
scalblnl                0x08001829         Code  Gb  ldexp.o [4]
scalbn                  0x08001829         Code  Gb  ldexp.o [4]
scalbnl                 0x08001829         Code  Gb  ldexp.o [4]
scale                   0x08000967   0x46  Code  Lc  xprintffull.o [3]
sec_hand                0x20000344    0x4  Data  Lc  xfail_s.o [3]
strchr                  0x080011c9         Code  Gb  strchr.o [5]
strlen                  0x08001241         Code  Gb  strlen.o [5]
ttio_guard              0x2000034c    0x1  Data  Lc  XShttio.o [3]
uwTick                  0x20000340    0x4  Data  Gb  stm32l4xx_hal.o [1]
uwTickFreq              0x20000018    0x4  Data  Gb  stm32l4xx_hal.o [1]
uwTickPrio              0x20000014    0x4  Data  Gb  stm32l4xx_hal.o [1]


[1] = C:\Users\bayrem.gharsallaoui\Documents\STM32L4_Projects\spi_polling\EWARM\spi_polling\Obj
[2] = command line
[3] = dl7M_tlf.a
[4] = m7M_tls.a
[5] = rt7M_tl.a
[6] = shb_l.a

  16 436 bytes of readonly  code memory
     300 bytes of readonly  data memory
   2 381 bytes of readwrite data memory

Errors: none
Warnings: none
